<?xml version="1.0"?>
<link_info>
   <banner>TI ARM Linker PC v15.12.1.LTS</banner>
   <copyright>Copyright (c) 1996-2015 Texas Instruments Incorporated</copyright>
   <link_time>0x57c7568a</link_time>
   <link_errors>0x0</link_errors>
   <output_file>i2c_demo.out</output_file>
   <entry_point>
      <name>_c_int00</name>
      <address>0x20007a9d</address>
   </entry_point>
   <input_file_list>
      <input_file id="fl-2">
         <path>.\</path>
         <kind>object</kind>
         <file>i2c_if.obj</file>
         <name>i2c_if.obj</name>
      </input_file>
      <input_file id="fl-3">
         <path>.\</path>
         <kind>object</kind>
         <file>main.obj</file>
         <name>main.obj</name>
      </input_file>
      <input_file id="fl-4">
         <path>.\</path>
         <kind>object</kind>
         <file>pinmux.obj</file>
         <name>pinmux.obj</name>
      </input_file>
      <input_file id="fl-5">
         <path>.\</path>
         <kind>object</kind>
         <file>startup_ccs.obj</file>
         <name>startup_ccs.obj</name>
      </input_file>
      <input_file id="fl-6">
         <path>.\</path>
         <kind>object</kind>
         <file>uart_if.obj</file>
         <name>uart_if.obj</name>
      </input_file>
      <input_file id="fl-c1">
         <path>C:\TI\ccsv6\tools\compiler\ti-cgt-arm_15.12.1.LTS\lib\</path>
         <kind>archive</kind>
         <file>rtsv7M4_T_le_eabi.lib</file>
         <name>boot.obj</name>
      </input_file>
      <input_file id="fl-c2">
         <path>C:\TI\ccsv6\tools\compiler\ti-cgt-arm_15.12.1.LTS\lib\</path>
         <kind>archive</kind>
         <file>rtsv7M4_T_le_eabi.lib</file>
         <name>copy_decompress_none.obj</name>
      </input_file>
      <input_file id="fl-c3">
         <path>C:\TI\ccsv6\tools\compiler\ti-cgt-arm_15.12.1.LTS\lib\</path>
         <kind>archive</kind>
         <file>rtsv7M4_T_le_eabi.lib</file>
         <name>copy_decompress_rle.obj</name>
      </input_file>
      <input_file id="fl-c4">
         <path>C:\TI\ccsv6\tools\compiler\ti-cgt-arm_15.12.1.LTS\lib\</path>
         <kind>archive</kind>
         <file>rtsv7M4_T_le_eabi.lib</file>
         <name>copy_zero_init.obj</name>
      </input_file>
      <input_file id="fl-c5">
         <path>C:\TI\ccsv6\tools\compiler\ti-cgt-arm_15.12.1.LTS\lib\</path>
         <kind>archive</kind>
         <file>rtsv7M4_T_le_eabi.lib</file>
         <name>exit.obj</name>
      </input_file>
      <input_file id="fl-c6">
         <path>C:\TI\ccsv6\tools\compiler\ti-cgt-arm_15.12.1.LTS\lib\</path>
         <kind>archive</kind>
         <file>rtsv7M4_T_le_eabi.lib</file>
         <name>memcpy_t2.obj</name>
      </input_file>
      <input_file id="fl-c7">
         <path>C:\TI\ccsv6\tools\compiler\ti-cgt-arm_15.12.1.LTS\lib\</path>
         <kind>archive</kind>
         <file>rtsv7M4_T_le_eabi.lib</file>
         <name>memmov.obj</name>
      </input_file>
      <input_file id="fl-c8">
         <path>C:\TI\ccsv6\tools\compiler\ti-cgt-arm_15.12.1.LTS\lib\</path>
         <kind>archive</kind>
         <file>rtsv7M4_T_le_eabi.lib</file>
         <name>memory.obj</name>
      </input_file>
      <input_file id="fl-c9">
         <path>C:\TI\ccsv6\tools\compiler\ti-cgt-arm_15.12.1.LTS\lib\</path>
         <kind>archive</kind>
         <file>rtsv7M4_T_le_eabi.lib</file>
         <name>memset_t2.obj</name>
      </input_file>
      <input_file id="fl-ca">
         <path>C:\TI\ccsv6\tools\compiler\ti-cgt-arm_15.12.1.LTS\lib\</path>
         <kind>archive</kind>
         <file>rtsv7M4_T_le_eabi.lib</file>
         <name>mpu_init.obj</name>
      </input_file>
      <input_file id="fl-cb">
         <path>C:\TI\ccsv6\tools\compiler\ti-cgt-arm_15.12.1.LTS\lib\</path>
         <kind>archive</kind>
         <file>rtsv7M4_T_le_eabi.lib</file>
         <name>pre_init.obj</name>
      </input_file>
      <input_file id="fl-cc">
         <path>C:\TI\ccsv6\tools\compiler\ti-cgt-arm_15.12.1.LTS\lib\</path>
         <kind>archive</kind>
         <file>rtsv7M4_T_le_eabi.lib</file>
         <name>stkdepth_vars.obj</name>
      </input_file>
      <input_file id="fl-cd">
         <path>C:\TI\ccsv6\tools\compiler\ti-cgt-arm_15.12.1.LTS\lib\</path>
         <kind>archive</kind>
         <file>rtsv7M4_T_le_eabi.lib</file>
         <name>strcmp.obj</name>
      </input_file>
      <input_file id="fl-ce">
         <path>C:\TI\ccsv6\tools\compiler\ti-cgt-arm_15.12.1.LTS\lib\</path>
         <kind>archive</kind>
         <file>rtsv7M4_T_le_eabi.lib</file>
         <name>strlen.obj</name>
      </input_file>
      <input_file id="fl-cf">
         <path>C:\TI\ccsv6\tools\compiler\ti-cgt-arm_15.12.1.LTS\lib\</path>
         <kind>archive</kind>
         <file>rtsv7M4_T_le_eabi.lib</file>
         <name>strtok.obj</name>
      </input_file>
      <input_file id="fl-d0">
         <path>C:\TI\ccsv6\tools\compiler\ti-cgt-arm_15.12.1.LTS\lib\</path>
         <kind>archive</kind>
         <file>rtsv7M4_T_le_eabi.lib</file>
         <name>strtoul.obj</name>
      </input_file>
      <input_file id="fl-d1">
         <path>C:\TI\ccsv6\tools\compiler\ti-cgt-arm_15.12.1.LTS\lib\</path>
         <kind>archive</kind>
         <file>rtsv7M4_T_le_eabi.lib</file>
         <name>vsnprintf.obj</name>
      </input_file>
      <input_file id="fl-d2">
         <path>C:\TI\ccsv6\tools\compiler\ti-cgt-arm_15.12.1.LTS\lib\</path>
         <kind>archive</kind>
         <file>rtsv7M4_T_le_eabi.lib</file>
         <name>_lock.obj</name>
      </input_file>
      <input_file id="fl-d3">
         <path>C:\TI\ccsv6\tools\compiler\ti-cgt-arm_15.12.1.LTS\lib\</path>
         <kind>archive</kind>
         <file>rtsv7M4_T_le_eabi.lib</file>
         <name>_printfi.obj</name>
      </input_file>
      <input_file id="fl-d4">
         <path>C:\TI\ccsv6\tools\compiler\ti-cgt-arm_15.12.1.LTS\lib\</path>
         <kind>archive</kind>
         <file>rtsv7M4_T_le_eabi.lib</file>
         <name>args_main.obj</name>
      </input_file>
      <input_file id="fl-d5">
         <path>C:\TI\ccsv6\tools\compiler\ti-cgt-arm_15.12.1.LTS\lib\</path>
         <kind>archive</kind>
         <file>rtsv7M4_T_le_eabi.lib</file>
         <name>atoi.obj</name>
      </input_file>
      <input_file id="fl-d6">
         <path>C:\TI\ccsv6\tools\compiler\ti-cgt-arm_15.12.1.LTS\lib\</path>
         <kind>archive</kind>
         <file>rtsv7M4_T_le_eabi.lib</file>
         <name>autoinit.obj</name>
      </input_file>
      <input_file id="fl-d7">
         <path>C:\TI\ccsv6\tools\compiler\ti-cgt-arm_15.12.1.LTS\lib\</path>
         <kind>archive</kind>
         <file>rtsv7M4_T_le_eabi.lib</file>
         <name>cpy_tbl.obj</name>
      </input_file>
      <input_file id="fl-d8">
         <path>C:\TI\ccsv6\tools\compiler\ti-cgt-arm_15.12.1.LTS\lib\</path>
         <kind>archive</kind>
         <file>rtsv7M4_T_le_eabi.lib</file>
         <name>ctype.obj</name>
      </input_file>
      <input_file id="fl-d9">
         <path>C:\TI\ccsv6\tools\compiler\ti-cgt-arm_15.12.1.LTS\lib\</path>
         <kind>archive</kind>
         <file>rtsv7M4_T_le_eabi.lib</file>
         <name>errno.obj</name>
      </input_file>
      <input_file id="fl-da">
         <path>C:\TI\ccsv6\tools\compiler\ti-cgt-arm_15.12.1.LTS\lib\</path>
         <kind>archive</kind>
         <file>rtsv7M4_T_le_eabi.lib</file>
         <name>fd_add_t2.obj</name>
      </input_file>
      <input_file id="fl-db">
         <path>C:\TI\ccsv6\tools\compiler\ti-cgt-arm_15.12.1.LTS\lib\</path>
         <kind>archive</kind>
         <file>rtsv7M4_T_le_eabi.lib</file>
         <name>fd_cmp_t2.obj</name>
      </input_file>
      <input_file id="fl-dc">
         <path>C:\TI\ccsv6\tools\compiler\ti-cgt-arm_15.12.1.LTS\lib\</path>
         <kind>archive</kind>
         <file>rtsv7M4_T_le_eabi.lib</file>
         <name>fd_div_t2.obj</name>
      </input_file>
      <input_file id="fl-dd">
         <path>C:\TI\ccsv6\tools\compiler\ti-cgt-arm_15.12.1.LTS\lib\</path>
         <kind>archive</kind>
         <file>rtsv7M4_T_le_eabi.lib</file>
         <name>fd_mul_t2.obj</name>
      </input_file>
      <input_file id="fl-de">
         <path>C:\TI\ccsv6\tools\compiler\ti-cgt-arm_15.12.1.LTS\lib\</path>
         <kind>archive</kind>
         <file>rtsv7M4_T_le_eabi.lib</file>
         <name>fd_toi_t2.obj</name>
      </input_file>
      <input_file id="fl-df">
         <path>C:\TI\ccsv6\tools\compiler\ti-cgt-arm_15.12.1.LTS\lib\</path>
         <kind>archive</kind>
         <file>rtsv7M4_T_le_eabi.lib</file>
         <name>i_tofd_t2.obj</name>
      </input_file>
      <input_file id="fl-e0">
         <path>C:\TI\ccsv6\tools\compiler\ti-cgt-arm_15.12.1.LTS\lib\</path>
         <kind>archive</kind>
         <file>rtsv7M4_T_le_eabi.lib</file>
         <name>ltoa.obj</name>
      </input_file>
      <input_file id="fl-e1">
         <path>C:\TI\ccsv6\tools\compiler\ti-cgt-arm_15.12.1.LTS\lib\</path>
         <kind>archive</kind>
         <file>rtsv7M4_T_le_eabi.lib</file>
         <name>memccpy.obj</name>
      </input_file>
      <input_file id="fl-e2">
         <path>C:\TI\ccsv6\tools\compiler\ti-cgt-arm_15.12.1.LTS\lib\</path>
         <kind>archive</kind>
         <file>rtsv7M4_T_le_eabi.lib</file>
         <name>s_frexp.obj</name>
      </input_file>
      <input_file id="fl-e3">
         <path>C:\TI\ccsv6\tools\compiler\ti-cgt-arm_15.12.1.LTS\lib\</path>
         <kind>archive</kind>
         <file>rtsv7M4_T_le_eabi.lib</file>
         <name>s_scalbn.obj</name>
      </input_file>
      <input_file id="fl-e4">
         <path>C:\TI\ccsv6\tools\compiler\ti-cgt-arm_15.12.1.LTS\lib\</path>
         <kind>archive</kind>
         <file>rtsv7M4_T_le_eabi.lib</file>
         <name>startup.obj</name>
      </input_file>
      <input_file id="fl-e5">
         <path>C:\TI\ccsv6\tools\compiler\ti-cgt-arm_15.12.1.LTS\lib\</path>
         <kind>archive</kind>
         <file>rtsv7M4_T_le_eabi.lib</file>
         <name>strchr.obj</name>
      </input_file>
      <input_file id="fl-e6">
         <path>C:\TI\ccsv6\tools\compiler\ti-cgt-arm_15.12.1.LTS\lib\</path>
         <kind>archive</kind>
         <file>rtsv7M4_T_le_eabi.lib</file>
         <name>strcspn.obj</name>
      </input_file>
      <input_file id="fl-e7">
         <path>C:\TI\ccsv6\tools\compiler\ti-cgt-arm_15.12.1.LTS\lib\</path>
         <kind>archive</kind>
         <file>rtsv7M4_T_le_eabi.lib</file>
         <name>strspn.obj</name>
      </input_file>
      <input_file id="fl-e8">
         <path>C:\TI\ccsv6\tools\compiler\ti-cgt-arm_15.12.1.LTS\lib\</path>
         <kind>archive</kind>
         <file>rtsv7M4_T_le_eabi.lib</file>
         <name>ull_div_t2.obj</name>
      </input_file>
      <input_file id="fl-e9">
         <path>C:\TI\ccsv6\tools\compiler\ti-cgt-arm_15.12.1.LTS\lib\</path>
         <kind>archive</kind>
         <file>rtsv7M4_T_le_eabi.lib</file>
         <name>s_copysign.obj</name>
      </input_file>
      <input_file id="fl-ea">
         <path>C:\ti\CC3200SDK_1.2.0\cc3200-sdk\driverlib\ccs\Release\</path>
         <kind>archive</kind>
         <file>driverlib.a</file>
         <name>i2c.obj</name>
      </input_file>
      <input_file id="fl-eb">
         <path>C:\ti\CC3200SDK_1.2.0\cc3200-sdk\driverlib\ccs\Release\</path>
         <kind>archive</kind>
         <file>driverlib.a</file>
         <name>interrupt.obj</name>
      </input_file>
      <input_file id="fl-ec">
         <path>C:\ti\CC3200SDK_1.2.0\cc3200-sdk\driverlib\ccs\Release\</path>
         <kind>archive</kind>
         <file>driverlib.a</file>
         <name>pin.obj</name>
      </input_file>
      <input_file id="fl-ed">
         <path>C:\ti\CC3200SDK_1.2.0\cc3200-sdk\driverlib\ccs\Release\</path>
         <kind>archive</kind>
         <file>driverlib.a</file>
         <name>prcm.obj</name>
      </input_file>
      <input_file id="fl-ee">
         <path>C:\ti\CC3200SDK_1.2.0\cc3200-sdk\driverlib\ccs\Release\</path>
         <kind>archive</kind>
         <file>driverlib.a</file>
         <name>uart.obj</name>
      </input_file>
      <input_file id="fl-ef">
         <path>C:\ti\CC3200SDK_1.2.0\cc3200-sdk\driverlib\ccs\Release\</path>
         <kind>archive</kind>
         <file>driverlib.a</file>
         <name>utils.obj</name>
      </input_file>
      <input_file id="fl-f0">
         <path>C:\ti\CC3200SDK_1.2.0\cc3200-sdk\driverlib\ccs\Release\</path>
         <kind>archive</kind>
         <file>driverlib.a</file>
         <name>cpu.obj</name>
      </input_file>
      <input_file id="fl-f1">
         <path>C:\ti\CC3200SDK_1.2.0\cc3200-sdk\driverlib\ccs\Release\</path>
         <kind>archive</kind>
         <file>driverlib.a</file>
         <name>flash.obj</name>
      </input_file>
   </input_file_list>
   <object_component_list>
      <object_component id="oc-f">
         <name>.intvecs</name>
         <load_address>0x20004000</load_address>
         <run_address>0x20004000</run_address>
         <size>0x400</size>
         <input_file_ref idref="fl-5"/>
      </object_component>
      <object_component id="oc-228">
         <name>.text</name>
         <load_address>0x20004400</load_address>
         <run_address>0x20004400</run_address>
         <size>0x10fc</size>
         <input_file_ref idref="fl-d3"/>
      </object_component>
      <object_component id="oc-ac">
         <name>.text</name>
         <load_address>0x200054fc</load_address>
         <run_address>0x200054fc</run_address>
         <size>0xab4</size>
         <input_file_ref idref="fl-3"/>
      </object_component>
      <object_component id="oc-164">
         <name>.text</name>
         <load_address>0x20005fb0</load_address>
         <run_address>0x20005fb0</run_address>
         <size>0x3dc</size>
         <input_file_ref idref="fl-c8"/>
      </object_component>
      <object_component id="oc-ec">
         <name>.text</name>
         <load_address>0x2000638c</load_address>
         <run_address>0x2000638c</run_address>
         <size>0x290</size>
         <input_file_ref idref="fl-2"/>
      </object_component>
      <object_component id="oc-da">
         <name>.text</name>
         <load_address>0x2000661c</load_address>
         <run_address>0x2000661c</run_address>
         <size>0x280</size>
         <input_file_ref idref="fl-6"/>
      </object_component>
      <object_component id="oc-28e">
         <name>.text</name>
         <load_address>0x2000689c</load_address>
         <run_address>0x2000689c</run_address>
         <size>0x1f4</size>
         <input_file_ref idref="fl-e8"/>
      </object_component>
      <object_component id="oc-2b7">
         <name>.text</name>
         <load_address>0x20006a90</load_address>
         <run_address>0x20006a90</run_address>
         <size>0x1b6</size>
         <input_file_ref idref="fl-da"/>
      </object_component>
      <object_component id="oc-5b">
         <name>.text</name>
         <load_address>0x20006c46</load_address>
         <run_address>0x20006c46</run_address>
         <size>0x2</size>
         <input_file_ref idref="fl-ca"/>
      </object_component>
      <object_component id="oc-10a">
         <name>.text:PRCMCC3200MCUInit</name>
         <load_address>0x20006c48</load_address>
         <run_address>0x20006c48</run_address>
         <size>0x178</size>
         <input_file_ref idref="fl-ed"/>
      </object_component>
      <object_component id="oc-29d">
         <name>.text</name>
         <load_address>0x20006dc0</load_address>
         <run_address>0x20006dc0</run_address>
         <size>0x136</size>
         <input_file_ref idref="fl-dc"/>
      </object_component>
      <object_component id="oc-a4">
         <name>.text</name>
         <load_address>0x20006ef6</load_address>
         <run_address>0x20006ef6</run_address>
         <size>0x2</size>
         <input_file_ref idref="fl-e4"/>
      </object_component>
      <object_component id="oc-e6">
         <name>.text</name>
         <load_address>0x20006ef8</load_address>
         <run_address>0x20006ef8</run_address>
         <size>0x114</size>
         <input_file_ref idref="fl-d0"/>
      </object_component>
      <object_component id="oc-298">
         <name>.text</name>
         <load_address>0x2000700c</load_address>
         <run_address>0x2000700c</run_address>
         <size>0xfc</size>
         <input_file_ref idref="fl-dd"/>
      </object_component>
      <object_component id="oc-2c2">
         <name>.text</name>
         <load_address>0x20007108</load_address>
         <run_address>0x20007108</run_address>
         <size>0xd0</size>
         <input_file_ref idref="fl-e3"/>
      </object_component>
      <object_component id="oc-104">
         <name>.text:IntEnable</name>
         <load_address>0x200071d8</load_address>
         <run_address>0x200071d8</run_address>
         <size>0xa8</size>
         <input_file_ref idref="fl-eb"/>
      </object_component>
      <object_component id="oc-36">
         <name>.text</name>
         <load_address>0x20007280</load_address>
         <run_address>0x20007280</run_address>
         <size>0x9c</size>
         <input_file_ref idref="fl-c6"/>
      </object_component>
      <object_component id="oc-134">
         <name>.text:PRCMPeripheralClockGet</name>
         <load_address>0x2000731c</load_address>
         <run_address>0x2000731c</run_address>
         <size>0x94</size>
         <input_file_ref idref="fl-ed"/>
      </object_component>
      <object_component id="oc-284">
         <name>.text:PinConfigSet</name>
         <load_address>0x200073b0</load_address>
         <run_address>0x200073b0</run_address>
         <size>0x88</size>
         <input_file_ref idref="fl-ec"/>
      </object_component>
      <object_component id="oc-146">
         <name>.text</name>
         <load_address>0x20007438</load_address>
         <run_address>0x20007438</run_address>
         <size>0x88</size>
         <input_file_ref idref="fl-d1"/>
      </object_component>
      <object_component id="oc-293">
         <name>.text:__aeabi_cdcmple</name>
         <load_address>0x200074c0</load_address>
         <run_address>0x200074c0</run_address>
         <size>0x86</size>
         <input_file_ref idref="fl-db"/>
      </object_component>
      <object_component id="oc-2a2">
         <name>.text:__aeabi_cdrcmple</name>
         <load_address>0x20007546</load_address>
         <run_address>0x20007546</run_address>
         <size>0x86</size>
         <input_file_ref idref="fl-db"/>
      </object_component>
      <object_component id="oc-1ce">
         <name>.text:I2CMasterInitExpClk</name>
         <load_address>0x200075cc</load_address>
         <run_address>0x200075cc</run_address>
         <size>0x84</size>
         <input_file_ref idref="fl-ea"/>
      </object_component>
      <object_component id="oc-4f">
         <name>.text</name>
         <load_address>0x20007650</load_address>
         <run_address>0x20007650</run_address>
         <size>0x7a</size>
         <input_file_ref idref="fl-c9"/>
      </object_component>
      <object_component id="oc-13a">
         <name>.text:UARTConfigSetExpClk</name>
         <load_address>0x200076ca</load_address>
         <run_address>0x200076ca</run_address>
         <size>0x76</size>
         <input_file_ref idref="fl-ee"/>
      </object_component>
      <object_component id="oc-67">
         <name>.text</name>
         <load_address>0x20007740</load_address>
         <run_address>0x20007740</run_address>
         <size>0x70</size>
         <input_file_ref idref="fl-d6"/>
      </object_component>
      <object_component id="oc-42">
         <name>.text</name>
         <load_address>0x200077b0</load_address>
         <run_address>0x200077b0</run_address>
         <size>0x6a</size>
         <input_file_ref idref="fl-c3"/>
      </object_component>
      <object_component id="oc-2bc">
         <name>.text</name>
         <load_address>0x2000781c</load_address>
         <run_address>0x2000781c</run_address>
         <size>0x5c</size>
         <input_file_ref idref="fl-e2"/>
      </object_component>
      <object_component id="oc-1c8">
         <name>.text:PRCMPeripheralReset</name>
         <load_address>0x20007878</load_address>
         <run_address>0x20007878</run_address>
         <size>0x58</size>
         <input_file_ref idref="fl-ed"/>
      </object_component>
      <object_component id="oc-2ac">
         <name>.text</name>
         <load_address>0x200078d0</load_address>
         <run_address>0x200078d0</run_address>
         <size>0x56</size>
         <input_file_ref idref="fl-e0"/>
      </object_component>
      <object_component id="oc-73">
         <name>.text</name>
         <load_address>0x20007928</load_address>
         <run_address>0x20007928</run_address>
         <size>0x54</size>
         <input_file_ref idref="fl-c5"/>
      </object_component>
      <object_component id="oc-2d4">
         <name>.text</name>
         <load_address>0x2000797c</load_address>
         <run_address>0x2000797c</run_address>
         <size>0x4c</size>
         <input_file_ref idref="fl-d5"/>
      </object_component>
      <object_component id="oc-9e">
         <name>.text</name>
         <load_address>0x200079c8</load_address>
         <run_address>0x200079c8</run_address>
         <size>0x4c</size>
         <input_file_ref idref="fl-d7"/>
      </object_component>
      <object_component id="oc-2a7">
         <name>.text</name>
         <load_address>0x20007a14</load_address>
         <run_address>0x20007a14</run_address>
         <size>0x48</size>
         <input_file_ref idref="fl-de"/>
      </object_component>
      <object_component id="oc-27e">
         <name>.text:PinModeSet</name>
         <load_address>0x20007a5c</load_address>
         <run_address>0x20007a5c</run_address>
         <size>0x40</size>
         <input_file_ref idref="fl-ec"/>
      </object_component>
      <object_component id="oc-24">
         <name>.text</name>
         <load_address>0x20007a9c</load_address>
         <run_address>0x20007a9c</run_address>
         <size>0x40</size>
         <input_file_ref idref="fl-c1"/>
      </object_component>
      <object_component id="oc-e0">
         <name>.text</name>
         <load_address>0x20007adc</load_address>
         <run_address>0x20007adc</run_address>
         <size>0x40</size>
         <input_file_ref idref="fl-cf"/>
      </object_component>
      <object_component id="oc-1c2">
         <name>.text:PRCMPeripheralClkEnable</name>
         <load_address>0x20007b1c</load_address>
         <run_address>0x20007b1c</run_address>
         <size>0x3c</size>
         <input_file_ref idref="fl-ed"/>
      </object_component>
      <object_component id="oc-110">
         <name>.text</name>
         <load_address>0x20007b58</load_address>
         <run_address>0x20007b58</run_address>
         <size>0x34</size>
         <input_file_ref idref="fl-4"/>
      </object_component>
      <object_component id="oc-21a">
         <name>.text:UARTDisable</name>
         <load_address>0x20007b8c</load_address>
         <run_address>0x20007b8c</run_address>
         <size>0x30</size>
         <input_file_ref idref="fl-ee"/>
      </object_component>
      <object_component id="oc-2b2">
         <name>.text</name>
         <load_address>0x20007bbc</load_address>
         <run_address>0x20007bbc</run_address>
         <size>0x2e</size>
         <input_file_ref idref="fl-df"/>
      </object_component>
      <object_component id="oc-1aa">
         <name>.text:I2CMasterErr</name>
         <load_address>0x20007bea</load_address>
         <run_address>0x20007bea</run_address>
         <size>0x2c</size>
         <input_file_ref idref="fl-ea"/>
      </object_component>
      <object_component id="oc-1f4">
         <name>.text:PRCMSysResetCauseGet</name>
         <load_address>0x20007c18</load_address>
         <run_address>0x20007c18</run_address>
         <size>0x2c</size>
         <input_file_ref idref="fl-ed"/>
      </object_component>
      <object_component id="oc-179">
         <name>.text</name>
         <load_address>0x20007c44</load_address>
         <run_address>0x20007c44</run_address>
         <size>0x2a</size>
         <input_file_ref idref="fl-e7"/>
      </object_component>
      <object_component id="oc-1d4">
         <name>.text:PRCMPeripheralClkDisable</name>
         <load_address>0x20007c70</load_address>
         <run_address>0x20007c70</run_address>
         <size>0x28</size>
         <input_file_ref idref="fl-ed"/>
      </object_component>
      <object_component id="oc-220">
         <name>.text:UARTEnable</name>
         <load_address>0x20007c98</load_address>
         <run_address>0x20007c98</run_address>
         <size>0x24</size>
         <input_file_ref idref="fl-ee"/>
      </object_component>
      <object_component id="oc-15e">
         <name>.text</name>
         <load_address>0x20007cbc</load_address>
         <run_address>0x20007cbc</run_address>
         <size>0x24</size>
         <input_file_ref idref="fl-c7"/>
      </object_component>
      <object_component id="oc-17f">
         <name>.text</name>
         <load_address>0x20007ce0</load_address>
         <run_address>0x20007ce0</run_address>
         <size>0x24</size>
         <input_file_ref idref="fl-e6"/>
      </object_component>
      <object_component id="oc-1b0">
         <name>.text:I2CMasterSlaveAddrSet</name>
         <load_address>0x20007d04</load_address>
         <run_address>0x20007d04</run_address>
         <size>0x22</size>
         <input_file_ref idref="fl-ea"/>
      </object_component>
      <object_component id="oc-192">
         <name>.text:I2CMasterIntStatusEx</name>
         <load_address>0x20007d26</load_address>
         <run_address>0x20007d26</run_address>
         <size>0x1e</size>
         <input_file_ref idref="fl-ea"/>
      </object_component>
      <object_component id="oc-140">
         <name>.text:UARTCharPut</name>
         <load_address>0x20007d44</load_address>
         <run_address>0x20007d44</run_address>
         <size>0x1e</size>
         <input_file_ref idref="fl-ee"/>
      </object_component>
      <object_component id="oc-20d">
         <name>.text:PinTypeI2C</name>
         <load_address>0x20007d62</load_address>
         <run_address>0x20007d62</run_address>
         <size>0x1c</size>
         <input_file_ref idref="fl-ec"/>
      </object_component>
      <object_component id="oc-152">
         <name>.text:UARTCharGetNonBlocking</name>
         <load_address>0x20007d7e</load_address>
         <run_address>0x20007d7e</run_address>
         <size>0x1c</size>
         <input_file_ref idref="fl-ee"/>
      </object_component>
      <object_component id="oc-2ce">
         <name>.text</name>
         <load_address>0x20007d9a</load_address>
         <run_address>0x20007d9a</run_address>
         <size>0x1c</size>
         <input_file_ref idref="fl-e1"/>
      </object_component>
      <object_component id="oc-207">
         <name>.text:PinTypeUART</name>
         <load_address>0x20007db6</load_address>
         <run_address>0x20007db6</run_address>
         <size>0x1a</size>
         <input_file_ref idref="fl-ec"/>
      </object_component>
      <object_component id="oc-14c">
         <name>.text:UARTCharsAvail</name>
         <load_address>0x20007dd0</load_address>
         <run_address>0x20007dd0</run_address>
         <size>0x18</size>
         <input_file_ref idref="fl-ee"/>
      </object_component>
      <object_component id="oc-6d">
         <name>.text</name>
         <load_address>0x20007de8</load_address>
         <run_address>0x20007de8</run_address>
         <size>0x18</size>
         <input_file_ref idref="fl-d4"/>
      </object_component>
      <object_component id="oc-f2">
         <name>.text</name>
         <load_address>0x20007e00</load_address>
         <run_address>0x20007e00</run_address>
         <size>0x18</size>
         <input_file_ref idref="fl-cd"/>
      </object_component>
      <object_component id="oc-1b6">
         <name>.text:I2CMasterDataPut</name>
         <load_address>0x20007e18</load_address>
         <run_address>0x20007e18</run_address>
         <size>0x16</size>
         <input_file_ref idref="fl-ea"/>
      </object_component>
      <object_component id="oc-26a">
         <name>.text:I2CMasterEnable</name>
         <load_address>0x20007e2e</load_address>
         <run_address>0x20007e2e</run_address>
         <size>0x16</size>
         <input_file_ref idref="fl-ea"/>
      </object_component>
      <object_component id="oc-1fa">
         <name>.text:PRCMHIBRegRead</name>
         <load_address>0x20007e44</load_address>
         <run_address>0x20007e44</run_address>
         <size>0x16</size>
         <input_file_ref idref="fl-ed"/>
      </object_component>
      <object_component id="oc-200">
         <name>.text:PRCMHIBRegWrite</name>
         <load_address>0x20007e5a</load_address>
         <run_address>0x20007e5a</run_address>
         <size>0x16</size>
         <input_file_ref idref="fl-ed"/>
      </object_component>
      <object_component id="oc-2c8">
         <name>.text</name>
         <load_address>0x20007e70</load_address>
         <run_address>0x20007e70</run_address>
         <size>0x16</size>
         <input_file_ref idref="fl-e5"/>
      </object_component>
      <object_component id="oc-1e4">
         <name>.text:CPUcpsie</name>
         <load_address>0x20007e86</load_address>
         <run_address>0x20007e86</run_address>
         <size>0x14</size>
         <input_file_ref idref="fl-f0"/>
      </object_component>
      <object_component id="oc-f8">
         <name>.text:IntVTableBaseSet</name>
         <load_address>0x20007e9c</load_address>
         <run_address>0x20007e9c</run_address>
         <size>0x14</size>
         <input_file_ref idref="fl-eb"/>
      </object_component>
      <object_component id="oc-121">
         <name>.text</name>
         <load_address>0x20007eb0</load_address>
         <run_address>0x20007eb0</run_address>
         <size>0x14</size>
         <input_file_ref idref="fl-d2"/>
      </object_component>
      <object_component id="oc-158">
         <name>.text</name>
         <load_address>0x20007ec4</load_address>
         <run_address>0x20007ec4</run_address>
         <size>0x14</size>
         <input_file_ref idref="fl-ce"/>
      </object_component>
      <object_component id="oc-1a4">
         <name>.text:I2CMasterControl</name>
         <load_address>0x20007ed8</load_address>
         <run_address>0x20007ed8</run_address>
         <size>0x12</size>
         <input_file_ref idref="fl-ea"/>
      </object_component>
      <object_component id="oc-198">
         <name>.text:I2CMasterIntClearEx</name>
         <load_address>0x20007eea</load_address>
         <run_address>0x20007eea</run_address>
         <size>0x12</size>
         <input_file_ref idref="fl-ea"/>
      </object_component>
      <object_component id="oc-19e">
         <name>.text:I2CMasterTimeoutSet</name>
         <load_address>0x20007efc</load_address>
         <run_address>0x20007efc</run_address>
         <size>0x12</size>
         <input_file_ref idref="fl-ea"/>
      </object_component>
      <object_component id="oc-1bc">
         <name>.text:I2CMasterDataGet</name>
         <load_address>0x20007f0e</load_address>
         <run_address>0x20007f0e</run_address>
         <size>0xe</size>
         <input_file_ref idref="fl-ea"/>
      </object_component>
      <object_component id="oc-12">
         <name>.text:decompress:none</name>
         <load_address>0x20007f1c</load_address>
         <run_address>0x20007f1c</run_address>
         <size>0xe</size>
         <input_file_ref idref="fl-c2"/>
      </object_component>
      <object_component id="oc-2d">
         <name>.text</name>
         <load_address>0x20007f2a</load_address>
         <run_address>0x20007f2a</run_address>
         <size>0xe</size>
         <input_file_ref idref="fl-5"/>
      </object_component>
      <object_component id="oc-fe">
         <name>.text:IntMasterEnable</name>
         <load_address>0x20007f38</load_address>
         <run_address>0x20007f38</run_address>
         <size>0xa</size>
         <input_file_ref idref="fl-eb"/>
      </object_component>
      <object_component id="oc-316">
         <name>.text</name>
         <load_address>0x20007f42</load_address>
         <run_address>0x20007f42</run_address>
         <size>0x8</size>
         <input_file_ref idref="fl-e9"/>
      </object_component>
      <object_component id="oc-27b">
         <name>.text:UtilsDelay</name>
         <load_address>0x20007f4a</load_address>
         <run_address>0x20007f4a</run_address>
         <size>0x6</size>
         <input_file_ref idref="fl-ef"/>
      </object_component>
      <object_component id="oc-18">
         <name>.text:decompress:rle24</name>
         <load_address>0x20007f50</load_address>
         <run_address>0x20007f50</run_address>
         <size>0x6</size>
         <input_file_ref idref="fl-c3"/>
      </object_component>
      <object_component id="oc-61">
         <name>.text</name>
         <load_address>0x20007f56</load_address>
         <run_address>0x20007f56</run_address>
         <size>0x4</size>
         <input_file_ref idref="fl-cb"/>
      </object_component>
      <object_component id="oc-18a">
         <name>.const:.string:_ctypes_</name>
         <load_address>0x20007f5c</load_address>
         <run_address>0x20007f5c</run_address>
         <size>0x101</size>
         <input_file_ref idref="fl-d8"/>
      </object_component>
      <object_component id="oc-300">
         <name>.const:g_ulPinToPadMap</name>
         <load_address>0x20008060</load_address>
         <run_address>0x20008060</run_address>
         <size>0x100</size>
         <input_file_ref idref="fl-ec"/>
      </object_component>
      <object_component id="oc-264">
         <name>.const:PRCM_PeriphRegsList</name>
         <load_address>0x20008160</load_address>
         <run_address>0x20008160</run_address>
         <size>0xa8</size>
         <input_file_ref idref="fl-ed"/>
      </object_component>
      <object_component id="oc-1f0">
         <name>.const:g_pulEnRegs</name>
         <load_address>0x20008208</load_address>
         <run_address>0x20008208</run_address>
         <size>0x18</size>
         <input_file_ref idref="fl-eb"/>
      </object_component>
      <object_component id="oc-35e">
         <name>.cinit..data.load</name>
         <load_address>0x20008220</load_address>
         <run_address>0x20008220</run_address>
         <size>0x23</size>
      </object_component>
      <object_component id="oc-35f">
         <name>.cinit..bss.load</name>
         <load_address>0x20008248</load_address>
         <run_address>0x20008248</run_address>
         <size>0x9</size>
      </object_component>
      <object_component id="oc-35c">
         <name>__TI_handler_table</name>
         <load_address>0x20008254</load_address>
         <run_address>0x20008254</run_address>
         <size>0x8</size>
      </object_component>
      <object_component id="oc-35d">
         <name>__TI_cinit_table</name>
         <load_address>0x2000825c</load_address>
         <run_address>0x2000825c</run_address>
         <size>0x10</size>
      </object_component>
      <object_component id="oc-b4">
         <name>.data:$O1$$</name>
         <load_address>0x20017800</load_address>
         <run_address>0x20017800</run_address>
         <size>0xc</size>
         <input_file_ref idref="fl-c5"/>
      </object_component>
      <object_component id="oc-240">
         <name>.data:$O1$$</name>
         <load_address>0x2001780c</load_address>
         <run_address>0x2001780c</run_address>
         <size>0xc</size>
         <input_file_ref idref="fl-c8"/>
      </object_component>
      <object_component id="oc-79">
         <name>.data</name>
         <load_address>0x20017824</load_address>
         <run_address>0x20017824</run_address>
         <size>0x4</size>
         <input_file_ref idref="fl-cc"/>
      </object_component>
      <object_component id="oc-185">
         <name>.data</name>
         <load_address>0x20017828</load_address>
         <run_address>0x20017828</run_address>
         <size>0x4</size>
         <input_file_ref idref="fl-cf"/>
      </object_component>
      <object_component id="oc-b7">
         <name>.data:$O1$$</name>
         <load_address>0x20017818</load_address>
         <run_address>0x20017818</run_address>
         <size>0x8</size>
         <input_file_ref idref="fl-d2"/>
      </object_component>
      <object_component id="oc-18d">
         <name>.data</name>
         <load_address>0x20017820</load_address>
         <run_address>0x20017820</run_address>
         <size>0x4</size>
         <input_file_ref idref="fl-d9"/>
      </object_component>
      <object_component id="oc-16a">
         <name>.bss</name>
         <uninitialized>true</uninitialized>
         <run_address>0x2001782c</run_address>
         <size>0x4</size>
         <input_file_ref idref="fl-6"/>
      </object_component>
      <object_component id="oc-2a">
         <name>.sysmem</name>
         <uninitialized>true</uninitialized>
         <run_address>0x20017000</run_address>
         <size>0x8</size>
         <input_file_ref idref="fl-c8"/>
      </object_component>
      <object_component id="oc-361">
         <name>.sysmem</name>
         <uninitialized>true</uninitialized>
         <run_address>0x20017000</run_address>
         <size>0x0</size>
      </object_component>
      <object_component id="oc-29">
         <name>.stack</name>
         <uninitialized>true</uninitialized>
         <run_address>0x2002f800</run_address>
         <size>0x0</size>
         <input_file_ref idref="fl-c1"/>
      </object_component>
      <object_component id="oc-360">
         <name>.stack</name>
         <uninitialized>true</uninitialized>
         <run_address>0x2002f800</run_address>
         <size>0x0</size>
      </object_component>
      <object_component id="oc-1e0">
         <name>.debug_info</name>
         <load_address>0x0</load_address>
         <run_address>0x0</run_address>
         <size>0x431</size>
         <input_file_ref idref="fl-2"/>
      </object_component>
      <object_component id="oc-ed">
         <name>.debug_info</name>
         <load_address>0x431</load_address>
         <run_address>0x431</run_address>
         <size>0xba7</size>
         <input_file_ref idref="fl-2"/>
      </object_component>
      <object_component id="oc-174">
         <name>.debug_info</name>
         <load_address>0xfd8</load_address>
         <run_address>0xfd8</run_address>
         <size>0x110</size>
         <input_file_ref idref="fl-2"/>
      </object_component>
      <object_component id="oc-2f8">
         <name>.debug_info</name>
         <load_address>0x10e8</load_address>
         <run_address>0x10e8</run_address>
         <size>0x62</size>
         <input_file_ref idref="fl-2"/>
      </object_component>
      <object_component id="oc-1db">
         <name>.debug_info</name>
         <load_address>0x114a</load_address>
         <run_address>0x114a</run_address>
         <size>0x8b</size>
         <input_file_ref idref="fl-2"/>
      </object_component>
      <object_component id="oc-258">
         <name>.debug_info</name>
         <load_address>0x11d5</load_address>
         <run_address>0x11d5</run_address>
         <size>0x18b</size>
         <input_file_ref idref="fl-2"/>
      </object_component>
      <object_component id="oc-1eb">
         <name>.debug_info</name>
         <load_address>0x1360</load_address>
         <run_address>0x1360</run_address>
         <size>0x2c</size>
         <input_file_ref idref="fl-2"/>
      </object_component>
      <object_component id="oc-117">
         <name>.debug_info</name>
         <load_address>0x138c</load_address>
         <run_address>0x138c</run_address>
         <size>0x3d6</size>
         <input_file_ref idref="fl-3"/>
      </object_component>
      <object_component id="oc-ae">
         <name>.debug_info</name>
         <load_address>0x1762</load_address>
         <run_address>0x1762</run_address>
         <size>0xf70</size>
         <input_file_ref idref="fl-3"/>
      </object_component>
      <object_component id="oc-84">
         <name>.debug_info</name>
         <load_address>0x26d2</load_address>
         <run_address>0x26d2</run_address>
         <size>0x84</size>
         <input_file_ref idref="fl-3"/>
      </object_component>
      <object_component id="oc-16f">
         <name>.debug_info</name>
         <load_address>0x2756</load_address>
         <run_address>0x2756</run_address>
         <size>0x4e</size>
         <input_file_ref idref="fl-3"/>
      </object_component>
      <object_component id="oc-112">
         <name>.debug_info</name>
         <load_address>0x27a4</load_address>
         <run_address>0x27a4</run_address>
         <size>0x1c5</size>
         <input_file_ref idref="fl-4"/>
      </object_component>
      <object_component id="oc-35">
         <name>.debug_info</name>
         <load_address>0x2969</load_address>
         <run_address>0x2969</run_address>
         <size>0x15c</size>
         <input_file_ref idref="fl-5"/>
      </object_component>
      <object_component id="oc-10">
         <name>.debug_info</name>
         <load_address>0x2ac5</load_address>
         <run_address>0x2ac5</run_address>
         <size>0x147</size>
         <input_file_ref idref="fl-5"/>
      </object_component>
      <object_component id="oc-30">
         <name>.debug_info</name>
         <load_address>0x2c0c</load_address>
         <run_address>0x2c0c</run_address>
         <size>0x468</size>
         <input_file_ref idref="fl-5"/>
      </object_component>
      <object_component id="oc-16e">
         <name>.debug_info</name>
         <load_address>0x3074</load_address>
         <run_address>0x3074</run_address>
         <size>0x3be</size>
         <input_file_ref idref="fl-6"/>
      </object_component>
      <object_component id="oc-16b">
         <name>.debug_info</name>
         <load_address>0x3432</load_address>
         <run_address>0x3432</run_address>
         <size>0x13e</size>
         <input_file_ref idref="fl-6"/>
      </object_component>
      <object_component id="oc-dd">
         <name>.debug_info</name>
         <load_address>0x3570</load_address>
         <run_address>0x3570</run_address>
         <size>0x91b</size>
         <input_file_ref idref="fl-6"/>
      </object_component>
      <object_component id="oc-25">
         <name>.debug_info</name>
         <load_address>0x3e8b</load_address>
         <run_address>0x3e8b</run_address>
         <size>0x17c</size>
         <input_file_ref idref="fl-c1"/>
      </object_component>
      <object_component id="oc-41">
         <name>.debug_info</name>
         <load_address>0x4007</load_address>
         <run_address>0x4007</run_address>
         <size>0x15c</size>
         <input_file_ref idref="fl-c2"/>
      </object_component>
      <object_component id="oc-16">
         <name>.debug_info</name>
         <load_address>0x4163</load_address>
         <run_address>0x4163</run_address>
         <size>0x1fb</size>
         <input_file_ref idref="fl-c2"/>
      </object_component>
      <object_component id="oc-3c">
         <name>.debug_info</name>
         <load_address>0x435e</load_address>
         <run_address>0x435e</run_address>
         <size>0x46</size>
         <input_file_ref idref="fl-c2"/>
      </object_component>
      <object_component id="oc-8a">
         <name>.debug_info</name>
         <load_address>0x43a4</load_address>
         <run_address>0x43a4</run_address>
         <size>0x2c</size>
         <input_file_ref idref="fl-c2"/>
      </object_component>
      <object_component id="oc-49">
         <name>.debug_info</name>
         <load_address>0x43d0</load_address>
         <run_address>0x43d0</run_address>
         <size>0x150</size>
         <input_file_ref idref="fl-c3"/>
      </object_component>
      <object_component id="oc-43">
         <name>.debug_info</name>
         <load_address>0x4520</load_address>
         <run_address>0x4520</run_address>
         <size>0x263</size>
         <input_file_ref idref="fl-c3"/>
      </object_component>
      <object_component id="oc-19">
         <name>.debug_info</name>
         <load_address>0x4783</load_address>
         <run_address>0x4783</run_address>
         <size>0x1cd</size>
         <input_file_ref idref="fl-c3"/>
      </object_component>
      <object_component id="oc-4a">
         <name>.debug_info</name>
         <load_address>0x4950</load_address>
         <run_address>0x4950</run_address>
         <size>0x39</size>
         <input_file_ref idref="fl-c3"/>
      </object_component>
      <object_component id="oc-94">
         <name>.debug_info</name>
         <load_address>0x4989</load_address>
         <run_address>0x4989</run_address>
         <size>0x2c</size>
         <input_file_ref idref="fl-c3"/>
      </object_component>
      <object_component id="oc-bb">
         <name>.debug_info</name>
         <load_address>0x49b5</load_address>
         <run_address>0x49b5</run_address>
         <size>0x250</size>
         <input_file_ref idref="fl-c5"/>
      </object_component>
      <object_component id="oc-b5">
         <name>.debug_info</name>
         <load_address>0x4c05</load_address>
         <run_address>0x4c05</run_address>
         <size>0x1a1</size>
         <input_file_ref idref="fl-c5"/>
      </object_component>
      <object_component id="oc-76">
         <name>.debug_info</name>
         <load_address>0x4da6</load_address>
         <run_address>0x4da6</run_address>
         <size>0x230</size>
         <input_file_ref idref="fl-c5"/>
      </object_component>
      <object_component id="oc-39">
         <name>.debug_info</name>
         <load_address>0x4fd6</load_address>
         <run_address>0x4fd6</run_address>
         <size>0x12d</size>
         <input_file_ref idref="fl-c6"/>
      </object_component>
      <object_component id="oc-23f">
         <name>.debug_info</name>
         <load_address>0x5103</load_address>
         <run_address>0x5103</run_address>
         <size>0x148</size>
         <input_file_ref idref="fl-c7"/>
      </object_component>
      <object_component id="oc-161">
         <name>.debug_info</name>
         <load_address>0x524b</load_address>
         <run_address>0x524b</run_address>
         <size>0x1c7</size>
         <input_file_ref idref="fl-c7"/>
      </object_component>
      <object_component id="oc-7f">
         <name>.debug_info</name>
         <load_address>0x5412</load_address>
         <run_address>0x5412</run_address>
         <size>0x23e</size>
         <input_file_ref idref="fl-c8"/>
      </object_component>
      <object_component id="oc-2b">
         <name>.debug_info</name>
         <load_address>0x5650</load_address>
         <run_address>0x5650</run_address>
         <size>0x11d</size>
         <input_file_ref idref="fl-c8"/>
      </object_component>
      <object_component id="oc-241">
         <name>.debug_info</name>
         <load_address>0x576d</load_address>
         <run_address>0x576d</run_address>
         <size>0x168</size>
         <input_file_ref idref="fl-c8"/>
      </object_component>
      <object_component id="oc-165">
         <name>.debug_info</name>
         <load_address>0x58d5</load_address>
         <run_address>0x58d5</run_address>
         <size>0x8a7</size>
         <input_file_ref idref="fl-c8"/>
      </object_component>
      <object_component id="oc-c1">
         <name>.debug_info</name>
         <load_address>0x617c</load_address>
         <run_address>0x617c</run_address>
         <size>0x2c</size>
         <input_file_ref idref="fl-c8"/>
      </object_component>
      <object_component id="oc-c6">
         <name>.debug_info</name>
         <load_address>0x61a8</load_address>
         <run_address>0x61a8</run_address>
         <size>0x62</size>
         <input_file_ref idref="fl-c8"/>
      </object_component>
      <object_component id="oc-52">
         <name>.debug_info</name>
         <load_address>0x620a</load_address>
         <run_address>0x620a</run_address>
         <size>0x15b</size>
         <input_file_ref idref="fl-c9"/>
      </object_component>
      <object_component id="oc-5f">
         <name>.debug_info</name>
         <load_address>0x6365</load_address>
         <run_address>0x6365</run_address>
         <size>0x154</size>
         <input_file_ref idref="fl-ca"/>
      </object_component>
      <object_component id="oc-63">
         <name>.debug_info</name>
         <load_address>0x64b9</load_address>
         <run_address>0x64b9</run_address>
         <size>0x164</size>
         <input_file_ref idref="fl-cb"/>
      </object_component>
      <object_component id="oc-7a">
         <name>.debug_info</name>
         <load_address>0x661d</load_address>
         <run_address>0x661d</run_address>
         <size>0x125</size>
         <input_file_ref idref="fl-cc"/>
      </object_component>
      <object_component id="oc-1e2">
         <name>.debug_info</name>
         <load_address>0x6742</load_address>
         <run_address>0x6742</run_address>
         <size>0x101</size>
         <input_file_ref idref="fl-cd"/>
      </object_component>
      <object_component id="oc-f6">
         <name>.debug_info</name>
         <load_address>0x6843</load_address>
         <run_address>0x6843</run_address>
         <size>0x2aa</size>
         <input_file_ref idref="fl-cd"/>
      </object_component>
      <object_component id="oc-23d">
         <name>.debug_info</name>
         <load_address>0x6aed</load_address>
         <run_address>0x6aed</run_address>
         <size>0x106</size>
         <input_file_ref idref="fl-ce"/>
      </object_component>
      <object_component id="oc-15a">
         <name>.debug_info</name>
         <load_address>0x6bf3</load_address>
         <run_address>0x6bf3</run_address>
         <size>0x27c</size>
         <input_file_ref idref="fl-ce"/>
      </object_component>
      <object_component id="oc-189">
         <name>.debug_info</name>
         <load_address>0x6e6f</load_address>
         <run_address>0x6e6f</run_address>
         <size>0x161</size>
         <input_file_ref idref="fl-cf"/>
      </object_component>
      <object_component id="oc-186">
         <name>.debug_info</name>
         <load_address>0x6fd0</load_address>
         <run_address>0x6fd0</run_address>
         <size>0x116</size>
         <input_file_ref idref="fl-cf"/>
      </object_component>
      <object_component id="oc-e2">
         <name>.debug_info</name>
         <load_address>0x70e6</load_address>
         <run_address>0x70e6</run_address>
         <size>0x1bc</size>
         <input_file_ref idref="fl-cf"/>
      </object_component>
      <object_component id="oc-191">
         <name>.debug_info</name>
         <load_address>0x72a2</load_address>
         <run_address>0x72a2</run_address>
         <size>0x15f</size>
         <input_file_ref idref="fl-d0"/>
      </object_component>
      <object_component id="oc-e8">
         <name>.debug_info</name>
         <load_address>0x7401</load_address>
         <run_address>0x7401</run_address>
         <size>0x229</size>
         <input_file_ref idref="fl-d0"/>
      </object_component>
      <object_component id="oc-22f">
         <name>.debug_info</name>
         <load_address>0x762a</load_address>
         <run_address>0x762a</run_address>
         <size>0x1e4</size>
         <input_file_ref idref="fl-d1"/>
      </object_component>
      <object_component id="oc-14a">
         <name>.debug_info</name>
         <load_address>0x780e</load_address>
         <run_address>0x780e</run_address>
         <size>0x378</size>
         <input_file_ref idref="fl-d1"/>
      </object_component>
      <object_component id="oc-230">
         <name>.debug_info</name>
         <load_address>0x7b86</load_address>
         <run_address>0x7b86</run_address>
         <size>0x2c</size>
         <input_file_ref idref="fl-d1"/>
      </object_component>
      <object_component id="oc-235">
         <name>.debug_info</name>
         <load_address>0x7bb2</load_address>
         <run_address>0x7bb2</run_address>
         <size>0x69</size>
         <input_file_ref idref="fl-d1"/>
      </object_component>
      <object_component id="oc-129">
         <name>.debug_info</name>
         <load_address>0x7c1b</load_address>
         <run_address>0x7c1b</run_address>
         <size>0x140</size>
         <input_file_ref idref="fl-d2"/>
      </object_component>
      <object_component id="oc-b8">
         <name>.debug_info</name>
         <load_address>0x7d5b</load_address>
         <run_address>0x7d5b</run_address>
         <size>0x12f</size>
         <input_file_ref idref="fl-d2"/>
      </object_component>
      <object_component id="oc-122">
         <name>.debug_info</name>
         <load_address>0x7e8a</load_address>
         <run_address>0x7e8a</run_address>
         <size>0x23b</size>
         <input_file_ref idref="fl-d2"/>
      </object_component>
      <object_component id="oc-2db">
         <name>.debug_info</name>
         <load_address>0x80c5</load_address>
         <run_address>0x80c5</run_address>
         <size>0x3a7</size>
         <input_file_ref idref="fl-d3"/>
      </object_component>
      <object_component id="oc-22b">
         <name>.debug_info</name>
         <load_address>0x846c</load_address>
         <run_address>0x846c</run_address>
         <size>0x180a</size>
         <input_file_ref idref="fl-d3"/>
      </object_component>
      <object_component id="oc-2dc">
         <name>.debug_info</name>
         <load_address>0x9c76</load_address>
         <run_address>0x9c76</run_address>
         <size>0x86</size>
         <input_file_ref idref="fl-d3"/>
      </object_component>
      <object_component id="oc-326">
         <name>.debug_info</name>
         <load_address>0x9cfc</load_address>
         <run_address>0x9cfc</run_address>
         <size>0x46</size>
         <input_file_ref idref="fl-d3"/>
      </object_component>
      <object_component id="oc-2e1">
         <name>.debug_info</name>
         <load_address>0x9d42</load_address>
         <run_address>0x9d42</run_address>
         <size>0x39</size>
         <input_file_ref idref="fl-d3"/>
      </object_component>
      <object_component id="oc-b3">
         <name>.debug_info</name>
         <load_address>0x9d7b</load_address>
         <run_address>0x9d7b</run_address>
         <size>0x182</size>
         <input_file_ref idref="fl-d4"/>
      </object_component>
      <object_component id="oc-6e">
         <name>.debug_info</name>
         <load_address>0x9efd</load_address>
         <run_address>0x9efd</run_address>
         <size>0x183</size>
         <input_file_ref idref="fl-d4"/>
      </object_component>
      <object_component id="oc-11a">
         <name>.debug_info</name>
         <load_address>0xa080</load_address>
         <run_address>0xa080</run_address>
         <size>0x5e</size>
         <input_file_ref idref="fl-d4"/>
      </object_component>
      <object_component id="oc-323">
         <name>.debug_info</name>
         <load_address>0xa0de</load_address>
         <run_address>0xa0de</run_address>
         <size>0x130</size>
         <input_file_ref idref="fl-d5"/>
      </object_component>
      <object_component id="oc-2d5">
         <name>.debug_info</name>
         <load_address>0xa20e</load_address>
         <run_address>0xa20e</run_address>
         <size>0x18d</size>
         <input_file_ref idref="fl-d5"/>
      </object_component>
      <object_component id="oc-ab">
         <name>.debug_info</name>
         <load_address>0xa39b</load_address>
         <run_address>0xa39b</run_address>
         <size>0x305</size>
         <input_file_ref idref="fl-d6"/>
      </object_component>
      <object_component id="oc-69">
         <name>.debug_info</name>
         <load_address>0xa6a0</load_address>
         <run_address>0xa6a0</run_address>
         <size>0x1ac</size>
         <input_file_ref idref="fl-d6"/>
      </object_component>
      <object_component id="oc-d0">
         <name>.debug_info</name>
         <load_address>0xa84c</load_address>
         <run_address>0xa84c</run_address>
         <size>0x39</size>
         <input_file_ref idref="fl-d6"/>
      </object_component>
      <object_component id="oc-d5">
         <name>.debug_info</name>
         <load_address>0xa885</load_address>
         <run_address>0xa885</run_address>
         <size>0xcd</size>
         <input_file_ref idref="fl-d6"/>
      </object_component>
      <object_component id="oc-cc">
         <name>.debug_info</name>
         <load_address>0xa952</load_address>
         <run_address>0xa952</run_address>
         <size>0x1fc</size>
         <input_file_ref idref="fl-d7"/>
      </object_component>
      <object_component id="oc-9f">
         <name>.debug_info</name>
         <load_address>0xab4e</load_address>
         <run_address>0xab4e</run_address>
         <size>0x19f</size>
         <input_file_ref idref="fl-d7"/>
      </object_component>
      <object_component id="oc-12f">
         <name>.debug_info</name>
         <load_address>0xaced</load_address>
         <run_address>0xaced</run_address>
         <size>0x2c</size>
         <input_file_ref idref="fl-d7"/>
      </object_component>
      <object_component id="oc-252">
         <name>.debug_info</name>
         <load_address>0xad19</load_address>
         <run_address>0xad19</run_address>
         <size>0x10a</size>
         <input_file_ref idref="fl-d8"/>
      </object_component>
      <object_component id="oc-18b">
         <name>.debug_info</name>
         <load_address>0xae23</load_address>
         <run_address>0xae23</run_address>
         <size>0x116</size>
         <input_file_ref idref="fl-d8"/>
      </object_component>
      <object_component id="oc-18e">
         <name>.debug_info</name>
         <load_address>0xaf39</load_address>
         <run_address>0xaf39</run_address>
         <size>0x10f</size>
         <input_file_ref idref="fl-d9"/>
      </object_component>
      <object_component id="oc-2ba">
         <name>.debug_info</name>
         <load_address>0xb048</load_address>
         <run_address>0xb048</run_address>
         <size>0x160</size>
         <input_file_ref idref="fl-da"/>
      </object_component>
      <object_component id="oc-294">
         <name>.debug_info</name>
         <load_address>0xb1a8</load_address>
         <run_address>0xb1a8</run_address>
         <size>0x13c</size>
         <input_file_ref idref="fl-db"/>
      </object_component>
      <object_component id="oc-2a5">
         <name>.debug_info</name>
         <load_address>0xb2e4</load_address>
         <run_address>0xb2e4</run_address>
         <size>0x13e</size>
         <input_file_ref idref="fl-db"/>
      </object_component>
      <object_component id="oc-29e">
         <name>.debug_info</name>
         <load_address>0xb422</load_address>
         <run_address>0xb422</run_address>
         <size>0x14e</size>
         <input_file_ref idref="fl-dc"/>
      </object_component>
      <object_component id="oc-29b">
         <name>.debug_info</name>
         <load_address>0xb570</load_address>
         <run_address>0xb570</run_address>
         <size>0x14e</size>
         <input_file_ref idref="fl-dd"/>
      </object_component>
      <object_component id="oc-2a9">
         <name>.debug_info</name>
         <load_address>0xb6be</load_address>
         <run_address>0xb6be</run_address>
         <size>0x142</size>
         <input_file_ref idref="fl-de"/>
      </object_component>
      <object_component id="oc-2b4">
         <name>.debug_info</name>
         <load_address>0xb800</load_address>
         <run_address>0xb800</run_address>
         <size>0x140</size>
         <input_file_ref idref="fl-df"/>
      </object_component>
      <object_component id="oc-30c">
         <name>.debug_info</name>
         <load_address>0xb940</load_address>
         <run_address>0xb940</run_address>
         <size>0x168</size>
         <input_file_ref idref="fl-e0"/>
      </object_component>
      <object_component id="oc-2af">
         <name>.debug_info</name>
         <load_address>0xbaa8</load_address>
         <run_address>0xbaa8</run_address>
         <size>0x1de</size>
         <input_file_ref idref="fl-e0"/>
      </object_component>
      <object_component id="oc-321">
         <name>.debug_info</name>
         <load_address>0xbc86</load_address>
         <run_address>0xbc86</run_address>
         <size>0x10d</size>
         <input_file_ref idref="fl-e1"/>
      </object_component>
      <object_component id="oc-2d2">
         <name>.debug_info</name>
         <load_address>0xbd93</load_address>
         <run_address>0xbd93</run_address>
         <size>0x1c7</size>
         <input_file_ref idref="fl-e1"/>
      </object_component>
      <object_component id="oc-310">
         <name>.debug_info</name>
         <load_address>0xbf5a</load_address>
         <run_address>0xbf5a</run_address>
         <size>0x15b</size>
         <input_file_ref idref="fl-e2"/>
      </object_component>
      <object_component id="oc-2bd">
         <name>.debug_info</name>
         <load_address>0xc0b5</load_address>
         <run_address>0xc0b5</run_address>
         <size>0x1a5</size>
         <input_file_ref idref="fl-e2"/>
      </object_component>
      <object_component id="oc-311">
         <name>.debug_info</name>
         <load_address>0xc25a</load_address>
         <run_address>0xc25a</run_address>
         <size>0x2c</size>
         <input_file_ref idref="fl-e2"/>
      </object_component>
      <object_component id="oc-31d">
         <name>.debug_info</name>
         <load_address>0xc286</load_address>
         <run_address>0xc286</run_address>
         <size>0x198</size>
         <input_file_ref idref="fl-e3"/>
      </object_component>
      <object_component id="oc-2c5">
         <name>.debug_info</name>
         <load_address>0xc41e</load_address>
         <run_address>0xc41e</run_address>
         <size>0x202</size>
         <input_file_ref idref="fl-e3"/>
      </object_component>
      <object_component id="oc-a6">
         <name>.debug_info</name>
         <load_address>0xc620</load_address>
         <run_address>0xc620</run_address>
         <size>0x161</size>
         <input_file_ref idref="fl-e4"/>
      </object_component>
      <object_component id="oc-31f">
         <name>.debug_info</name>
         <load_address>0xc781</load_address>
         <run_address>0xc781</run_address>
         <size>0x111</size>
         <input_file_ref idref="fl-e5"/>
      </object_component>
      <object_component id="oc-2c9">
         <name>.debug_info</name>
         <load_address>0xc892</load_address>
         <run_address>0xc892</run_address>
         <size>0x296</size>
         <input_file_ref idref="fl-e5"/>
      </object_component>
      <object_component id="oc-24b">
         <name>.debug_info</name>
         <load_address>0xcb28</load_address>
         <run_address>0xcb28</run_address>
         <size>0x107</size>
         <input_file_ref idref="fl-e6"/>
      </object_component>
      <object_component id="oc-180">
         <name>.debug_info</name>
         <load_address>0xcc2f</load_address>
         <run_address>0xcc2f</run_address>
         <size>0x1a9</size>
         <input_file_ref idref="fl-e6"/>
      </object_component>
      <object_component id="oc-249">
         <name>.debug_info</name>
         <load_address>0xcdd8</load_address>
         <run_address>0xcdd8</run_address>
         <size>0x10c</size>
         <input_file_ref idref="fl-e7"/>
      </object_component>
      <object_component id="oc-17c">
         <name>.debug_info</name>
         <load_address>0xcee4</load_address>
         <run_address>0xcee4</run_address>
         <size>0x1d4</size>
         <input_file_ref idref="fl-e7"/>
      </object_component>
      <object_component id="oc-28f">
         <name>.debug_info</name>
         <load_address>0xd0b8</load_address>
         <run_address>0xd0b8</run_address>
         <size>0x199</size>
         <input_file_ref idref="fl-e8"/>
      </object_component>
      <object_component id="oc-318">
         <name>.debug_info</name>
         <load_address>0xd251</load_address>
         <run_address>0xd251</run_address>
         <size>0x170</size>
         <input_file_ref idref="fl-e9"/>
      </object_component>
      <object_component id="oc-1cf">
         <name>.debug_info</name>
         <load_address>0xd3c1</load_address>
         <run_address>0xd3c1</run_address>
         <size>0x26c</size>
         <input_file_ref idref="fl-ea"/>
      </object_component>
      <object_component id="oc-26b">
         <name>.debug_info</name>
         <load_address>0xd62d</load_address>
         <run_address>0xd62d</run_address>
         <size>0x1b7</size>
         <input_file_ref idref="fl-ea"/>
      </object_component>
      <object_component id="oc-193">
         <name>.debug_info</name>
         <load_address>0xd7e4</load_address>
         <run_address>0xd7e4</run_address>
         <size>0x1f4</size>
         <input_file_ref idref="fl-ea"/>
      </object_component>
      <object_component id="oc-199">
         <name>.debug_info</name>
         <load_address>0xd9d8</load_address>
         <run_address>0xd9d8</run_address>
         <size>0x202</size>
         <input_file_ref idref="fl-ea"/>
      </object_component>
      <object_component id="oc-1b1">
         <name>.debug_info</name>
         <load_address>0xdbda</load_address>
         <run_address>0xdbda</run_address>
         <size>0x239</size>
         <input_file_ref idref="fl-ea"/>
      </object_component>
      <object_component id="oc-1a5">
         <name>.debug_info</name>
         <load_address>0xde13</load_address>
         <run_address>0xde13</run_address>
         <size>0x1e8</size>
         <input_file_ref idref="fl-ea"/>
      </object_component>
      <object_component id="oc-1ab">
         <name>.debug_info</name>
         <load_address>0xdffb</load_address>
         <run_address>0xdffb</run_address>
         <size>0x1cd</size>
         <input_file_ref idref="fl-ea"/>
      </object_component>
      <object_component id="oc-1b7">
         <name>.debug_info</name>
         <load_address>0xe1c8</load_address>
         <run_address>0xe1c8</run_address>
         <size>0x1e8</size>
         <input_file_ref idref="fl-ea"/>
      </object_component>
      <object_component id="oc-1bd">
         <name>.debug_info</name>
         <load_address>0xe3b0</load_address>
         <run_address>0xe3b0</run_address>
         <size>0x1bd</size>
         <input_file_ref idref="fl-ea"/>
      </object_component>
      <object_component id="oc-19f">
         <name>.debug_info</name>
         <load_address>0xe56d</load_address>
         <run_address>0xe56d</run_address>
         <size>0x1f6</size>
         <input_file_ref idref="fl-ea"/>
      </object_component>
      <object_component id="oc-279">
         <name>.debug_info</name>
         <load_address>0xe763</load_address>
         <run_address>0xe763</run_address>
         <size>0x1a7</size>
         <input_file_ref idref="fl-eb"/>
      </object_component>
      <object_component id="oc-1f1">
         <name>.debug_info</name>
         <load_address>0xe90a</load_address>
         <run_address>0xe90a</run_address>
         <size>0x106</size>
         <input_file_ref idref="fl-eb"/>
      </object_component>
      <object_component id="oc-ff">
         <name>.debug_info</name>
         <load_address>0xea10</load_address>
         <run_address>0xea10</run_address>
         <size>0x1a6</size>
         <input_file_ref idref="fl-eb"/>
      </object_component>
      <object_component id="oc-f9">
         <name>.debug_info</name>
         <load_address>0xebb6</load_address>
         <run_address>0xebb6</run_address>
         <size>0x1d8</size>
         <input_file_ref idref="fl-eb"/>
      </object_component>
      <object_component id="oc-105">
         <name>.debug_info</name>
         <load_address>0xed8e</load_address>
         <run_address>0xed8e</run_address>
         <size>0x1c9</size>
         <input_file_ref idref="fl-eb"/>
      </object_component>
      <object_component id="oc-32d">
         <name>.debug_info</name>
         <load_address>0xef57</load_address>
         <run_address>0xef57</run_address>
         <size>0xf4</size>
         <input_file_ref idref="fl-ec"/>
      </object_component>
      <object_component id="oc-301">
         <name>.debug_info</name>
         <load_address>0xf04b</load_address>
         <run_address>0xf04b</run_address>
         <size>0x108</size>
         <input_file_ref idref="fl-ec"/>
      </object_component>
      <object_component id="oc-280">
         <name>.debug_info</name>
         <load_address>0xf153</load_address>
         <run_address>0xf153</run_address>
         <size>0x1e9</size>
         <input_file_ref idref="fl-ec"/>
      </object_component>
      <object_component id="oc-286">
         <name>.debug_info</name>
         <load_address>0xf33c</load_address>
         <run_address>0xf33c</run_address>
         <size>0x237</size>
         <input_file_ref idref="fl-ec"/>
      </object_component>
      <object_component id="oc-208">
         <name>.debug_info</name>
         <load_address>0xf573</load_address>
         <run_address>0xf573</run_address>
         <size>0x1fe</size>
         <input_file_ref idref="fl-ec"/>
      </object_component>
      <object_component id="oc-20e">
         <name>.debug_info</name>
         <load_address>0xf771</load_address>
         <run_address>0xf771</run_address>
         <size>0x1fc</size>
         <input_file_ref idref="fl-ec"/>
      </object_component>
      <object_component id="oc-269">
         <name>.debug_info</name>
         <load_address>0xf96d</load_address>
         <run_address>0xf96d</run_address>
         <size>0x204</size>
         <input_file_ref idref="fl-ed"/>
      </object_component>
      <object_component id="oc-265">
         <name>.debug_info</name>
         <load_address>0xfb71</load_address>
         <run_address>0xfb71</run_address>
         <size>0x111</size>
         <input_file_ref idref="fl-ed"/>
      </object_component>
      <object_component id="oc-1f5">
         <name>.debug_info</name>
         <load_address>0xfc82</load_address>
         <run_address>0xfc82</run_address>
         <size>0x1d0</size>
         <input_file_ref idref="fl-ed"/>
      </object_component>
      <object_component id="oc-1c3">
         <name>.debug_info</name>
         <load_address>0xfe52</load_address>
         <run_address>0xfe52</run_address>
         <size>0x215</size>
         <input_file_ref idref="fl-ed"/>
      </object_component>
      <object_component id="oc-1d5">
         <name>.debug_info</name>
         <load_address>0x10067</load_address>
         <run_address>0x10067</run_address>
         <size>0x217</size>
         <input_file_ref idref="fl-ed"/>
      </object_component>
      <object_component id="oc-135">
         <name>.debug_info</name>
         <load_address>0x1027e</load_address>
         <run_address>0x1027e</run_address>
         <size>0x240</size>
         <input_file_ref idref="fl-ed"/>
      </object_component>
      <object_component id="oc-1c9">
         <name>.debug_info</name>
         <load_address>0x104be</load_address>
         <run_address>0x104be</run_address>
         <size>0x1ea</size>
         <input_file_ref idref="fl-ed"/>
      </object_component>
      <object_component id="oc-10b">
         <name>.debug_info</name>
         <load_address>0x106a8</load_address>
         <run_address>0x106a8</run_address>
         <size>0x2ad</size>
         <input_file_ref idref="fl-ed"/>
      </object_component>
      <object_component id="oc-1fb">
         <name>.debug_info</name>
         <load_address>0x10955</load_address>
         <run_address>0x10955</run_address>
         <size>0x1e9</size>
         <input_file_ref idref="fl-ed"/>
      </object_component>
      <object_component id="oc-201">
         <name>.debug_info</name>
         <load_address>0x10b3e</load_address>
         <run_address>0x10b3e</run_address>
         <size>0x1fe</size>
         <input_file_ref idref="fl-ed"/>
      </object_component>
      <object_component id="oc-13b">
         <name>.debug_info</name>
         <load_address>0x10d3c</load_address>
         <run_address>0x10d3c</run_address>
         <size>0x286</size>
         <input_file_ref idref="fl-ee"/>
      </object_component>
      <object_component id="oc-221">
         <name>.debug_info</name>
         <load_address>0x10fc2</load_address>
         <run_address>0x10fc2</run_address>
         <size>0x1a8</size>
         <input_file_ref idref="fl-ee"/>
      </object_component>
      <object_component id="oc-21b">
         <name>.debug_info</name>
         <load_address>0x1116a</load_address>
         <run_address>0x1116a</run_address>
         <size>0x1aa</size>
         <input_file_ref idref="fl-ee"/>
      </object_component>
      <object_component id="oc-14d">
         <name>.debug_info</name>
         <load_address>0x11314</load_address>
         <run_address>0x11314</run_address>
         <size>0x1b4</size>
         <input_file_ref idref="fl-ee"/>
      </object_component>
      <object_component id="oc-153">
         <name>.debug_info</name>
         <load_address>0x114c8</load_address>
         <run_address>0x114c8</run_address>
         <size>0x1c4</size>
         <input_file_ref idref="fl-ee"/>
      </object_component>
      <object_component id="oc-141">
         <name>.debug_info</name>
         <load_address>0x1168c</load_address>
         <run_address>0x1168c</run_address>
         <size>0x1d5</size>
         <input_file_ref idref="fl-ee"/>
      </object_component>
      <object_component id="oc-1e6">
         <name>.debug_info</name>
         <load_address>0x11861</load_address>
         <run_address>0x11861</run_address>
         <size>0x178</size>
         <input_file_ref idref="fl-f0"/>
      </object_component>
      <object_component id="oc-362">
         <name>.debug_info</name>
         <load_address>0x119d9</load_address>
         <run_address>0x119d9</run_address>
         <size>0xdd</size>
      </object_component>
      <object_component id="oc-273">
         <name>.debug_line</name>
         <load_address>0x0</load_address>
         <run_address>0x0</run_address>
         <size>0x89</size>
         <input_file_ref idref="fl-2"/>
      </object_component>
      <object_component id="oc-f0">
         <name>.debug_line</name>
         <load_address>0x89</load_address>
         <run_address>0x89</run_address>
         <size>0x180</size>
         <input_file_ref idref="fl-2"/>
      </object_component>
      <object_component id="oc-177">
         <name>.debug_line</name>
         <load_address>0x209</load_address>
         <run_address>0x209</run_address>
         <size>0x66</size>
         <input_file_ref idref="fl-2"/>
      </object_component>
      <object_component id="oc-2fb">
         <name>.debug_line</name>
         <load_address>0x26f</load_address>
         <run_address>0x26f</run_address>
         <size>0x55</size>
         <input_file_ref idref="fl-2"/>
      </object_component>
      <object_component id="oc-1de">
         <name>.debug_line</name>
         <load_address>0x2c4</load_address>
         <run_address>0x2c4</run_address>
         <size>0x20</size>
         <input_file_ref idref="fl-2"/>
      </object_component>
      <object_component id="oc-25b">
         <name>.debug_line</name>
         <load_address>0x2e4</load_address>
         <run_address>0x2e4</run_address>
         <size>0x66</size>
         <input_file_ref idref="fl-2"/>
      </object_component>
      <object_component id="oc-1ee">
         <name>.debug_line</name>
         <load_address>0x34a</load_address>
         <run_address>0x34a</run_address>
         <size>0x53</size>
         <input_file_ref idref="fl-2"/>
      </object_component>
      <object_component id="oc-215">
         <name>.debug_line</name>
         <load_address>0x39d</load_address>
         <run_address>0x39d</run_address>
         <size>0x1b0</size>
         <input_file_ref idref="fl-3"/>
      </object_component>
      <object_component id="oc-ad">
         <name>.debug_line</name>
         <load_address>0x54d</load_address>
         <run_address>0x54d</run_address>
         <size>0x25e</size>
         <input_file_ref idref="fl-3"/>
      </object_component>
      <object_component id="oc-87">
         <name>.debug_line</name>
         <load_address>0x7ab</load_address>
         <run_address>0x7ab</run_address>
         <size>0x20</size>
         <input_file_ref idref="fl-3"/>
      </object_component>
      <object_component id="oc-172">
         <name>.debug_line</name>
         <load_address>0x7cb</load_address>
         <run_address>0x7cb</run_address>
         <size>0x66</size>
         <input_file_ref idref="fl-3"/>
      </object_component>
      <object_component id="oc-115">
         <name>.debug_line</name>
         <load_address>0x831</load_address>
         <run_address>0x831</run_address>
         <size>0x4b</size>
         <input_file_ref idref="fl-4"/>
      </object_component>
      <object_component id="oc-83">
         <name>.debug_line</name>
         <load_address>0x87c</load_address>
         <run_address>0x87c</run_address>
         <size>0x61</size>
         <input_file_ref idref="fl-5"/>
      </object_component>
      <object_component id="oc-34">
         <name>.debug_line</name>
         <load_address>0x8dd</load_address>
         <run_address>0x8dd</run_address>
         <size>0x61</size>
         <input_file_ref idref="fl-5"/>
      </object_component>
      <object_component id="oc-2f">
         <name>.debug_line</name>
         <load_address>0x93e</load_address>
         <run_address>0x93e</run_address>
         <size>0xd9</size>
         <input_file_ref idref="fl-5"/>
      </object_component>
      <object_component id="oc-247">
         <name>.debug_line</name>
         <load_address>0xa17</load_address>
         <run_address>0xa17</run_address>
         <size>0x15b</size>
         <input_file_ref idref="fl-6"/>
      </object_component>
      <object_component id="oc-245">
         <name>.debug_line</name>
         <load_address>0xb72</load_address>
         <run_address>0xb72</run_address>
         <size>0x5d</size>
         <input_file_ref idref="fl-6"/>
      </object_component>
      <object_component id="oc-dc">
         <name>.debug_line</name>
         <load_address>0xbcf</load_address>
         <run_address>0xbcf</run_address>
         <size>0x1d7</size>
         <input_file_ref idref="fl-6"/>
      </object_component>
      <object_component id="oc-28">
         <name>.debug_line</name>
         <load_address>0xda6</load_address>
         <run_address>0xda6</run_address>
         <size>0x4d</size>
         <input_file_ref idref="fl-c1"/>
      </object_component>
      <object_component id="oc-90">
         <name>.debug_line</name>
         <load_address>0xdf3</load_address>
         <run_address>0xdf3</run_address>
         <size>0xa5</size>
         <input_file_ref idref="fl-c2"/>
      </object_component>
      <object_component id="oc-14">
         <name>.debug_line</name>
         <load_address>0xe98</load_address>
         <run_address>0xe98</run_address>
         <size>0x55</size>
         <input_file_ref idref="fl-c2"/>
      </object_component>
      <object_component id="oc-3f">
         <name>.debug_line</name>
         <load_address>0xeed</load_address>
         <run_address>0xeed</run_address>
         <size>0x3a</size>
         <input_file_ref idref="fl-c2"/>
      </object_component>
      <object_component id="oc-8d">
         <name>.debug_line</name>
[...]
      </symbol>
      <symbol id="sm-f6">
         <name>ProcessWriteCommand</name>
         <value>0x20005cc3</value>
         <object_component_ref idref="oc-ac"/>
      </symbol>
      <symbol id="sm-f7">
         <name>DisplayPrompt</name>
         <value>0x200054fd</value>
         <object_component_ref idref="oc-ac"/>
      </symbol>
      <symbol id="sm-f8">
         <name>ProcessWriteRegCommand</name>
         <value>0x20005b2d</value>
         <object_component_ref idref="oc-ac"/>
      </symbol>
      <symbol id="sm-f9">
         <name>ParseNProcessCmd</name>
         <value>0x20005dcf</value>
         <object_component_ref idref="oc-ac"/>
      </symbol>
      <symbol id="sm-fa">
         <name>DisplayUsage</name>
         <value>0x20005507</value>
         <object_component_ref idref="oc-ac"/>
      </symbol>
      <symbol id="sm-fb">
         <name>DisplayBuffer</name>
         <value>0x20005959</value>
         <object_component_ref idref="oc-ac"/>
      </symbol>
      <symbol id="sm-105">
         <name>PinMuxConfig</name>
         <value>0x20007b59</value>
         <object_component_ref idref="oc-110"/>
      </symbol>
      <symbol id="sm-124">
         <name>ResetISR</name>
         <value>0x20007f2b</value>
         <object_component_ref idref="oc-2d"/>
      </symbol>
      <symbol id="sm-125">
         <name>g_pfnVectors</name>
         <value>0x20004000</value>
         <object_component_ref idref="oc-f"/>
      </symbol>
      <symbol id="sm-162">
         <name>GetCmd</name>
         <value>0x2000669f</value>
         <object_component_ref idref="oc-da"/>
      </symbol>
      <symbol id="sm-163">
         <name>Message</name>
         <value>0x2000663b</value>
         <object_component_ref idref="oc-da"/>
      </symbol>
      <symbol id="sm-164">
         <name>Report</name>
         <value>0x200067dd</value>
         <object_component_ref idref="oc-da"/>
      </symbol>
      <symbol id="sm-165">
         <name>Error</name>
         <value>0x20006667</value>
         <object_component_ref idref="oc-da"/>
      </symbol>
      <symbol id="sm-166">
         <name>InitTerm</name>
         <value>0x2000661d</value>
         <object_component_ref idref="oc-da"/>
      </symbol>
      <symbol id="sm-167">
         <name>ClearTerm</name>
         <value>0x2000665d</value>
         <object_component_ref idref="oc-da"/>
      </symbol>
      <symbol id="sm-168">
         <name>TrimSpace</name>
         <value>0x20006745</value>
         <object_component_ref idref="oc-da"/>
      </symbol>
      <symbol id="sm-178">
         <name>_c_int00</name>
         <value>0x20007a9d</value>
         <object_component_ref idref="oc-24"/>
      </symbol>
      <symbol id="sm-179">
         <name>__stack</name>
         <value>0x2002f800</value>
         <object_component_ref idref="oc-29"/>
      </symbol>
      <symbol id="sm-190">
         <name>__TI_decompress_none</name>
         <value>0x20007f1d</value>
         <object_component_ref idref="oc-12"/>
      </symbol>
      <symbol id="sm-1b8">
         <name>__TI_decompress_rle24</name>
         <value>0x20007f51</value>
         <object_component_ref idref="oc-18"/>
      </symbol>
      <symbol id="sm-1da">
         <name>C$$EXIT</name>
         <value>0x20007929</value>
         <object_component_ref idref="oc-73"/>
      </symbol>
      <symbol id="sm-1db">
         <name>abort</name>
         <value>0x2000792d</value>
         <object_component_ref idref="oc-73"/>
      </symbol>
      <symbol id="sm-1dc">
         <name>exit</name>
         <value>0x20007935</value>
         <object_component_ref idref="oc-73"/>
      </symbol>
      <symbol id="sm-1dd">
         <name>__TI_dtors_ptr</name>
         <value>0x20017804</value>
         <object_component_ref idref="oc-b4"/>
      </symbol>
      <symbol id="sm-1de">
         <name>__TI_cleanup_ptr</name>
         <value>0x20017800</value>
         <object_component_ref idref="oc-b4"/>
      </symbol>
      <symbol id="sm-1df">
         <name>__TI_enable_exit_profile_output</name>
         <value>0x20017808</value>
         <object_component_ref idref="oc-b4"/>
      </symbol>
      <symbol id="sm-1fa">
         <name>memcpy</name>
         <value>0x20007281</value>
         <object_component_ref idref="oc-36"/>
      </symbol>
      <symbol id="sm-1fb">
         <name>__aeabi_memcpy</name>
         <value>0x20007281</value>
         <object_component_ref idref="oc-36"/>
      </symbol>
      <symbol id="sm-1fc">
         <name>__aeabi_memcpy8</name>
         <value>0x20007281</value>
         <object_component_ref idref="oc-36"/>
      </symbol>
      <symbol id="sm-1fd">
         <name>__aeabi_memcpy4</name>
         <value>0x20007281</value>
         <object_component_ref idref="oc-36"/>
      </symbol>
      <symbol id="sm-20d">
         <name>memmove</name>
         <value>0x20007cbd</value>
         <object_component_ref idref="oc-15e"/>
      </symbol>
      <symbol id="sm-281">
         <name>_sys_memory</name>
         <value>0x20017000</value>
         <object_component_ref idref="oc-2a"/>
      </symbol>
      <symbol id="sm-282">
         <name>free</name>
         <value>0x200060a7</value>
         <object_component_ref idref="oc-164"/>
      </symbol>
      <symbol id="sm-283">
         <name>realloc</name>
         <value>0x20006169</value>
         <object_component_ref idref="oc-164"/>
      </symbol>
      <symbol id="sm-284">
         <name>memalign</name>
         <value>0x20006275</value>
         <object_component_ref idref="oc-164"/>
      </symbol>
      <symbol id="sm-285">
         <name>calloc</name>
         <value>0x20006359</value>
         <object_component_ref idref="oc-164"/>
      </symbol>
      <symbol id="sm-286">
         <name>malloc</name>
         <value>0x2000603f</value>
         <object_component_ref idref="oc-164"/>
      </symbol>
      <symbol id="sm-287">
         <name>minit</name>
         <value>0x20005fb1</value>
         <object_component_ref idref="oc-164"/>
      </symbol>
      <symbol id="sm-296">
         <name>__aeabi_memset</name>
         <value>0x20007653</value>
         <object_component_ref idref="oc-4f"/>
      </symbol>
      <symbol id="sm-297">
         <name>memset</name>
         <value>0x20007659</value>
         <object_component_ref idref="oc-4f"/>
      </symbol>
      <symbol id="sm-298">
         <name>__aeabi_memset8</name>
         <value>0x20007653</value>
         <object_component_ref idref="oc-4f"/>
      </symbol>
      <symbol id="sm-299">
         <name>__aeabi_memset4</name>
         <value>0x20007653</value>
         <object_component_ref idref="oc-4f"/>
      </symbol>
      <symbol id="sm-29a">
         <name>__aeabi_memclr8</name>
         <value>0x20007651</value>
         <object_component_ref idref="oc-4f"/>
      </symbol>
      <symbol id="sm-29b">
         <name>__aeabi_memclr4</name>
         <value>0x20007651</value>
         <object_component_ref idref="oc-4f"/>
      </symbol>
      <symbol id="sm-29c">
         <name>__aeabi_memclr</name>
         <value>0x20007651</value>
         <object_component_ref idref="oc-4f"/>
      </symbol>
      <symbol id="sm-2a6">
         <name>__mpu_init</name>
         <value>0x20006c47</value>
         <object_component_ref idref="oc-5b"/>
      </symbol>
      <symbol id="sm-2b0">
         <name>_system_pre_init</name>
         <value>0x20007f57</value>
         <object_component_ref idref="oc-61"/>
      </symbol>
      <symbol id="sm-2b8">
         <name>main_func_sp</name>
         <value>0x20017824</value>
         <object_component_ref idref="oc-79"/>
      </symbol>
      <symbol id="sm-2c7">
         <name>strcmp</name>
         <value>0x20007e01</value>
         <object_component_ref idref="oc-f2"/>
      </symbol>
      <symbol id="sm-2d5">
         <name>strlen</name>
         <value>0x20007ec5</value>
         <object_component_ref idref="oc-158"/>
      </symbol>
      <symbol id="sm-2ed">
         <name>strtok</name>
         <value>0x20007add</value>
         <object_component_ref idref="oc-e0"/>
      </symbol>
      <symbol id="sm-30e">
         <name>strtoul</name>
         <value>0x20006ef9</value>
         <object_component_ref idref="oc-e6"/>
      </symbol>
      <symbol id="sm-32f">
         <name>vsnprintf</name>
         <value>0x20007439</value>
         <object_component_ref idref="oc-146"/>
      </symbol>
      <symbol id="sm-348">
         <name>_nop</name>
         <value>0x20007ebf</value>
         <object_component_ref idref="oc-121"/>
      </symbol>
      <symbol id="sm-349">
         <name>_lock</name>
         <value>0x20017818</value>
         <object_component_ref idref="oc-b7"/>
      </symbol>
      <symbol id="sm-34a">
         <name>_unlock</name>
         <value>0x2001781c</value>
         <object_component_ref idref="oc-b7"/>
      </symbol>
      <symbol id="sm-34b">
         <name>_register_lock</name>
         <value>0x20007eb7</value>
         <object_component_ref idref="oc-121"/>
      </symbol>
      <symbol id="sm-34c">
         <name>_register_unlock</name>
         <value>0x20007eb1</value>
         <object_component_ref idref="oc-121"/>
      </symbol>
      <symbol id="sm-453">
         <name>__TI_printfi</name>
         <value>0x200051f7</value>
         <object_component_ref idref="oc-228"/>
      </symbol>
      <symbol id="sm-467">
         <name>_args_main</name>
         <value>0x20007de9</value>
         <object_component_ref idref="oc-6d"/>
      </symbol>
      <symbol id="sm-47d">
         <name>atoi</name>
         <value>0x2000797d</value>
         <object_component_ref idref="oc-2d4"/>
      </symbol>
      <symbol id="sm-4a2">
         <name>__TI_auto_init</name>
         <value>0x20007741</value>
         <object_component_ref idref="oc-67"/>
      </symbol>
      <symbol id="sm-4bc">
         <name>copy_in</name>
         <value>0x200079c9</value>
         <object_component_ref idref="oc-9e"/>
      </symbol>
      <symbol id="sm-4c7">
         <name>_ctypes_</name>
         <value>0x20007f5c</value>
         <object_component_ref idref="oc-18a"/>
      </symbol>
      <symbol id="sm-4cf">
         <name>errno</name>
         <value>0x20017820</value>
         <object_component_ref idref="oc-18d"/>
      </symbol>
      <symbol id="sm-4e6">
         <name>__aeabi_dsub</name>
         <value>0x20006a91</value>
         <object_component_ref idref="oc-2b7"/>
      </symbol>
      <symbol id="sm-4e7">
         <name>__aeabi_dadd</name>
         <value>0x20006a9b</value>
         <object_component_ref idref="oc-2b7"/>
      </symbol>
      <symbol id="sm-509">
         <name>__aeabi_cdcmpeq</name>
         <value>0x200074c1</value>
         <object_component_ref idref="oc-293"/>
      </symbol>
      <symbol id="sm-50a">
         <name>__aeabi_cdcmple</name>
         <value>0x200074c1</value>
         <object_component_ref idref="oc-293"/>
      </symbol>
      <symbol id="sm-50b">
         <name>__aeabi_cdrcmple</name>
         <value>0x20007547</value>
         <object_component_ref idref="oc-2a2"/>
      </symbol>
      <symbol id="sm-51f">
         <name>__aeabi_ddiv</name>
         <value>0x20006dc1</value>
         <object_component_ref idref="oc-29d"/>
      </symbol>
      <symbol id="sm-52a">
         <name>__aeabi_dmul</name>
         <value>0x2000700d</value>
         <object_component_ref idref="oc-298"/>
      </symbol>
      <symbol id="sm-534">
         <name>__aeabi_d2iz</name>
         <value>0x20007a15</value>
         <object_component_ref idref="oc-2a7"/>
      </symbol>
      <symbol id="sm-53e">
         <name>__aeabi_i2d</name>
         <value>0x20007bbd</value>
         <object_component_ref idref="oc-2b2"/>
      </symbol>
      <symbol id="sm-54d">
         <name>ltoa</name>
         <value>0x200078d1</value>
         <object_component_ref idref="oc-2ac"/>
      </symbol>
      <symbol id="sm-55d">
         <name>memccpy</name>
         <value>0x20007d9b</value>
         <object_component_ref idref="oc-2ce"/>
      </symbol>
      <symbol id="sm-576">
         <name>frexpl</name>
         <value>0x2000781d</value>
         <object_component_ref idref="oc-2bc"/>
      </symbol>
      <symbol id="sm-577">
         <name>frexp</name>
         <value>0x2000781d</value>
         <object_component_ref idref="oc-2bc"/>
      </symbol>
      <symbol id="sm-595">
         <name>scalbn</name>
         <value>0x20007109</value>
         <object_component_ref idref="oc-2c2"/>
      </symbol>
      <symbol id="sm-596">
         <name>scalbnl</name>
         <value>0x20007109</value>
         <object_component_ref idref="oc-2c2"/>
      </symbol>
      <symbol id="sm-597">
         <name>ldexpl</name>
         <value>0x20007109</value>
         <object_component_ref idref="oc-2c2"/>
      </symbol>
      <symbol id="sm-598">
         <name>ldexp</name>
         <value>0x20007109</value>
         <object_component_ref idref="oc-2c2"/>
      </symbol>
      <symbol id="sm-5a2">
         <name>_system_post_cinit</name>
         <value>0x20006ef7</value>
         <object_component_ref idref="oc-a4"/>
      </symbol>
      <symbol id="sm-5b2">
         <name>strchr</name>
         <value>0x20007e71</value>
         <object_component_ref idref="oc-2c8"/>
      </symbol>
      <symbol id="sm-5c3">
         <name>strcspn</name>
         <value>0x20007ce1</value>
         <object_component_ref idref="oc-17f"/>
      </symbol>
      <symbol id="sm-5d5">
         <name>strspn</name>
         <value>0x20007c45</value>
         <object_component_ref idref="oc-179"/>
      </symbol>
      <symbol id="sm-5f1">
         <name>__aeabi_uldivmod</name>
         <value>0x2000689d</value>
         <object_component_ref idref="oc-28e"/>
      </symbol>
      <symbol id="sm-5fb">
         <name>copysign</name>
         <value>0x20007f43</value>
         <object_component_ref idref="oc-316"/>
      </symbol>
      <symbol id="sm-5fc">
         <name>copysignl</name>
         <value>0x20007f43</value>
         <object_component_ref idref="oc-316"/>
      </symbol>
      <symbol id="sm-65b">
         <name>I2CMasterDataPut</name>
         <value>0x20007e19</value>
         <object_component_ref idref="oc-1b6"/>
      </symbol>
      <symbol id="sm-65c">
         <name>I2CMasterInitExpClk</name>
         <value>0x200075cd</value>
         <object_component_ref idref="oc-1ce"/>
      </symbol>
      <symbol id="sm-65d">
         <name>I2CMasterIntClearEx</name>
         <value>0x20007eeb</value>
         <object_component_ref idref="oc-198"/>
      </symbol>
      <symbol id="sm-65e">
         <name>I2CMasterSlaveAddrSet</name>
         <value>0x20007d05</value>
         <object_component_ref idref="oc-1b0"/>
      </symbol>
      <symbol id="sm-65f">
         <name>I2CMasterDataGet</name>
         <value>0x20007f0f</value>
         <object_component_ref idref="oc-1bc"/>
      </symbol>
      <symbol id="sm-660">
         <name>I2CMasterErr</name>
         <value>0x20007beb</value>
         <object_component_ref idref="oc-1aa"/>
      </symbol>
      <symbol id="sm-661">
         <name>I2CMasterTimeoutSet</name>
         <value>0x20007efd</value>
         <object_component_ref idref="oc-19e"/>
      </symbol>
      <symbol id="sm-662">
         <name>I2CMasterControl</name>
         <value>0x20007ed9</value>
         <object_component_ref idref="oc-1a4"/>
      </symbol>
      <symbol id="sm-663">
         <name>I2CMasterEnable</name>
         <value>0x20007e2f</value>
         <object_component_ref idref="oc-26a"/>
      </symbol>
      <symbol id="sm-664">
         <name>I2CMasterIntStatusEx</name>
         <value>0x20007d27</value>
         <object_component_ref idref="oc-192"/>
      </symbol>
      <symbol id="sm-693">
         <name>IntVTableBaseSet</name>
         <value>0x20007e9d</value>
         <object_component_ref idref="oc-f8"/>
      </symbol>
      <symbol id="sm-694">
         <name>IntEnable</name>
         <value>0x200071d9</value>
         <object_component_ref idref="oc-104"/>
      </symbol>
      <symbol id="sm-695">
         <name>IntMasterEnable</name>
         <value>0x20007f39</value>
         <object_component_ref idref="oc-fe"/>
      </symbol>
      <symbol id="sm-6ca">
         <name>PinTypeI2C</name>
         <value>0x20007d63</value>
         <object_component_ref idref="oc-20d"/>
      </symbol>
      <symbol id="sm-6cb">
         <name>PinTypeUART</name>
         <value>0x20007db7</value>
         <object_component_ref idref="oc-207"/>
      </symbol>
      <symbol id="sm-6cc">
         <name>PinConfigSet</name>
         <value>0x200073b1</value>
         <object_component_ref idref="oc-284"/>
      </symbol>
      <symbol id="sm-6cd">
         <name>PinModeSet</name>
         <value>0x20007a5d</value>
         <object_component_ref idref="oc-27e"/>
      </symbol>
      <symbol id="sm-753">
         <name>PRCMPeripheralReset</name>
         <value>0x20007879</value>
         <object_component_ref idref="oc-1c8"/>
      </symbol>
      <symbol id="sm-754">
         <name>PRCMPeripheralClkEnable</name>
         <value>0x20007b1d</value>
         <object_component_ref idref="oc-1c2"/>
      </symbol>
      <symbol id="sm-755">
         <name>PRCMPeripheralClockGet</name>
         <value>0x2000731d</value>
         <object_component_ref idref="oc-134"/>
      </symbol>
      <symbol id="sm-756">
         <name>PRCMCC3200MCUInit</name>
         <value>0x20006c49</value>
         <object_component_ref idref="oc-10a"/>
      </symbol>
      <symbol id="sm-757">
         <name>PRCMHIBRegWrite</name>
         <value>0x20007e5b</value>
         <object_component_ref idref="oc-200"/>
      </symbol>
      <symbol id="sm-758">
         <name>PRCMSysResetCauseGet</name>
         <value>0x20007c19</value>
         <object_component_ref idref="oc-1f4"/>
      </symbol>
      <symbol id="sm-759">
         <name>PRCMPeripheralClkDisable</name>
         <value>0x20007c71</value>
         <object_component_ref idref="oc-1d4"/>
      </symbol>
      <symbol id="sm-75a">
         <name>PRCMHIBRegRead</name>
         <value>0x20007e45</value>
         <object_component_ref idref="oc-1fa"/>
      </symbol>
      <symbol id="sm-796">
         <name>UARTConfigSetExpClk</name>
         <value>0x200076cb</value>
         <object_component_ref idref="oc-13a"/>
      </symbol>
      <symbol id="sm-797">
         <name>UARTDisable</name>
         <value>0x20007b8d</value>
         <object_component_ref idref="oc-21a"/>
      </symbol>
      <symbol id="sm-798">
         <name>UARTCharsAvail</name>
         <value>0x20007dd1</value>
         <object_component_ref idref="oc-14c"/>
      </symbol>
      <symbol id="sm-799">
         <name>UARTCharGetNonBlocking</name>
         <value>0x20007d7f</value>
         <object_component_ref idref="oc-152"/>
      </symbol>
      <symbol id="sm-79a">
         <name>UARTCharPut</name>
         <value>0x20007d45</value>
         <object_component_ref idref="oc-140"/>
      </symbol>
      <symbol id="sm-79b">
         <name>UARTEnable</name>
         <value>0x20007c99</value>
         <object_component_ref idref="oc-220"/>
      </symbol>
      <symbol id="sm-79f">
         <name>UtilsDelay</name>
         <value>0x20007f4b</value>
         <object_component_ref idref="oc-27b"/>
      </symbol>
      <symbol id="sm-7a9">
         <name>CPUcpsie</name>
         <value>0x20007e87</value>
         <object_component_ref idref="oc-1e4"/>
      </symbol>
      <symbol id="sm-7ab">
         <name>__TI_static_base__</name>
         <value>0x20008220</value>
      </symbol>
      <symbol id="sm-7ae">
         <name>SHT$$INIT_ARRAY$$Limit</name>
         <value>0x0</value>
      </symbol>
      <symbol id="sm-7af">
         <name>SHT$$INIT_ARRAY$$Base</name>
         <value>0x0</value>
      </symbol>
   </symbol_table>
   <title>Link successful</title>
</link_info>
