******************************************************************************
                  TI ARM Linker PC v15.12.1                    
******************************************************************************
>> Linked Mon Aug 08 02:11:37 2016

OUTPUT FILE NAME:   <sdhost.out>
ENTRY POINT SYMBOL: "_c_int00"  address: 20006e51


MEMORY CONFIGURATION

         name            origin    length      used     unused   attr    fill
----------------------  --------  ---------  --------  --------  ----  --------
  SRAM_CODE             20004000   00013000  00003624  0000f9dc  RW X
  SRAM_DATA             20017000   00019000  00001a2c  000175d4  RW X


SEGMENT ALLOCATION MAP

run origin  load origin   length   init length attrs members
----------  ----------- ---------- ----------- ----- -------
20004000    20004000    00003624   00003624    r-x
  20004000    20004000    00003314   00003314    r-x .text
  20007314    20007314    000002c4   000002c4    r-- .const
  200075d8    200075d8    0000004c   0000004c    r-- .cinit
20017000    20017000    00000a2c   00000000    rw-
  20017000    20017000    00000800   00000000    rw- .sysmem
  20017800    20017800    00000204   00000000    rw- .bss
  20017a04    20017a04    00000028   00000000    rw- .data
2002f000    2002f000    00001000   00000000    rw-
  2002f000    2002f000    00001000   00000000    rw- .stack


SECTION ALLOCATION MAP

 output                                  attributes/
section   page    origin      length       input sections
--------  ----  ----------  ----------   ----------------
.init_array 
*          0    20004000    00000000     UNINITIALIZED

.text      0    20004000    00003314     
                  20004000    000010fc     rtsv7M4_T_le_eabi.lib : _printfi.obj (.text)
                  200050fc    000005b0     main.obj (.text)
                  200056ac    000003dc     rtsv7M4_T_le_eabi.lib : memory.obj (.text)
                  20005a88    00000280     uart_if.obj (.text)
                  20005d08    000001f4     rtsv7M4_T_le_eabi.lib : ull_div_t2.obj (.text)
                  20005efc    000001b6                           : fd_add_t2.obj (.text)
                  200060b2    00000002                           : mpu_init.obj (.text)
                  200060b4    00000178     driverlib.a : prcm.obj (.text:PRCMCC3200MCUInit)
                  2000622c    00000136     rtsv7M4_T_le_eabi.lib : fd_div_t2.obj (.text)
                  20006362    000000fc                           : fd_mul_t2.obj (.text)
                  2000645e    00000002                           : startup.obj (.text)
                  20006460    000000d0                           : s_scalbn.obj (.text)
                  20006530    000000a8     driverlib.a : interrupt.obj (.text:IntEnable)
                  200065d8    0000009c     rtsv7M4_T_le_eabi.lib : memcpy_t2.obj (.text)
                  20006674    00000094     driverlib.a : prcm.obj (.text:PRCMPeripheralClockGet)
                  20006708    00000088                 : pin.obj (.text:PinConfigSet)
                  20006790    00000088     rtsv7M4_T_le_eabi.lib : vsnprintf.obj (.text)
                  20006818    00000086                           : fd_cmp_t2.obj (.text:__aeabi_cdcmple)
                  2000689e    00000086                           : fd_cmp_t2.obj (.text:__aeabi_cdrcmple)
                  20006924    0000007c     driverlib.a : sdhost.obj (.text:SDHostInit)
                  200069a0    0000007a     rtsv7M4_T_le_eabi.lib : memset_t2.obj (.text)
                  20006a1a    00000076     driverlib.a : uart.obj (.text:UARTConfigSetExpClk)
                  20006a90    00000070     rtsv7M4_T_le_eabi.lib : autoinit.obj (.text)
                  20006b00    0000006a                           : copy_decompress_rle.obj (.text)
                  20006b6a    00000066     driverlib.a : sdhost.obj (.text:SDHostSetExpClk)
                  20006bd0    0000005c     rtsv7M4_T_le_eabi.lib : s_frexp.obj (.text)
                  20006c2c    00000058     driverlib.a : prcm.obj (.text:PRCMPeripheralReset)
                  20006c84    00000056     rtsv7M4_T_le_eabi.lib : ltoa.obj (.text)
                  20006cda    00000002     --HOLE-- [fill = 0]
                  20006cdc    00000054                           : exit.obj (.text)
                  20006d30    0000004c                           : atoi.obj (.text)
                  20006d7c    0000004c                           : cpy_tbl.obj (.text)
                  20006dc8    00000048                           : fd_toi_t2.obj (.text)
                  20006e10    00000040     driverlib.a : pin.obj (.text:PinModeSet)
                  20006e50    00000040     rtsv7M4_T_le_eabi.lib : boot.obj (.text)
                  20006e90    0000003e     driverlib.a : sdhost.obj (.text:SDHostCmdSend)
                  20006ece    00000002     --HOLE-- [fill = 0]
                  20006ed0    0000003c                 : prcm.obj (.text:PRCMPeripheralClkEnable)
                  20006f0c    0000003c                 : pin.obj (.text:PinDirModeSet)
                  20006f48    0000003c     pinmux.obj (.text)
                  20006f84    00000034     driverlib.a : sdhost.obj (.text:SDHostRespGet)
                  20006fb8    00000030                 : uart.obj (.text:UARTDisable)
                  20006fe8    0000002e     rtsv7M4_T_le_eabi.lib : i_tofd_t2.obj (.text)
                  20007016    00000002     --HOLE-- [fill = 0]
                  20007018    0000002c     driverlib.a : prcm.obj (.text:PRCMSysResetCauseGet)
                  20007044    0000002c                 : sdhost.obj (.text:SDHostIntStatus)
                  20007070    00000028                 : prcm.obj (.text:PRCMPeripheralClkDisable)
                  20007098    00000028                 : sdhost.obj (.text:SDHostBlockSizeSet)
                  200070c0    00000026                 : sdhost.obj (.text:SDHostBlockCountSet)
                  200070e6    00000002     --HOLE-- [fill = 0]
                  200070e8    00000024                 : sdhost.obj (.text:SDHostIntClear)
                  2000710c    00000024                 : uart.obj (.text:UARTEnable)
                  20007130    00000024     rtsv7M4_T_le_eabi.lib : memmov.obj (.text)
                  20007154    00000022     driverlib.a : sdhost.obj (.text:SDHostCmdReset)
                  20007176    00000020                 : sdhost.obj (.text:SDHostDataRead)
                  20007196    0000001e                 : uart.obj (.text:UARTCharPut)
                  200071b4    0000001c                 : uart.obj (.text:UARTCharGetNonBlocking)
                  200071d0    0000001c     rtsv7M4_T_le_eabi.lib : memccpy.obj (.text)
                  200071ec    0000001a     driverlib.a : pin.obj (.text:PinTypeSDHost)
                  20007206    0000001a                 : pin.obj (.text:PinTypeUART)
                  20007220    00000018                 : uart.obj (.text:UARTCharsAvail)
                  20007238    00000018     rtsv7M4_T_le_eabi.lib : args_main.obj (.text)
                  20007250    00000016     driverlib.a : prcm.obj (.text:PRCMHIBRegRead)
                  20007266    00000016                 : prcm.obj (.text:PRCMHIBRegWrite)
                  2000727c    00000016     rtsv7M4_T_le_eabi.lib : strchr.obj (.text)
                  20007292    00000014     driverlib.a : cpu.obj (.text:CPUcpsie)
                  200072a6    00000002     --HOLE-- [fill = 0]
                  200072a8    00000014                 : interrupt.obj (.text:IntVTableBaseSet)
                  200072bc    00000014     rtsv7M4_T_le_eabi.lib : _lock.obj (.text)
                  200072d0    00000014                           : strlen.obj (.text)
                  200072e4    0000000e                           : copy_decompress_none.obj (.text:decompress:none)
                  200072f2    0000000a     driverlib.a : interrupt.obj (.text:IntMasterEnable)
                  200072fc    00000008     rtsv7M4_T_le_eabi.lib : s_copysign.obj (.text)
                  20007304    00000006     driverlib.a : utils.obj (.text:UtilsDelay)
                  2000730a    00000006     rtsv7M4_T_le_eabi.lib : copy_decompress_rle.obj (.text:decompress:rle24)
                  20007310    00000004                           : pre_init.obj (.text)

.const     0    20007314    000002c4     
                  20007314    00000101     rtsv7M4_T_le_eabi.lib : ctype.obj (.const:.string:_ctypes_)
                  20007415    00000003     --HOLE-- [fill = 0]
                  20007418    00000100     driverlib.a : pin.obj (.const:g_ulPinToPadMap)
                  20007518    000000a8                 : prcm.obj (.const:PRCM_PeriphRegsList)
                  200075c0    00000018                 : interrupt.obj (.const:g_pulEnRegs)

.cinit     0    200075d8    0000004c     
                  200075d8    00000023     (.cinit..data.load) [load image, compression = rle]
                  200075fb    00000005     --HOLE-- [fill = 0]
                  20007600    0000000b     (.cinit..bss.load) [load image, compression = rle]
                  2000760b    00000001     --HOLE-- [fill = 0]
                  2000760c    00000008     (__TI_handler_table)
                  20007614    00000010     (__TI_cinit_table)

.sysmem    0    20017000    00000800     UNINITIALIZED
                  20017000    00000008     rtsv7M4_T_le_eabi.lib : memory.obj (.sysmem)
                  20017008    000007f8     --HOLE--

.bss       0    20017800    00000204     UNINITIALIZED
                  20017800    00000200     main.obj (.bss:g_ucDataBuff)
                  20017a00    00000004     (.common:__Errorlog)

.data      0    20017a04    00000028     UNINITIALIZED
                  20017a04    0000000c     rtsv7M4_T_le_eabi.lib : exit.obj (.data:$O1$$)
                  20017a10    0000000c                           : memory.obj (.data:$O1$$)
                  20017a1c    00000008                           : _lock.obj (.data:$O1$$)
                  20017a24    00000004                           : errno.obj (.data)
                  20017a28    00000004                           : stkdepth_vars.obj (.data)

.stack     0    2002f000    00001000     UNINITIALIZED
                  2002f000    00001000     --HOLE--

MODULE SUMMARY

       Module                     code    ro data   rw data
       ------                     ----    -------   -------
    .\
       main.obj                   1456    0         512    
       uart_if.obj                640     0         4      
       pinmux.obj                 60      0         0      
    +--+--------------------------+-------+---------+---------+
       Total:                     2156    0         516    
                                                           
    C:/ti/CC3200SDK_1.2.0/cc3200-sdk/driverlib/ccs/Release/driverlib.a
       prcm.obj                   800     168       0      
       pin.obj                    312     256       0      
       sdhost.obj                 564     0         0      
       uart.obj                   284     0         0      
       interrupt.obj              198     24        0      
       cpu.obj                    20      0         0      
       utils.obj                  6       0         0      
    +--+--------------------------+-------+---------+---------+
       Total:                     2184    448       0      
                                                           
    C:\TI\ccsv6\tools\compiler\ti-cgt-arm_15.12.1.LTS\lib\rtsv7M4_T_le_eabi.lib
       _printfi.obj               4348    0         0      
       memory.obj                 988     0         12     
       ull_div_t2.obj             500     0         0      
       fd_add_t2.obj              438     0         0      
       fd_div_t2.obj              310     0         0      
       fd_cmp_t2.obj              268     0         0      
       ctype.obj                  0       257       0      
       fd_mul_t2.obj              252     0         0      
       s_scalbn.obj               208     0         0      
       memcpy_t2.obj              156     0         0      
       vsnprintf.obj              136     0         0      
       memset_t2.obj              122     0         0      
       autoinit.obj               112     0         0      
       copy_decompress_rle.obj    112     0         0      
       exit.obj                   84      0         12     
       s_frexp.obj                92      0         0      
       ltoa.obj                   86      0         0      
       atoi.obj                   76      0         0      
       cpy_tbl.obj                76      0         0      
       fd_toi_t2.obj              72      0         0      
       boot.obj                   64      0         0      
       i_tofd_t2.obj              46      0         0      
       memmov.obj                 36      0         0      
       _lock.obj                  20      0         8      
       memccpy.obj                28      0         0      
       args_main.obj              24      0         0      
       strchr.obj                 22      0         0      
       strlen.obj                 20      0         0      
       copy_decompress_none.obj   14      0         0      
       s_copysign.obj             8       0         0      
       errno.obj                  0       0         4      
       pre_init.obj               4       0         0      
       stkdepth_vars.obj          0       0         4      
       mpu_init.obj               2       0         0      
       startup.obj                2       0         0      
    +--+--------------------------+-------+---------+---------+
       Total:                     8726    257       40     
                                                           
       Heap:                      0       0         2048   
       Stack:                     0       0         4096   
       Linker Generated:          0       70        0      
    +--+--------------------------+-------+---------+---------+
       Grand Total:               13066   775       6700   


LINKER GENERATED COPY TABLES

__TI_cinit_table @ 20007614 records: 2, size/record: 8, table size: 16
	.data: load addr=200075d8, load size=00000023 bytes, run addr=20017a04, run size=00000028 bytes, compression=rle
	.bss: load addr=20007600, load size=0000000b bytes, run addr=20017800, run size=00000204 bytes, compression=rle


LINKER GENERATED HANDLER TABLE

__TI_handler_table @ 2000760c records: 2, size/record: 4, table size: 8
	index: 0, handler: __TI_decompress_rle24
	index: 1, handler: __TI_decompress_none


GLOBAL SYMBOLS: SORTED ALPHABETICALLY BY Name 

address   name                           
-------   ----                           
20006cdd  C$$EXIT                        
20007293  CPUcpsie                       
20005ac9  ClearTerm                      
20005ad3  Error                          
20005b0b  GetCmd                         
20005a89  InitTerm                       
20006531  IntEnable                      
200072f3  IntMasterEnable                
200072a9  IntVTableBaseSet               
20005aa7  Message                        
200060b5  PRCMCC3200MCUInit              
20007251  PRCMHIBRegRead                 
20007267  PRCMHIBRegWrite                
20007071  PRCMPeripheralClkDisable       
20006ed1  PRCMPeripheralClkEnable        
20006675  PRCMPeripheralClockGet         
20006c2d  PRCMPeripheralReset            
20007019  PRCMSysResetCauseGet           
20006709  PinConfigSet                   
20006f0d  PinDirModeSet                  
20006e11  PinModeSet                     
20006f49  PinMuxConfig                   
200071ed  PinTypeSDHost                  
20007207  PinTypeUART                    
20005c49  Report                         
200070c1  SDHostBlockCountSet            
20007099  SDHostBlockSizeSet             
20007155  SDHostCmdReset                 
20006e91  SDHostCmdSend                  
20007177  SDHostDataRead                 
20006925  SDHostInit                     
200070e9  SDHostIntClear                 
20007045  SDHostIntStatus                
20006f85  SDHostRespGet                  
20006b6b  SDHostSetExpClk                
UNDEFED   SHT$$INIT_ARRAY$$Base          
UNDEFED   SHT$$INIT_ARRAY$$Limit         
20005bb1  TrimSpace                      
200071b5  UARTCharGetNonBlocking         
20007197  UARTCharPut                    
20007221  UARTCharsAvail                 
20006a1b  UARTConfigSetExpClk            
20006fb9  UARTDisable                    
2000710d  UARTEnable                     
20007305  UtilsDelay                     
20030000  __STACK_END                    
00001000  __STACK_SIZE                   
00000800  __SYSMEM_SIZE                  
20007614  __TI_CINIT_Base                
20007624  __TI_CINIT_Limit               
2000760c  __TI_Handler_Table_Base        
20007614  __TI_Handler_Table_Limit       
20006a91  __TI_auto_init                 
20017a04  __TI_cleanup_ptr               
200072e5  __TI_decompress_none           
2000730b  __TI_decompress_rle24          
20017a08  __TI_dtors_ptr                 
20017a0c  __TI_enable_exit_profile_output
ffffffff  __TI_pprof_out_hndl            
20004df7  __TI_printfi                   
ffffffff  __TI_prof_data_size            
ffffffff  __TI_prof_data_start           
200075d8  __TI_static_base__             
20006819  __aeabi_cdcmpeq                
20006819  __aeabi_cdcmple                
2000689f  __aeabi_cdrcmple               
20006dc9  __aeabi_d2iz                   
20005f07  __aeabi_dadd                   
2000622d  __aeabi_ddiv                   
20006363  __aeabi_dmul                   
20005efd  __aeabi_dsub                   
20006fe9  __aeabi_i2d                    
200069a1  __aeabi_memclr                 
200069a1  __aeabi_memclr4                
200069a1  __aeabi_memclr8                
200065d9  __aeabi_memcpy                 
200065d9  __aeabi_memcpy4                
200065d9  __aeabi_memcpy8                
200069a3  __aeabi_memset                 
200069a3  __aeabi_memset4                
200069a3  __aeabi_memset8                
20005d09  __aeabi_uldivmod               
ffffffff  __binit__                      
ffffffff  __c_args__                     
200060b3  __mpu_init                     
2002f000  __stack                        
20007239  _args_main                     
20006e51  _c_int00                       
20007314  _ctypes_                       
20017a1c  _lock                          
200072cb  _nop                           
200072c3  _register_lock                 
200072bd  _register_unlock               
20017000  _sys_memory                    
2000645f  _system_post_cinit             
20007311  _system_pre_init               
20017a20  _unlock                        
20006ce1  abort                          
20006d31  atoi                           
ffffffff  binit                          
20005a55  calloc                         
20006d7d  copy_in                        
200072fd  copysign                       
200072fd  copysignl                      
20017a24  errno                          
20006ce9  exit                           
200057a3  free                           
20006bd1  frexp                          
20006bd1  frexpl                         
UNDEFED   g_pfnVectors                   
20006461  ldexp                          
20006461  ldexpl                         
20006c85  ltoa                           
200053bd  main                           
20017a28  main_func_sp                   
2000573b  malloc                         
20005971  memalign                       
200071d1  memccpy                        
200065d9  memcpy                         
20007131  memmove                        
200069a9  memset                         
200056ad  minit                          
20005865  realloc                        
20006461  scalbn                         
20006461  scalbnl                        
2000727d  strchr                         
200072d1  strlen                         
20006791  vsnprintf                      


GLOBAL SYMBOLS: SORTED BY Symbol Address 

address   name                           
-------   ----                           
00000800  __SYSMEM_SIZE                  
00001000  __STACK_SIZE                   
20004df7  __TI_printfi                   
200053bd  main                           
200056ad  minit                          
2000573b  malloc                         
200057a3  free                           
20005865  realloc                        
20005971  memalign                       
20005a55  calloc                         
20005a89  InitTerm                       
20005aa7  Message                        
20005ac9  ClearTerm                      
20005ad3  Error                          
20005b0b  GetCmd                         
20005bb1  TrimSpace                      
20005c49  Report                         
20005d09  __aeabi_uldivmod               
20005efd  __aeabi_dsub                   
20005f07  __aeabi_dadd                   
200060b3  __mpu_init                     
200060b5  PRCMCC3200MCUInit              
2000622d  __aeabi_ddiv                   
20006363  __aeabi_dmul                   
2000645f  _system_post_cinit             
20006461  ldexp                          
20006461  ldexpl                         
20006461  scalbn                         
20006461  scalbnl                        
20006531  IntEnable                      
200065d9  __aeabi_memcpy                 
200065d9  __aeabi_memcpy4                
200065d9  __aeabi_memcpy8                
200065d9  memcpy                         
20006675  PRCMPeripheralClockGet         
20006709  PinConfigSet                   
20006791  vsnprintf                      
20006819  __aeabi_cdcmpeq                
20006819  __aeabi_cdcmple                
2000689f  __aeabi_cdrcmple               
20006925  SDHostInit                     
200069a1  __aeabi_memclr                 
200069a1  __aeabi_memclr4                
200069a1  __aeabi_memclr8                
200069a3  __aeabi_memset                 
200069a3  __aeabi_memset4                
200069a3  __aeabi_memset8                
200069a9  memset                         
20006a1b  UARTConfigSetExpClk            
20006a91  __TI_auto_init                 
20006b6b  SDHostSetExpClk                
20006bd1  frexp                          
20006bd1  frexpl                         
20006c2d  PRCMPeripheralReset            
20006c85  ltoa                           
20006cdd  C$$EXIT                        
20006ce1  abort                          
20006ce9  exit                           
20006d31  atoi                           
20006d7d  copy_in                        
20006dc9  __aeabi_d2iz                   
20006e11  PinModeSet                     
20006e51  _c_int00                       
20006e91  SDHostCmdSend                  
20006ed1  PRCMPeripheralClkEnable        
20006f0d  PinDirModeSet                  
20006f49  PinMuxConfig                   
20006f85  SDHostRespGet                  
20006fb9  UARTDisable                    
20006fe9  __aeabi_i2d                    
20007019  PRCMSysResetCauseGet           
20007045  SDHostIntStatus                
20007071  PRCMPeripheralClkDisable       
20007099  SDHostBlockSizeSet             
200070c1  SDHostBlockCountSet            
200070e9  SDHostIntClear                 
2000710d  UARTEnable                     
20007131  memmove                        
20007155  SDHostCmdReset                 
20007177  SDHostDataRead                 
20007197  UARTCharPut                    
200071b5  UARTCharGetNonBlocking         
200071d1  memccpy                        
200071ed  PinTypeSDHost                  
20007207  PinTypeUART                    
20007221  UARTCharsAvail                 
20007239  _args_main                     
20007251  PRCMHIBRegRead                 
20007267  PRCMHIBRegWrite                
2000727d  strchr                         
20007293  CPUcpsie                       
200072a9  IntVTableBaseSet               
200072bd  _register_unlock               
200072c3  _register_lock                 
200072cb  _nop                           
200072d1  strlen                         
200072e5  __TI_decompress_none           
200072f3  IntMasterEnable                
200072fd  copysign                       
200072fd  copysignl                      
20007305  UtilsDelay                     
2000730b  __TI_decompress_rle24          
20007311  _system_pre_init               
20007314  _ctypes_                       
200075d8  __TI_static_base__             
2000760c  __TI_Handler_Table_Base        
20007614  __TI_CINIT_Base                
20007614  __TI_Handler_Table_Limit       
20007624  __TI_CINIT_Limit               
20017000  _sys_memory                    
20017a04  __TI_cleanup_ptr               
20017a08  __TI_dtors_ptr                 
20017a0c  __TI_enable_exit_profile_output
20017a1c  _lock                          
20017a20  _unlock                        
20017a24  errno                          
20017a28  main_func_sp                   
2002f000  __stack                        
20030000  __STACK_END                    
ffffffff  __TI_pprof_out_hndl            
ffffffff  __TI_prof_data_size            
ffffffff  __TI_prof_data_start           
ffffffff  __binit__                      
ffffffff  __c_args__                     
ffffffff  binit                          
UNDEFED   SHT$$INIT_ARRAY$$Base          
UNDEFED   SHT$$INIT_ARRAY$$Limit         
UNDEFED   g_pfnVectors                   

[128 symbols]
