<?xml version="1.0"?>
<link_info>
   <banner>TI ARM Linker PC v15.12.1.LTS</banner>
   <copyright>Copyright (c) 1996-2015 Texas Instruments Incorporated</copyright>
   <link_time>0x57a82299</link_time>
   <link_errors>0x1</link_errors>
   <output_file>sdhost.out</output_file>
   <entry_point>
      <name>_c_int00</name>
      <address>0x20006e51</address>
   </entry_point>
   <input_file_list>
      <input_file id="fl-2">
         <path>.\</path>
         <kind>object</kind>
         <file>main.obj</file>
         <name>main.obj</name>
      </input_file>
      <input_file id="fl-3">
         <path>.\</path>
         <kind>object</kind>
         <file>pinmux.obj</file>
         <name>pinmux.obj</name>
      </input_file>
      <input_file id="fl-4">
         <path>.\</path>
         <kind>object</kind>
         <file>startup_ccs.obj</file>
         <name>startup_ccs.obj</name>
      </input_file>
      <input_file id="fl-5">
         <path>.\</path>
         <kind>object</kind>
         <file>uart_if.obj</file>
         <name>uart_if.obj</name>
      </input_file>
      <input_file id="fl-c0">
         <path>C:\TI\ccsv6\tools\compiler\ti-cgt-arm_15.12.1.LTS\lib\</path>
         <kind>archive</kind>
         <file>rtsv7M4_T_le_eabi.lib</file>
         <name>boot.obj</name>
      </input_file>
      <input_file id="fl-c1">
         <path>C:\TI\ccsv6\tools\compiler\ti-cgt-arm_15.12.1.LTS\lib\</path>
         <kind>archive</kind>
         <file>rtsv7M4_T_le_eabi.lib</file>
         <name>copy_decompress_none.obj</name>
      </input_file>
      <input_file id="fl-c2">
         <path>C:\TI\ccsv6\tools\compiler\ti-cgt-arm_15.12.1.LTS\lib\</path>
         <kind>archive</kind>
         <file>rtsv7M4_T_le_eabi.lib</file>
         <name>copy_decompress_rle.obj</name>
      </input_file>
      <input_file id="fl-c3">
         <path>C:\TI\ccsv6\tools\compiler\ti-cgt-arm_15.12.1.LTS\lib\</path>
         <kind>archive</kind>
         <file>rtsv7M4_T_le_eabi.lib</file>
         <name>copy_zero_init.obj</name>
      </input_file>
      <input_file id="fl-c4">
         <path>C:\TI\ccsv6\tools\compiler\ti-cgt-arm_15.12.1.LTS\lib\</path>
         <kind>archive</kind>
         <file>rtsv7M4_T_le_eabi.lib</file>
         <name>exit.obj</name>
      </input_file>
      <input_file id="fl-c5">
         <path>C:\TI\ccsv6\tools\compiler\ti-cgt-arm_15.12.1.LTS\lib\</path>
         <kind>archive</kind>
         <file>rtsv7M4_T_le_eabi.lib</file>
         <name>memcpy_t2.obj</name>
      </input_file>
      <input_file id="fl-c6">
         <path>C:\TI\ccsv6\tools\compiler\ti-cgt-arm_15.12.1.LTS\lib\</path>
         <kind>archive</kind>
         <file>rtsv7M4_T_le_eabi.lib</file>
         <name>memmov.obj</name>
      </input_file>
      <input_file id="fl-c7">
         <path>C:\TI\ccsv6\tools\compiler\ti-cgt-arm_15.12.1.LTS\lib\</path>
         <kind>archive</kind>
         <file>rtsv7M4_T_le_eabi.lib</file>
         <name>memory.obj</name>
      </input_file>
      <input_file id="fl-c8">
         <path>C:\TI\ccsv6\tools\compiler\ti-cgt-arm_15.12.1.LTS\lib\</path>
         <kind>archive</kind>
         <file>rtsv7M4_T_le_eabi.lib</file>
         <name>memset_t2.obj</name>
      </input_file>
      <input_file id="fl-c9">
         <path>C:\TI\ccsv6\tools\compiler\ti-cgt-arm_15.12.1.LTS\lib\</path>
         <kind>archive</kind>
         <file>rtsv7M4_T_le_eabi.lib</file>
         <name>mpu_init.obj</name>
      </input_file>
      <input_file id="fl-ca">
         <path>C:\TI\ccsv6\tools\compiler\ti-cgt-arm_15.12.1.LTS\lib\</path>
         <kind>archive</kind>
         <file>rtsv7M4_T_le_eabi.lib</file>
         <name>pre_init.obj</name>
      </input_file>
      <input_file id="fl-cb">
         <path>C:\TI\ccsv6\tools\compiler\ti-cgt-arm_15.12.1.LTS\lib\</path>
         <kind>archive</kind>
         <file>rtsv7M4_T_le_eabi.lib</file>
         <name>stkdepth_vars.obj</name>
      </input_file>
      <input_file id="fl-cc">
         <path>C:\TI\ccsv6\tools\compiler\ti-cgt-arm_15.12.1.LTS\lib\</path>
         <kind>archive</kind>
         <file>rtsv7M4_T_le_eabi.lib</file>
         <name>strlen.obj</name>
      </input_file>
      <input_file id="fl-cd">
         <path>C:\TI\ccsv6\tools\compiler\ti-cgt-arm_15.12.1.LTS\lib\</path>
         <kind>archive</kind>
         <file>rtsv7M4_T_le_eabi.lib</file>
         <name>vsnprintf.obj</name>
      </input_file>
      <input_file id="fl-ce">
         <path>C:\TI\ccsv6\tools\compiler\ti-cgt-arm_15.12.1.LTS\lib\</path>
         <kind>archive</kind>
         <file>rtsv7M4_T_le_eabi.lib</file>
         <name>_lock.obj</name>
      </input_file>
      <input_file id="fl-cf">
         <path>C:\TI\ccsv6\tools\compiler\ti-cgt-arm_15.12.1.LTS\lib\</path>
         <kind>archive</kind>
         <file>rtsv7M4_T_le_eabi.lib</file>
         <name>_printfi.obj</name>
      </input_file>
      <input_file id="fl-d0">
         <path>C:\TI\ccsv6\tools\compiler\ti-cgt-arm_15.12.1.LTS\lib\</path>
         <kind>archive</kind>
         <file>rtsv7M4_T_le_eabi.lib</file>
         <name>args_main.obj</name>
      </input_file>
      <input_file id="fl-d1">
         <path>C:\TI\ccsv6\tools\compiler\ti-cgt-arm_15.12.1.LTS\lib\</path>
         <kind>archive</kind>
         <file>rtsv7M4_T_le_eabi.lib</file>
         <name>atoi.obj</name>
      </input_file>
      <input_file id="fl-d2">
         <path>C:\TI\ccsv6\tools\compiler\ti-cgt-arm_15.12.1.LTS\lib\</path>
         <kind>archive</kind>
         <file>rtsv7M4_T_le_eabi.lib</file>
         <name>autoinit.obj</name>
      </input_file>
      <input_file id="fl-d3">
         <path>C:\TI\ccsv6\tools\compiler\ti-cgt-arm_15.12.1.LTS\lib\</path>
         <kind>archive</kind>
         <file>rtsv7M4_T_le_eabi.lib</file>
         <name>cpy_tbl.obj</name>
      </input_file>
      <input_file id="fl-d4">
         <path>C:\TI\ccsv6\tools\compiler\ti-cgt-arm_15.12.1.LTS\lib\</path>
         <kind>archive</kind>
         <file>rtsv7M4_T_le_eabi.lib</file>
         <name>ctype.obj</name>
      </input_file>
      <input_file id="fl-d5">
         <path>C:\TI\ccsv6\tools\compiler\ti-cgt-arm_15.12.1.LTS\lib\</path>
         <kind>archive</kind>
         <file>rtsv7M4_T_le_eabi.lib</file>
         <name>fd_add_t2.obj</name>
      </input_file>
      <input_file id="fl-d6">
         <path>C:\TI\ccsv6\tools\compiler\ti-cgt-arm_15.12.1.LTS\lib\</path>
         <kind>archive</kind>
         <file>rtsv7M4_T_le_eabi.lib</file>
         <name>fd_cmp_t2.obj</name>
      </input_file>
      <input_file id="fl-d7">
         <path>C:\TI\ccsv6\tools\compiler\ti-cgt-arm_15.12.1.LTS\lib\</path>
         <kind>archive</kind>
         <file>rtsv7M4_T_le_eabi.lib</file>
         <name>fd_div_t2.obj</name>
      </input_file>
      <input_file id="fl-d8">
         <path>C:\TI\ccsv6\tools\compiler\ti-cgt-arm_15.12.1.LTS\lib\</path>
         <kind>archive</kind>
         <file>rtsv7M4_T_le_eabi.lib</file>
         <name>fd_mul_t2.obj</name>
      </input_file>
      <input_file id="fl-d9">
         <path>C:\TI\ccsv6\tools\compiler\ti-cgt-arm_15.12.1.LTS\lib\</path>
         <kind>archive</kind>
         <file>rtsv7M4_T_le_eabi.lib</file>
         <name>fd_toi_t2.obj</name>
      </input_file>
      <input_file id="fl-da">
         <path>C:\TI\ccsv6\tools\compiler\ti-cgt-arm_15.12.1.LTS\lib\</path>
         <kind>archive</kind>
         <file>rtsv7M4_T_le_eabi.lib</file>
         <name>i_tofd_t2.obj</name>
      </input_file>
      <input_file id="fl-db">
         <path>C:\TI\ccsv6\tools\compiler\ti-cgt-arm_15.12.1.LTS\lib\</path>
         <kind>archive</kind>
         <file>rtsv7M4_T_le_eabi.lib</file>
         <name>ltoa.obj</name>
      </input_file>
      <input_file id="fl-dc">
         <path>C:\TI\ccsv6\tools\compiler\ti-cgt-arm_15.12.1.LTS\lib\</path>
         <kind>archive</kind>
         <file>rtsv7M4_T_le_eabi.lib</file>
         <name>memccpy.obj</name>
      </input_file>
      <input_file id="fl-dd">
         <path>C:\TI\ccsv6\tools\compiler\ti-cgt-arm_15.12.1.LTS\lib\</path>
         <kind>archive</kind>
         <file>rtsv7M4_T_le_eabi.lib</file>
         <name>s_frexp.obj</name>
      </input_file>
      <input_file id="fl-de">
         <path>C:\TI\ccsv6\tools\compiler\ti-cgt-arm_15.12.1.LTS\lib\</path>
         <kind>archive</kind>
         <file>rtsv7M4_T_le_eabi.lib</file>
         <name>s_scalbn.obj</name>
      </input_file>
      <input_file id="fl-df">
         <path>C:\TI\ccsv6\tools\compiler\ti-cgt-arm_15.12.1.LTS\lib\</path>
         <kind>archive</kind>
         <file>rtsv7M4_T_le_eabi.lib</file>
         <name>startup.obj</name>
      </input_file>
      <input_file id="fl-e0">
         <path>C:\TI\ccsv6\tools\compiler\ti-cgt-arm_15.12.1.LTS\lib\</path>
         <kind>archive</kind>
         <file>rtsv7M4_T_le_eabi.lib</file>
         <name>strchr.obj</name>
      </input_file>
      <input_file id="fl-e1">
         <path>C:\TI\ccsv6\tools\compiler\ti-cgt-arm_15.12.1.LTS\lib\</path>
         <kind>archive</kind>
         <file>rtsv7M4_T_le_eabi.lib</file>
         <name>ull_div_t2.obj</name>
      </input_file>
      <input_file id="fl-e2">
         <path>C:\TI\ccsv6\tools\compiler\ti-cgt-arm_15.12.1.LTS\lib\</path>
         <kind>archive</kind>
         <file>rtsv7M4_T_le_eabi.lib</file>
         <name>errno.obj</name>
      </input_file>
      <input_file id="fl-e3">
         <path>C:\TI\ccsv6\tools\compiler\ti-cgt-arm_15.12.1.LTS\lib\</path>
         <kind>archive</kind>
         <file>rtsv7M4_T_le_eabi.lib</file>
         <name>s_copysign.obj</name>
      </input_file>
      <input_file id="fl-e4">
         <path>C:\ti\CC3200SDK_1.2.0\cc3200-sdk\driverlib\ccs\Release\</path>
         <kind>archive</kind>
         <file>driverlib.a</file>
         <name>interrupt.obj</name>
      </input_file>
      <input_file id="fl-e5">
         <path>C:\ti\CC3200SDK_1.2.0\cc3200-sdk\driverlib\ccs\Release\</path>
         <kind>archive</kind>
         <file>driverlib.a</file>
         <name>pin.obj</name>
      </input_file>
      <input_file id="fl-e6">
         <path>C:\ti\CC3200SDK_1.2.0\cc3200-sdk\driverlib\ccs\Release\</path>
         <kind>archive</kind>
         <file>driverlib.a</file>
         <name>prcm.obj</name>
      </input_file>
      <input_file id="fl-e7">
         <path>C:\ti\CC3200SDK_1.2.0\cc3200-sdk\driverlib\ccs\Release\</path>
         <kind>archive</kind>
         <file>driverlib.a</file>
         <name>sdhost.obj</name>
      </input_file>
      <input_file id="fl-e8">
         <path>C:\ti\CC3200SDK_1.2.0\cc3200-sdk\driverlib\ccs\Release\</path>
         <kind>archive</kind>
         <file>driverlib.a</file>
         <name>uart.obj</name>
      </input_file>
      <input_file id="fl-e9">
         <path>C:\ti\CC3200SDK_1.2.0\cc3200-sdk\driverlib\ccs\Release\</path>
         <kind>archive</kind>
         <file>driverlib.a</file>
         <name>utils.obj</name>
      </input_file>
      <input_file id="fl-ea">
         <path>C:\ti\CC3200SDK_1.2.0\cc3200-sdk\driverlib\ccs\Release\</path>
         <kind>archive</kind>
         <file>driverlib.a</file>
         <name>cpu.obj</name>
      </input_file>
      <input_file id="fl-eb">
         <path>C:\ti\CC3200SDK_1.2.0\cc3200-sdk\driverlib\ccs\Release\</path>
         <kind>archive</kind>
         <file>driverlib.a</file>
         <name>flash.obj</name>
      </input_file>
   </input_file_list>
   <object_component_list>
      <object_component id="oc-223">
         <name>.text</name>
         <load_address>0x20004000</load_address>
         <run_address>0x20004000</run_address>
         <size>0x10fc</size>
         <input_file_ref idref="fl-cf"/>
      </object_component>
      <object_component id="oc-9d">
         <name>.text</name>
         <load_address>0x200050fc</load_address>
         <run_address>0x200050fc</run_address>
         <size>0x5b0</size>
         <input_file_ref idref="fl-2"/>
      </object_component>
      <object_component id="oc-1d9">
         <name>.text</name>
         <load_address>0x200056ac</load_address>
         <run_address>0x200056ac</run_address>
         <size>0x3dc</size>
         <input_file_ref idref="fl-c7"/>
      </object_component>
      <object_component id="oc-114">
         <name>.text</name>
         <load_address>0x20005a88</load_address>
         <run_address>0x20005a88</run_address>
         <size>0x280</size>
         <input_file_ref idref="fl-5"/>
      </object_component>
      <object_component id="oc-257">
         <name>.text</name>
         <load_address>0x20005d08</load_address>
         <run_address>0x20005d08</run_address>
         <size>0x1f4</size>
         <input_file_ref idref="fl-e1"/>
      </object_component>
      <object_component id="oc-280">
         <name>.text</name>
         <load_address>0x20005efc</load_address>
         <run_address>0x20005efc</run_address>
         <size>0x1b6</size>
         <input_file_ref idref="fl-d5"/>
      </object_component>
      <object_component id="oc-4f">
         <name>.text</name>
         <load_address>0x200060b2</load_address>
         <run_address>0x200060b2</run_address>
         <size>0x2</size>
         <input_file_ref idref="fl-c9"/>
      </object_component>
      <object_component id="oc-108">
         <name>.text:PRCMCC3200MCUInit</name>
         <load_address>0x200060b4</load_address>
         <run_address>0x200060b4</run_address>
         <size>0x178</size>
         <input_file_ref idref="fl-e6"/>
      </object_component>
      <object_component id="oc-266">
         <name>.text</name>
         <load_address>0x2000622c</load_address>
         <run_address>0x2000622c</run_address>
         <size>0x136</size>
         <input_file_ref idref="fl-d7"/>
      </object_component>
      <object_component id="oc-261">
         <name>.text</name>
         <load_address>0x20006362</load_address>
         <run_address>0x20006362</run_address>
         <size>0xfc</size>
         <input_file_ref idref="fl-d8"/>
      </object_component>
      <object_component id="oc-95">
         <name>.text</name>
         <load_address>0x2000645e</load_address>
         <run_address>0x2000645e</run_address>
         <size>0x2</size>
         <input_file_ref idref="fl-df"/>
      </object_component>
      <object_component id="oc-28b">
         <name>.text</name>
         <load_address>0x20006460</load_address>
         <run_address>0x20006460</run_address>
         <size>0xd0</size>
         <input_file_ref idref="fl-de"/>
      </object_component>
      <object_component id="oc-102">
         <name>.text:IntEnable</name>
         <load_address>0x20006530</load_address>
         <run_address>0x20006530</run_address>
         <size>0xa8</size>
         <input_file_ref idref="fl-e4"/>
      </object_component>
      <object_component id="oc-2a">
         <name>.text</name>
         <load_address>0x200065d8</load_address>
         <run_address>0x200065d8</run_address>
         <size>0x9c</size>
         <input_file_ref idref="fl-c5"/>
      </object_component>
      <object_component id="oc-138">
         <name>.text:PRCMPeripheralClockGet</name>
         <load_address>0x20006674</load_address>
         <run_address>0x20006674</run_address>
         <size>0x94</size>
         <input_file_ref idref="fl-e6"/>
      </object_component>
      <object_component id="oc-120">
         <name>.text:PinConfigSet</name>
         <load_address>0x20006708</load_address>
         <run_address>0x20006708</run_address>
         <size>0x88</size>
         <input_file_ref idref="fl-e5"/>
      </object_component>
      <object_component id="oc-1bb">
         <name>.text</name>
         <load_address>0x20006790</load_address>
         <run_address>0x20006790</run_address>
         <size>0x88</size>
         <input_file_ref idref="fl-cd"/>
      </object_component>
      <object_component id="oc-25c">
         <name>.text:__aeabi_cdcmple</name>
         <load_address>0x20006818</load_address>
         <run_address>0x20006818</run_address>
         <size>0x86</size>
         <input_file_ref idref="fl-d6"/>
      </object_component>
      <object_component id="oc-26b">
         <name>.text:__aeabi_cdrcmple</name>
         <load_address>0x2000689e</load_address>
         <run_address>0x2000689e</run_address>
         <size>0x86</size>
         <input_file_ref idref="fl-d6"/>
      </object_component>
      <object_component id="oc-132">
         <name>.text:SDHostInit</name>
         <load_address>0x20006924</load_address>
         <run_address>0x20006924</run_address>
         <size>0x7c</size>
         <input_file_ref idref="fl-e7"/>
      </object_component>
      <object_component id="oc-43">
         <name>.text</name>
         <load_address>0x200069a0</load_address>
         <run_address>0x200069a0</run_address>
         <size>0x7a</size>
         <input_file_ref idref="fl-c8"/>
      </object_component>
      <object_component id="oc-1af">
         <name>.text:UARTConfigSetExpClk</name>
         <load_address>0x20006a1a</load_address>
         <run_address>0x20006a1a</run_address>
         <size>0x76</size>
         <input_file_ref idref="fl-e8"/>
      </object_component>
      <object_component id="oc-5b">
         <name>.text</name>
         <load_address>0x20006a90</load_address>
         <run_address>0x20006a90</run_address>
         <size>0x70</size>
         <input_file_ref idref="fl-d2"/>
      </object_component>
      <object_component id="oc-36">
         <name>.text</name>
         <load_address>0x20006b00</load_address>
         <run_address>0x20006b00</run_address>
         <size>0x6a</size>
         <input_file_ref idref="fl-c2"/>
      </object_component>
      <object_component id="oc-13e">
         <name>.text:SDHostSetExpClk</name>
         <load_address>0x20006b6a</load_address>
         <run_address>0x20006b6a</run_address>
         <size>0x66</size>
         <input_file_ref idref="fl-e7"/>
      </object_component>
      <object_component id="oc-285">
         <name>.text</name>
         <load_address>0x20006bd0</load_address>
         <run_address>0x20006bd0</run_address>
         <size>0x5c</size>
         <input_file_ref idref="fl-dd"/>
      </object_component>
      <object_component id="oc-12c">
         <name>.text:PRCMPeripheralReset</name>
         <load_address>0x20006c2c</load_address>
         <run_address>0x20006c2c</run_address>
         <size>0x58</size>
         <input_file_ref idref="fl-e6"/>
      </object_component>
      <object_component id="oc-275">
         <name>.text</name>
         <load_address>0x20006c84</load_address>
         <run_address>0x20006c84</run_address>
         <size>0x56</size>
         <input_file_ref idref="fl-db"/>
      </object_component>
      <object_component id="oc-67">
         <name>.text</name>
         <load_address>0x20006cdc</load_address>
         <run_address>0x20006cdc</run_address>
         <size>0x54</size>
         <input_file_ref idref="fl-c4"/>
      </object_component>
      <object_component id="oc-29d">
         <name>.text</name>
         <load_address>0x20006d30</load_address>
         <run_address>0x20006d30</run_address>
         <size>0x4c</size>
         <input_file_ref idref="fl-d1"/>
      </object_component>
      <object_component id="oc-8f">
         <name>.text</name>
         <load_address>0x20006d7c</load_address>
         <run_address>0x20006d7c</run_address>
         <size>0x4c</size>
         <input_file_ref idref="fl-d3"/>
      </object_component>
      <object_component id="oc-270">
         <name>.text</name>
         <load_address>0x20006dc8</load_address>
         <run_address>0x20006dc8</run_address>
         <size>0x48</size>
         <input_file_ref idref="fl-d9"/>
      </object_component>
      <object_component id="oc-20d">
         <name>.text:PinModeSet</name>
         <load_address>0x20006e10</load_address>
         <run_address>0x20006e10</run_address>
         <size>0x40</size>
         <input_file_ref idref="fl-e5"/>
      </object_component>
      <object_component id="oc-21">
         <name>.text</name>
         <load_address>0x20006e50</load_address>
         <run_address>0x20006e50</run_address>
         <size>0x40</size>
         <input_file_ref idref="fl-c0"/>
      </object_component>
      <object_component id="oc-d1">
         <name>.text:SDHostCmdSend</name>
         <load_address>0x20006e90</load_address>
         <run_address>0x20006e90</run_address>
         <size>0x3e</size>
         <input_file_ref idref="fl-e7"/>
      </object_component>
      <object_component id="oc-126">
         <name>.text:PRCMPeripheralClkEnable</name>
         <load_address>0x20006ed0</load_address>
         <run_address>0x20006ed0</run_address>
         <size>0x3c</size>
         <input_file_ref idref="fl-e6"/>
      </object_component>
      <object_component id="oc-11a">
         <name>.text:PinDirModeSet</name>
         <load_address>0x20006f0c</load_address>
         <run_address>0x20006f0c</run_address>
         <size>0x3c</size>
         <input_file_ref idref="fl-e5"/>
      </object_component>
      <object_component id="oc-10e">
         <name>.text</name>
         <load_address>0x20006f48</load_address>
         <run_address>0x20006f48</run_address>
         <size>0x3c</size>
         <input_file_ref idref="fl-3"/>
      </object_component>
      <object_component id="oc-e3">
         <name>.text:SDHostRespGet</name>
         <load_address>0x20006f84</load_address>
         <run_address>0x20006f84</run_address>
         <size>0x34</size>
         <input_file_ref idref="fl-e7"/>
      </object_component>
      <object_component id="oc-215">
         <name>.text:UARTDisable</name>
         <load_address>0x20006fb8</load_address>
         <run_address>0x20006fb8</run_address>
         <size>0x30</size>
         <input_file_ref idref="fl-e8"/>
      </object_component>
      <object_component id="oc-27b">
         <name>.text</name>
         <load_address>0x20006fe8</load_address>
         <run_address>0x20006fe8</run_address>
         <size>0x2e</size>
         <input_file_ref idref="fl-da"/>
      </object_component>
      <object_component id="oc-189">
         <name>.text:PRCMSysResetCauseGet</name>
         <load_address>0x20007018</load_address>
         <run_address>0x20007018</run_address>
         <size>0x2c</size>
         <input_file_ref idref="fl-e6"/>
      </object_component>
      <object_component id="oc-d7">
         <name>.text:SDHostIntStatus</name>
         <load_address>0x20007044</load_address>
         <run_address>0x20007044</run_address>
         <size>0x2c</size>
         <input_file_ref idref="fl-e7"/>
      </object_component>
      <object_component id="oc-19b">
         <name>.text:PRCMPeripheralClkDisable</name>
         <load_address>0x20007070</load_address>
         <run_address>0x20007070</run_address>
         <size>0x28</size>
         <input_file_ref idref="fl-e6"/>
      </object_component>
      <object_component id="oc-144">
         <name>.text:SDHostBlockSizeSet</name>
         <load_address>0x20007098</load_address>
         <run_address>0x20007098</run_address>
         <size>0x28</size>
         <input_file_ref idref="fl-e7"/>
      </object_component>
      <object_component id="oc-ea">
         <name>.text:SDHostBlockCountSet</name>
         <load_address>0x200070c0</load_address>
         <run_address>0x200070c0</run_address>
         <size>0x26</size>
         <input_file_ref idref="fl-e7"/>
      </object_component>
      <object_component id="oc-cb">
         <name>.text:SDHostIntClear</name>
         <load_address>0x200070e8</load_address>
         <run_address>0x200070e8</run_address>
         <size>0x24</size>
         <input_file_ref idref="fl-e7"/>
      </object_component>
      <object_component id="oc-21b">
         <name>.text:UARTEnable</name>
         <load_address>0x2000710c</load_address>
         <run_address>0x2000710c</run_address>
         <size>0x24</size>
         <input_file_ref idref="fl-e8"/>
      </object_component>
      <object_component id="oc-1d3">
         <name>.text</name>
         <load_address>0x20007130</load_address>
         <run_address>0x20007130</run_address>
         <size>0x24</size>
         <input_file_ref idref="fl-c6"/>
      </object_component>
      <object_component id="oc-dd">
         <name>.text:SDHostCmdReset</name>
         <load_address>0x20007154</load_address>
         <run_address>0x20007154</run_address>
         <size>0x22</size>
         <input_file_ref idref="fl-e7"/>
      </object_component>
      <object_component id="oc-f0">
         <name>.text:SDHostDataRead</name>
         <load_address>0x20007176</load_address>
         <run_address>0x20007176</run_address>
         <size>0x20</size>
         <input_file_ref idref="fl-e7"/>
      </object_component>
      <object_component id="oc-1b5">
         <name>.text:UARTCharPut</name>
         <load_address>0x20007196</load_address>
         <run_address>0x20007196</run_address>
         <size>0x1e</size>
         <input_file_ref idref="fl-e8"/>
      </object_component>
      <object_component id="oc-1c7">
         <name>.text:UARTCharGetNonBlocking</name>
         <load_address>0x200071b4</load_address>
         <run_address>0x200071b4</run_address>
         <size>0x1c</size>
         <input_file_ref idref="fl-e8"/>
      </object_component>
      <object_component id="oc-297">
         <name>.text</name>
         <load_address>0x200071d0</load_address>
         <run_address>0x200071d0</run_address>
         <size>0x1c</size>
         <input_file_ref idref="fl-dc"/>
      </object_component>
      <object_component id="oc-1a8">
         <name>.text:PinTypeSDHost</name>
         <load_address>0x200071ec</load_address>
         <run_address>0x200071ec</run_address>
         <size>0x1a</size>
         <input_file_ref idref="fl-e5"/>
      </object_component>
      <object_component id="oc-1a2">
         <name>.text:PinTypeUART</name>
         <load_address>0x20007206</load_address>
         <run_address>0x20007206</run_address>
         <size>0x1a</size>
         <input_file_ref idref="fl-e5"/>
      </object_component>
      <object_component id="oc-1c1">
         <name>.text:UARTCharsAvail</name>
         <load_address>0x20007220</load_address>
         <run_address>0x20007220</run_address>
         <size>0x18</size>
         <input_file_ref idref="fl-e8"/>
      </object_component>
      <object_component id="oc-61">
         <name>.text</name>
         <load_address>0x20007238</load_address>
         <run_address>0x20007238</run_address>
         <size>0x18</size>
         <input_file_ref idref="fl-d0"/>
      </object_component>
      <object_component id="oc-18f">
         <name>.text:PRCMHIBRegRead</name>
         <load_address>0x20007250</load_address>
         <run_address>0x20007250</run_address>
         <size>0x16</size>
         <input_file_ref idref="fl-e6"/>
      </object_component>
      <object_component id="oc-195">
         <name>.text:PRCMHIBRegWrite</name>
         <load_address>0x20007266</load_address>
         <run_address>0x20007266</run_address>
         <size>0x16</size>
         <input_file_ref idref="fl-e6"/>
      </object_component>
      <object_component id="oc-291">
         <name>.text</name>
         <load_address>0x2000727c</load_address>
         <run_address>0x2000727c</run_address>
         <size>0x16</size>
         <input_file_ref idref="fl-e0"/>
      </object_component>
      <object_component id="oc-179">
         <name>.text:CPUcpsie</name>
         <load_address>0x20007292</load_address>
         <run_address>0x20007292</run_address>
         <size>0x14</size>
         <input_file_ref idref="fl-ea"/>
      </object_component>
      <object_component id="oc-f6">
         <name>.text:IntVTableBaseSet</name>
         <load_address>0x200072a8</load_address>
         <run_address>0x200072a8</run_address>
         <size>0x14</size>
         <input_file_ref idref="fl-e4"/>
      </object_component>
      <object_component id="oc-15d">
         <name>.text</name>
         <load_address>0x200072bc</load_address>
         <run_address>0x200072bc</run_address>
         <size>0x14</size>
         <input_file_ref idref="fl-ce"/>
      </object_component>
      <object_component id="oc-1cd">
         <name>.text</name>
         <load_address>0x200072d0</load_address>
         <run_address>0x200072d0</run_address>
         <size>0x14</size>
         <input_file_ref idref="fl-cc"/>
      </object_component>
      <object_component id="oc-f">
         <name>.text:decompress:none</name>
         <load_address>0x200072e4</load_address>
         <run_address>0x200072e4</run_address>
         <size>0xe</size>
         <input_file_ref idref="fl-c1"/>
      </object_component>
      <object_component id="oc-fc">
         <name>.text:IntMasterEnable</name>
         <load_address>0x200072f2</load_address>
         <run_address>0x200072f2</run_address>
         <size>0xa</size>
         <input_file_ref idref="fl-e4"/>
      </object_component>
      <object_component id="oc-2ca">
         <name>.text</name>
         <load_address>0x200072fc</load_address>
         <run_address>0x200072fc</run_address>
         <size>0x8</size>
         <input_file_ref idref="fl-e3"/>
      </object_component>
      <object_component id="oc-e9">
         <name>.text:UtilsDelay</name>
         <load_address>0x20007304</load_address>
         <run_address>0x20007304</run_address>
         <size>0x6</size>
         <input_file_ref idref="fl-e9"/>
      </object_component>
      <object_component id="oc-15">
         <name>.text:decompress:rle24</name>
         <load_address>0x2000730a</load_address>
         <run_address>0x2000730a</run_address>
         <size>0x6</size>
         <input_file_ref idref="fl-c2"/>
      </object_component>
      <object_component id="oc-55">
         <name>.text</name>
         <load_address>0x20007310</load_address>
         <run_address>0x20007310</run_address>
         <size>0x4</size>
         <input_file_ref idref="fl-ca"/>
      </object_component>
      <object_component id="oc-2d9">
         <name>.const:.string:_ctypes_</name>
         <load_address>0x20007314</load_address>
         <run_address>0x20007314</run_address>
         <size>0x101</size>
         <input_file_ref idref="fl-d4"/>
      </object_component>
      <object_component id="oc-1ed">
         <name>.const:g_ulPinToPadMap</name>
         <load_address>0x20007418</load_address>
         <run_address>0x20007418</run_address>
         <size>0x100</size>
         <input_file_ref idref="fl-e5"/>
      </object_component>
      <object_component id="oc-1f2">
         <name>.const:PRCM_PeriphRegsList</name>
         <load_address>0x20007518</load_address>
         <run_address>0x20007518</run_address>
         <size>0xa8</size>
         <input_file_ref idref="fl-e6"/>
      </object_component>
      <object_component id="oc-185">
         <name>.const:g_pulEnRegs</name>
         <load_address>0x200075c0</load_address>
         <run_address>0x200075c0</run_address>
         <size>0x18</size>
         <input_file_ref idref="fl-e4"/>
      </object_component>
      <object_component id="oc-31a">
         <name>.cinit..data.load</name>
         <load_address>0x200075d8</load_address>
         <run_address>0x200075d8</run_address>
         <size>0x23</size>
      </object_component>
      <object_component id="oc-31b">
         <name>.cinit..bss.load</name>
         <load_address>0x20007600</load_address>
         <run_address>0x20007600</run_address>
         <size>0xb</size>
      </object_component>
      <object_component id="oc-318">
         <name>__TI_handler_table</name>
         <load_address>0x2000760c</load_address>
         <run_address>0x2000760c</run_address>
         <size>0x8</size>
      </object_component>
      <object_component id="oc-319">
         <name>__TI_cinit_table</name>
         <load_address>0x20007614</load_address>
         <run_address>0x20007614</run_address>
         <size>0x10</size>
      </object_component>
      <object_component id="oc-a5">
         <name>.data:$O1$$</name>
         <load_address>0x20017a04</load_address>
         <run_address>0x20017a04</run_address>
         <size>0xc</size>
         <input_file_ref idref="fl-c4"/>
      </object_component>
      <object_component id="oc-240">
         <name>.data:$O1$$</name>
         <load_address>0x20017a10</load_address>
         <run_address>0x20017a10</run_address>
         <size>0xc</size>
         <input_file_ref idref="fl-c7"/>
      </object_component>
      <object_component id="oc-6d">
         <name>.data</name>
         <load_address>0x20017a28</load_address>
         <run_address>0x20017a28</run_address>
         <size>0x4</size>
         <input_file_ref idref="fl-cb"/>
      </object_component>
      <object_component id="oc-a8">
         <name>.data:$O1$$</name>
         <load_address>0x20017a1c</load_address>
         <run_address>0x20017a1c</run_address>
         <size>0x8</size>
         <input_file_ref idref="fl-ce"/>
      </object_component>
      <object_component id="oc-2d0">
         <name>.data</name>
         <load_address>0x20017a24</load_address>
         <run_address>0x20017a24</run_address>
         <size>0x4</size>
         <input_file_ref idref="fl-e2"/>
      </object_component>
      <object_component id="oc-14a">
         <name>.bss:g_ucDataBuff</name>
         <uninitialized>true</uninitialized>
         <run_address>0x20017800</run_address>
         <size>0x200</size>
         <input_file_ref idref="fl-2"/>
      </object_component>
      <object_component id="oc-1df">
         <name>.common:__Errorlog</name>
         <uninitialized>true</uninitialized>
         <run_address>0x20017a00</run_address>
         <size>0x4</size>
      </object_component>
      <object_component id="oc-27">
         <name>.sysmem</name>
         <uninitialized>true</uninitialized>
         <run_address>0x20017000</run_address>
         <size>0x8</size>
         <input_file_ref idref="fl-c7"/>
      </object_component>
      <object_component id="oc-31d">
         <name>.sysmem</name>
         <uninitialized>true</uninitialized>
         <run_address>0x20017000</run_address>
         <size>0x0</size>
      </object_component>
      <object_component id="oc-26">
         <name>.stack</name>
         <uninitialized>true</uninitialized>
         <run_address>0x2002f000</run_address>
         <size>0x0</size>
         <input_file_ref idref="fl-c0"/>
      </object_component>
      <object_component id="oc-31c">
         <name>.stack</name>
         <uninitialized>true</uninitialized>
         <run_address>0x2002f000</run_address>
         <size>0x0</size>
      </object_component>
      <object_component id="oc-14e">
         <name>.debug_info</name>
         <load_address>0x0</load_address>
         <run_address>0x0</run_address>
         <size>0x5ee</size>
         <input_file_ref idref="fl-2"/>
      </object_component>
      <object_component id="oc-14b">
         <name>.debug_info</name>
         <load_address>0x5ee</load_address>
         <run_address>0x5ee</run_address>
         <size>0x10a</size>
         <input_file_ref idref="fl-2"/>
      </object_component>
      <object_component id="oc-9e">
         <name>.debug_info</name>
         <load_address>0x6f8</load_address>
         <run_address>0x6f8</run_address>
         <size>0xab3</size>
         <input_file_ref idref="fl-2"/>
      </object_component>
      <object_component id="oc-14f">
         <name>.debug_info</name>
         <load_address>0x11ab</load_address>
         <run_address>0x11ab</run_address>
         <size>0x9a</size>
         <input_file_ref idref="fl-2"/>
      </object_component>
      <object_component id="oc-24d">
         <name>.debug_info</name>
         <load_address>0x1245</load_address>
         <run_address>0x1245</run_address>
         <size>0x62</size>
         <input_file_ref idref="fl-2"/>
      </object_component>
      <object_component id="oc-7d">
         <name>.debug_info</name>
         <load_address>0x12a7</load_address>
         <run_address>0x12a7</run_address>
         <size>0x84</size>
         <input_file_ref idref="fl-2"/>
      </object_component>
      <object_component id="oc-180">
         <name>.debug_info</name>
         <load_address>0x132b</load_address>
         <run_address>0x132b</run_address>
         <size>0x2c</size>
         <input_file_ref idref="fl-2"/>
      </object_component>
      <object_component id="oc-110">
         <name>.debug_info</name>
         <load_address>0x1357</load_address>
         <run_address>0x1357</run_address>
         <size>0x1d1</size>
         <input_file_ref idref="fl-3"/>
      </object_component>
      <object_component id="oc-1e0">
         <name>.debug_info</name>
         <load_address>0x1528</load_address>
         <run_address>0x1528</run_address>
         <size>0x3d4</size>
         <input_file_ref idref="fl-5"/>
      </object_component>
      <object_component id="oc-115">
         <name>.debug_info</name>
         <load_address>0x18fc</load_address>
         <run_address>0x18fc</run_address>
         <size>0x90d</size>
         <input_file_ref idref="fl-5"/>
      </object_component>
      <object_component id="oc-1e8">
         <name>.debug_info</name>
         <load_address>0x2209</load_address>
         <run_address>0x2209</run_address>
         <size>0x110</size>
         <input_file_ref idref="fl-5"/>
      </object_component>
      <object_component id="oc-1e3">
         <name>.debug_info</name>
         <load_address>0x2319</load_address>
         <run_address>0x2319</run_address>
         <size>0x4e</size>
         <input_file_ref idref="fl-5"/>
      </object_component>
      <object_component id="oc-24">
         <name>.debug_info</name>
         <load_address>0x2367</load_address>
         <run_address>0x2367</run_address>
         <size>0x17c</size>
         <input_file_ref idref="fl-c0"/>
      </object_component>
      <object_component id="oc-35">
         <name>.debug_info</name>
         <load_address>0x24e3</load_address>
         <run_address>0x24e3</run_address>
         <size>0x15c</size>
         <input_file_ref idref="fl-c1"/>
      </object_component>
      <object_component id="oc-12">
         <name>.debug_info</name>
         <load_address>0x263f</load_address>
         <run_address>0x263f</run_address>
         <size>0x1fb</size>
         <input_file_ref idref="fl-c1"/>
      </object_component>
      <object_component id="oc-30">
         <name>.debug_info</name>
         <load_address>0x283a</load_address>
         <run_address>0x283a</run_address>
         <size>0x46</size>
         <input_file_ref idref="fl-c1"/>
      </object_component>
      <object_component id="oc-76">
         <name>.debug_info</name>
         <load_address>0x2880</load_address>
         <run_address>0x2880</run_address>
         <size>0x2c</size>
         <input_file_ref idref="fl-c1"/>
      </object_component>
      <object_component id="oc-3d">
         <name>.debug_info</name>
         <load_address>0x28ac</load_address>
         <run_address>0x28ac</run_address>
         <size>0x150</size>
         <input_file_ref idref="fl-c2"/>
      </object_component>
      <object_component id="oc-37">
         <name>.debug_info</name>
         <load_address>0x29fc</load_address>
         <run_address>0x29fc</run_address>
         <size>0x263</size>
         <input_file_ref idref="fl-c2"/>
      </object_component>
      <object_component id="oc-16">
         <name>.debug_info</name>
         <load_address>0x2c5f</load_address>
         <run_address>0x2c5f</run_address>
         <size>0x1cd</size>
         <input_file_ref idref="fl-c2"/>
      </object_component>
      <object_component id="oc-3e">
         <name>.debug_info</name>
         <load_address>0x2e2c</load_address>
         <run_address>0x2e2c</run_address>
         <size>0x39</size>
         <input_file_ref idref="fl-c2"/>
      </object_component>
      <object_component id="oc-85">
         <name>.debug_info</name>
         <load_address>0x2e65</load_address>
         <run_address>0x2e65</run_address>
         <size>0x2c</size>
         <input_file_ref idref="fl-c2"/>
      </object_component>
      <object_component id="oc-ac">
         <name>.debug_info</name>
         <load_address>0x2e91</load_address>
         <run_address>0x2e91</run_address>
         <size>0x250</size>
         <input_file_ref idref="fl-c4"/>
      </object_component>
      <object_component id="oc-a6">
         <name>.debug_info</name>
         <load_address>0x30e1</load_address>
         <run_address>0x30e1</run_address>
         <size>0x1a1</size>
         <input_file_ref idref="fl-c4"/>
      </object_component>
      <object_component id="oc-6b">
         <name>.debug_info</name>
         <load_address>0x3282</load_address>
         <run_address>0x3282</run_address>
         <size>0x230</size>
         <input_file_ref idref="fl-c4"/>
      </object_component>
      <object_component id="oc-2c">
         <name>.debug_info</name>
         <load_address>0x34b2</load_address>
         <run_address>0x34b2</run_address>
         <size>0x12d</size>
         <input_file_ref idref="fl-c5"/>
      </object_component>
      <object_component id="oc-23f">
         <name>.debug_info</name>
         <load_address>0x35df</load_address>
         <run_address>0x35df</run_address>
         <size>0x148</size>
         <input_file_ref idref="fl-c6"/>
      </object_component>
      <object_component id="oc-1d4">
         <name>.debug_info</name>
         <load_address>0x3727</load_address>
         <run_address>0x3727</run_address>
         <size>0x1c7</size>
         <input_file_ref idref="fl-c6"/>
      </object_component>
      <object_component id="oc-73">
         <name>.debug_info</name>
         <load_address>0x38ee</load_address>
         <run_address>0x38ee</run_address>
         <size>0x23e</size>
         <input_file_ref idref="fl-c7"/>
      </object_component>
      <object_component id="oc-28">
         <name>.debug_info</name>
         <load_address>0x3b2c</load_address>
         <run_address>0x3b2c</run_address>
         <size>0x11d</size>
         <input_file_ref idref="fl-c7"/>
      </object_component>
      <object_component id="oc-241">
         <name>.debug_info</name>
         <load_address>0x3c49</load_address>
         <run_address>0x3c49</run_address>
         <size>0x168</size>
         <input_file_ref idref="fl-c7"/>
      </object_component>
      <object_component id="oc-1da">
         <name>.debug_info</name>
         <load_address>0x3db1</load_address>
         <run_address>0x3db1</run_address>
         <size>0x8a7</size>
         <input_file_ref idref="fl-c7"/>
      </object_component>
      <object_component id="oc-b2">
         <name>.debug_info</name>
         <load_address>0x4658</load_address>
         <run_address>0x4658</run_address>
         <size>0x2c</size>
         <input_file_ref idref="fl-c7"/>
      </object_component>
      <object_component id="oc-b7">
         <name>.debug_info</name>
         <load_address>0x4684</load_address>
         <run_address>0x4684</run_address>
         <size>0x62</size>
         <input_file_ref idref="fl-c7"/>
      </object_component>
      <object_component id="oc-46">
         <name>.debug_info</name>
         <load_address>0x46e6</load_address>
         <run_address>0x46e6</run_address>
         <size>0x15b</size>
         <input_file_ref idref="fl-c8"/>
      </object_component>
      <object_component id="oc-52">
         <name>.debug_info</name>
         <load_address>0x4841</load_address>
         <run_address>0x4841</run_address>
         <size>0x154</size>
         <input_file_ref idref="fl-c9"/>
      </object_component>
      <object_component id="oc-56">
         <name>.debug_info</name>
         <load_address>0x4995</load_address>
         <run_address>0x4995</run_address>
         <size>0x164</size>
         <input_file_ref idref="fl-ca"/>
      </object_component>
      <object_component id="oc-6e">
         <name>.debug_info</name>
         <load_address>0x4af9</load_address>
         <run_address>0x4af9</run_address>
         <size>0x125</size>
         <input_file_ref idref="fl-cb"/>
      </object_component>
      <object_component id="oc-23d">
         <name>.debug_info</name>
         <load_address>0x4c1e</load_address>
         <run_address>0x4c1e</run_address>
         <size>0x106</size>
         <input_file_ref idref="fl-cc"/>
      </object_component>
      <object_component id="oc-1ce">
         <name>.debug_info</name>
         <load_address>0x4d24</load_address>
         <run_address>0x4d24</run_address>
         <size>0x27c</size>
         <input_file_ref idref="fl-cc"/>
      </object_component>
      <object_component id="oc-22a">
         <name>.debug_info</name>
         <load_address>0x4fa0</load_address>
         <run_address>0x4fa0</run_address>
         <size>0x1e4</size>
         <input_file_ref idref="fl-cd"/>
      </object_component>
      <object_component id="oc-1bf">
         <name>.debug_info</name>
         <load_address>0x5184</load_address>
         <run_address>0x5184</run_address>
         <size>0x378</size>
         <input_file_ref idref="fl-cd"/>
      </object_component>
      <object_component id="oc-22b">
         <name>.debug_info</name>
         <load_address>0x54fc</load_address>
         <run_address>0x54fc</run_address>
         <size>0x2c</size>
         <input_file_ref idref="fl-cd"/>
      </object_component>
      <object_component id="oc-230">
         <name>.debug_info</name>
         <load_address>0x5528</load_address>
         <run_address>0x5528</run_address>
         <size>0x4e</size>
         <input_file_ref idref="fl-cd"/>
      </object_component>
      <object_component id="oc-235">
         <name>.debug_info</name>
         <load_address>0x5576</load_address>
         <run_address>0x5576</run_address>
         <size>0x69</size>
         <input_file_ref idref="fl-cd"/>
      </object_component>
      <object_component id="oc-165">
         <name>.debug_info</name>
         <load_address>0x55df</load_address>
         <run_address>0x55df</run_address>
         <size>0x140</size>
         <input_file_ref idref="fl-ce"/>
      </object_component>
      <object_component id="oc-a9">
         <name>.debug_info</name>
         <load_address>0x571f</load_address>
         <run_address>0x571f</run_address>
         <size>0x12f</size>
         <input_file_ref idref="fl-ce"/>
      </object_component>
      <object_component id="oc-15f">
         <name>.debug_info</name>
         <load_address>0x584e</load_address>
         <run_address>0x584e</run_address>
         <size>0x23b</size>
         <input_file_ref idref="fl-ce"/>
      </object_component>
      <object_component id="oc-2a4">
         <name>.debug_info</name>
         <load_address>0x5a89</load_address>
         <run_address>0x5a89</run_address>
         <size>0x3a7</size>
         <input_file_ref idref="fl-cf"/>
      </object_component>
      <object_component id="oc-224">
         <name>.debug_info</name>
         <load_address>0x5e30</load_address>
         <run_address>0x5e30</run_address>
         <size>0x180a</size>
         <input_file_ref idref="fl-cf"/>
      </object_component>
      <object_component id="oc-2a5">
         <name>.debug_info</name>
         <load_address>0x763a</load_address>
         <run_address>0x763a</run_address>
         <size>0x86</size>
         <input_file_ref idref="fl-cf"/>
      </object_component>
      <object_component id="oc-2e0">
         <name>.debug_info</name>
         <load_address>0x76c0</load_address>
         <run_address>0x76c0</run_address>
         <size>0x46</size>
         <input_file_ref idref="fl-cf"/>
      </object_component>
      <object_component id="oc-2aa">
         <name>.debug_info</name>
         <load_address>0x7706</load_address>
         <run_address>0x7706</run_address>
         <size>0x39</size>
         <input_file_ref idref="fl-cf"/>
      </object_component>
      <object_component id="oc-a4">
         <name>.debug_info</name>
         <load_address>0x773f</load_address>
         <run_address>0x773f</run_address>
         <size>0x182</size>
         <input_file_ref idref="fl-d0"/>
      </object_component>
      <object_component id="oc-62">
         <name>.debug_info</name>
         <load_address>0x78c1</load_address>
         <run_address>0x78c1</run_address>
         <size>0x183</size>
         <input_file_ref idref="fl-d0"/>
      </object_component>
      <object_component id="oc-156">
         <name>.debug_info</name>
         <load_address>0x7a44</load_address>
         <run_address>0x7a44</run_address>
         <size>0x5e</size>
         <input_file_ref idref="fl-d0"/>
      </object_component>
      <object_component id="oc-2dd">
         <name>.debug_info</name>
         <load_address>0x7aa2</load_address>
         <run_address>0x7aa2</run_address>
         <size>0x130</size>
         <input_file_ref idref="fl-d1"/>
      </object_component>
      <object_component id="oc-29e">
         <name>.debug_info</name>
         <load_address>0x7bd2</load_address>
         <run_address>0x7bd2</run_address>
         <size>0x18d</size>
         <input_file_ref idref="fl-d1"/>
      </object_component>
      <object_component id="oc-9c">
         <name>.debug_info</name>
         <load_address>0x7d5f</load_address>
         <run_address>0x7d5f</run_address>
         <size>0x305</size>
         <input_file_ref idref="fl-d2"/>
      </object_component>
      <object_component id="oc-5f">
         <name>.debug_info</name>
         <load_address>0x8064</load_address>
         <run_address>0x8064</run_address>
         <size>0x1ac</size>
         <input_file_ref idref="fl-d2"/>
      </object_component>
      <object_component id="oc-c1">
         <name>.debug_info</name>
         <load_address>0x8210</load_address>
         <run_address>0x8210</run_address>
         <size>0x39</size>
         <input_file_ref idref="fl-d2"/>
      </object_component>
      <object_component id="oc-c6">
         <name>.debug_info</name>
         <load_address>0x8249</load_address>
         <run_address>0x8249</run_address>
         <size>0xcd</size>
         <input_file_ref idref="fl-d2"/>
      </object_component>
      <object_component id="oc-bd">
         <name>.debug_info</name>
         <load_address>0x8316</load_address>
         <run_address>0x8316</run_address>
         <size>0x1fc</size>
         <input_file_ref idref="fl-d3"/>
      </object_component>
      <object_component id="oc-92">
         <name>.debug_info</name>
         <load_address>0x8512</load_address>
         <run_address>0x8512</run_address>
         <size>0x19f</size>
         <input_file_ref idref="fl-d3"/>
      </object_component>
      <object_component id="oc-16b">
         <name>.debug_info</name>
         <load_address>0x86b1</load_address>
         <run_address>0x86b1</run_address>
         <size>0x2c</size>
         <input_file_ref idref="fl-d3"/>
      </object_component>
      <object_component id="oc-2f4">
         <name>.debug_info</name>
         <load_address>0x86dd</load_address>
         <run_address>0x86dd</run_address>
         <size>0x10a</size>
         <input_file_ref idref="fl-d4"/>
      </object_component>
      <object_component id="oc-2da">
         <name>.debug_info</name>
         <load_address>0x87e7</load_address>
         <run_address>0x87e7</run_address>
         <size>0x116</size>
         <input_file_ref idref="fl-d4"/>
      </object_component>
      <object_component id="oc-281">
         <name>.debug_info</name>
         <load_address>0x88fd</load_address>
         <run_address>0x88fd</run_address>
         <size>0x160</size>
         <input_file_ref idref="fl-d5"/>
      </object_component>
      <object_component id="oc-25e">
         <name>.debug_info</name>
         <load_address>0x8a5d</load_address>
         <run_address>0x8a5d</run_address>
         <size>0x13c</size>
         <input_file_ref idref="fl-d6"/>
      </object_component>
      <object_component id="oc-26d">
         <name>.debug_info</name>
         <load_address>0x8b99</load_address>
         <run_address>0x8b99</run_address>
         <size>0x13e</size>
         <input_file_ref idref="fl-d6"/>
      </object_component>
      <object_component id="oc-267">
         <name>.debug_info</name>
         <load_address>0x8cd7</load_address>
         <run_address>0x8cd7</run_address>
         <size>0x14e</size>
         <input_file_ref idref="fl-d7"/>
      </object_component>
      <object_component id="oc-263">
         <name>.debug_info</name>
         <load_address>0x8e25</load_address>
         <run_address>0x8e25</run_address>
         <size>0x14e</size>
         <input_file_ref idref="fl-d8"/>
      </object_component>
      <object_component id="oc-271">
         <name>.debug_info</name>
         <load_address>0x8f73</load_address>
         <run_address>0x8f73</run_address>
         <size>0x142</size>
         <input_file_ref idref="fl-d9"/>
      </object_component>
      <object_component id="oc-27d">
         <name>.debug_info</name>
         <load_address>0x90b5</load_address>
         <run_address>0x90b5</run_address>
         <size>0x140</size>
         <input_file_ref idref="fl-da"/>
      </object_component>
      <object_component id="oc-2c0">
         <name>.debug_info</name>
         <load_address>0x91f5</load_address>
         <run_address>0x91f5</run_address>
         <size>0x168</size>
         <input_file_ref idref="fl-db"/>
      </object_component>
      <object_component id="oc-276">
         <name>.debug_info</name>
         <load_address>0x935d</load_address>
         <run_address>0x935d</run_address>
         <size>0x1de</size>
         <input_file_ref idref="fl-db"/>
      </object_component>
      <object_component id="oc-2d8">
         <name>.debug_info</name>
         <load_address>0x953b</load_address>
         <run_address>0x953b</run_address>
         <size>0x10d</size>
         <input_file_ref idref="fl-dc"/>
      </object_component>
      <object_component id="oc-298">
         <name>.debug_info</name>
         <load_address>0x9648</load_address>
         <run_address>0x9648</run_address>
         <size>0x1c7</size>
         <input_file_ref idref="fl-dc"/>
      </object_component>
      <object_component id="oc-2c4">
         <name>.debug_info</name>
         <load_address>0x980f</load_address>
         <run_address>0x980f</run_address>
         <size>0x15b</size>
         <input_file_ref idref="fl-dd"/>
      </object_component>
      <object_component id="oc-286">
         <name>.debug_info</name>
         <load_address>0x996a</load_address>
         <run_address>0x996a</run_address>
         <size>0x1a5</size>
         <input_file_ref idref="fl-dd"/>
      </object_component>
      <object_component id="oc-2c5">
         <name>.debug_info</name>
         <load_address>0x9b0f</load_address>
         <run_address>0x9b0f</run_address>
         <size>0x2c</size>
         <input_file_ref idref="fl-dd"/>
      </object_component>
      <object_component id="oc-2d4">
         <name>.debug_info</name>
         <load_address>0x9b3b</load_address>
         <run_address>0x9b3b</run_address>
         <size>0x198</size>
         <input_file_ref idref="fl-de"/>
      </object_component>
      <object_component id="oc-28d">
         <name>.debug_info</name>
         <load_address>0x9cd3</load_address>
         <run_address>0x9cd3</run_address>
         <size>0x202</size>
         <input_file_ref idref="fl-de"/>
      </object_component>
      <object_component id="oc-98">
         <name>.debug_info</name>
         <load_address>0x9ed5</load_address>
         <run_address>0x9ed5</run_address>
         <size>0x161</size>
         <input_file_ref idref="fl-df"/>
      </object_component>
      <object_component id="oc-2d6">
         <name>.debug_info</name>
         <load_address>0xa036</load_address>
         <run_address>0xa036</run_address>
         <size>0x111</size>
         <input_file_ref idref="fl-e0"/>
      </object_component>
      <object_component id="oc-292">
         <name>.debug_info</name>
         <load_address>0xa147</load_address>
         <run_address>0xa147</run_address>
         <size>0x296</size>
         <input_file_ref idref="fl-e0"/>
      </object_component>
      <object_component id="oc-258">
         <name>.debug_info</name>
         <load_address>0xa3dd</load_address>
         <run_address>0xa3dd</run_address>
         <size>0x199</size>
         <input_file_ref idref="fl-e1"/>
      </object_component>
      <object_component id="oc-2d1">
         <name>.debug_info</name>
         <load_address>0xa576</load_address>
         <run_address>0xa576</run_address>
         <size>0x10f</size>
         <input_file_ref idref="fl-e2"/>
      </object_component>
      <object_component id="oc-2cb">
         <name>.debug_info</name>
         <load_address>0xa685</load_address>
         <run_address>0xa685</run_address>
         <size>0x170</size>
         <input_file_ref idref="fl-e3"/>
      </object_component>
      <object_component id="oc-208">
         <name>.debug_info</name>
         <load_address>0xa7f5</load_address>
         <run_address>0xa7f5</run_address>
         <size>0x1a7</size>
         <input_file_ref idref="fl-e4"/>
      </object_component>
      <object_component id="oc-186">
         <name>.debug_info</name>
         <load_address>0xa99c</load_address>
         <run_address>0xa99c</run_address>
         <size>0x106</size>
         <input_file_ref idref="fl-e4"/>
      </object_component>
      <object_component id="oc-ff">
         <name>.debug_info</name>
         <load_address>0xaaa2</load_address>
         <run_address>0xaaa2</run_address>
         <size>0x1a6</size>
         <input_file_ref idref="fl-e4"/>
      </object_component>
      <object_component id="oc-f9">
         <name>.debug_info</name>
         <load_address>0xac48</load_address>
         <run_address>0xac48</run_address>
         <size>0x1d8</size>
         <input_file_ref idref="fl-e4"/>
      </object_component>
      <object_component id="oc-105">
         <name>.debug_info</name>
         <load_address>0xae20</load_address>
         <run_address>0xae20</run_address>
         <size>0x1c9</size>
         <input_file_ref idref="fl-e4"/>
      </object_component>
      <object_component id="oc-248">
         <name>.debug_info</name>
         <load_address>0xafe9</load_address>
         <run_address>0xafe9</run_address>
         <size>0xf4</size>
         <input_file_ref idref="fl-e5"/>
      </object_component>
      <object_component id="oc-1ee">
         <name>.debug_info</name>
         <load_address>0xb0dd</load_address>
         <run_address>0xb0dd</run_address>
         <size>0x108</size>
         <input_file_ref idref="fl-e5"/>
      </object_component>
      <object_component id="oc-211">
         <name>.debug_info</name>
         <load_address>0xb1e5</load_address>
         <run_address>0xb1e5</run_address>
         <size>0x1e9</size>
         <input_file_ref idref="fl-e5"/>
      </object_component>
      <object_component id="oc-11e">
         <name>.debug_info</name>
         <load_address>0xb3ce</load_address>
         <run_address>0xb3ce</run_address>
         <size>0x1e7</size>
         <input_file_ref idref="fl-e5"/>
      </object_component>
      <object_component id="oc-124">
         <name>.debug_info</name>
         <load_address>0xb5b5</load_address>
         <run_address>0xb5b5</run_address>
         <size>0x237</size>
         <input_file_ref idref="fl-e5"/>
      </object_component>
      <object_component id="oc-1a6">
         <name>.debug_info</name>
         <load_address>0xb7ec</load_address>
         <run_address>0xb7ec</run_address>
         <size>0x1fe</size>
         <input_file_ref idref="fl-e5"/>
      </object_component>
      <object_component id="oc-1aa">
         <name>.debug_info</name>
         <load_address>0xb9ea</load_address>
         <run_address>0xb9ea</run_address>
         <size>0x202</size>
         <input_file_ref idref="fl-e5"/>
      </object_component>
      <object_component id="oc-1f7">
         <name>.debug_info</name>
         <load_address>0xbbec</load_address>
         <run_address>0xbbec</run_address>
         <size>0x204</size>
         <input_file_ref idref="fl-e6"/>
      </object_component>
      <object_component id="oc-1f3">
         <name>.debug_info</name>
         <load_address>0xbdf0</load_address>
         <run_address>0xbdf0</run_address>
         <size>0x111</size>
         <input_file_ref idref="fl-e6"/>
      </object_component>
      <object_component id="oc-18b">
         <name>.debug_info</name>
         <load_address>0xbf01</load_address>
         <run_address>0xbf01</run_address>
         <size>0x1d0</size>
         <input_file_ref idref="fl-e6"/>
      </object_component>
      <object_component id="oc-128">
         <name>.debug_info</name>
         <load_address>0xc0d1</load_address>
         <run_address>0xc0d1</run_address>
         <size>0x215</size>
         <input_file_ref idref="fl-e6"/>
      </object_component>
      <object_component id="oc-19d">
         <name>.debug_info</name>
         <load_address>0xc2e6</load_address>
         <run_address>0xc2e6</run_address>
         <size>0x217</size>
         <input_file_ref idref="fl-e6"/>
      </object_component>
      <object_component id="oc-13a">
         <name>.debug_info</name>
         <load_address>0xc4fd</load_address>
         <run_address>0xc4fd</run_address>
         <size>0x240</size>
         <input_file_ref idref="fl-e6"/>
      </object_component>
      <object_component id="oc-12e">
         <name>.debug_info</name>
         <load_address>0xc73d</load_address>
         <run_address>0xc73d</run_address>
         <size>0x1ea</size>
         <input_file_ref idref="fl-e6"/>
      </object_component>
      <object_component id="oc-10b">
         <name>.debug_info</name>
         <load_address>0xc927</load_address>
         <run_address>0xc927</run_address>
         <size>0x2ad</size>
         <input_file_ref idref="fl-e6"/>
      </object_component>
      <object_component id="oc-192">
         <name>.debug_info</name>
         <load_address>0xcbd4</load_address>
         <run_address>0xcbd4</run_address>
         <size>0x1e9</size>
         <input_file_ref idref="fl-e6"/>
      </object_component>
      <object_component id="oc-198">
         <name>.debug_info</name>
         <load_address>0xcdbd</load_address>
         <run_address>0xcdbd</run_address>
         <size>0x1fe</size>
         <input_file_ref idref="fl-e6"/>
      </object_component>
      <object_component id="oc-175">
         <name>.debug_info</name>
         <load_address>0xcfbb</load_address>
         <run_address>0xcfbb</run_address>
         <size>0x18e</size>
         <input_file_ref idref="fl-e7"/>
      </object_component>
      <object_component id="oc-135">
         <name>.debug_info</name>
         <load_address>0xd149</load_address>
         <run_address>0xd149</run_address>
         <size>0x1ab</size>
         <input_file_ref idref="fl-e7"/>
      </object_component>
      <object_component id="oc-e0">
         <name>.debug_info</name>
         <load_address>0xd2f4</load_address>
         <run_address>0xd2f4</run_address>
         <size>0x1b3</size>
         <input_file_ref idref="fl-e7"/>
      </object_component>
      <object_component id="oc-d4">
         <name>.debug_info</name>
         <load_address>0xd4a7</load_address>
         <run_address>0xd4a7</run_address>
         <size>0x203</size>
         <input_file_ref idref="fl-e7"/>
      </object_component>
      <object_component id="oc-f4">
         <name>.debug_info</name>
         <load_address>0xd6aa</load_address>
         <run_address>0xd6aa</run_address>
         <size>0x1e5</size>
         <input_file_ref idref="fl-e7"/>
      </object_component>
      <object_component id="oc-db">
         <name>.debug_info</name>
         <load_address>0xd88f</load_address>
         <run_address>0xd88f</run_address>
         <size>0x1dc</size>
         <input_file_ref idref="fl-e7"/>
      </object_component>
      <object_component id="oc-cf">
         <name>.debug_info</name>
         <load_address>0xda6b</load_address>
         <run_address>0xda6b</run_address>
         <size>0x1f1</size>
         <input_file_ref idref="fl-e7"/>
      </object_component>
      <object_component id="oc-142">
         <name>.debug_info</name>
         <load_address>0xdc5c</load_address>
         <run_address>0xdc5c</run_address>
         <size>0x242</size>
         <input_file_ref idref="fl-e7"/>
      </object_component>
      <object_component id="oc-e7">
         <name>.debug_info</name>
         <load_address>0xde9e</load_address>
         <run_address>0xde9e</run_address>
         <size>0x1eb</size>
         <input_file_ref idref="fl-e7"/>
      </object_component>
      <object_component id="oc-148">
         <name>.debug_info</name>
         <load_address>0xe089</load_address>
         <run_address>0xe089</run_address>
         <size>0x1f5</size>
         <input_file_ref idref="fl-e7"/>
      </object_component>
      <object_component id="oc-ee">
         <name>.debug_info</name>
         <load_address>0xe27e</load_address>
         <run_address>0xe27e</run_address>
         <size>0x215</size>
         <input_file_ref idref="fl-e7"/>
      </object_component>
      <object_component id="oc-1b0">
         <name>.debug_info</name>
         <load_address>0xe493</load_address>
         <run_address>0xe493</run_address>
         <size>0x286</size>
         <input_file_ref idref="fl-e8"/>
      </object_component>
      <object_component id="oc-21c">
         <name>.debug_info</name>
         <load_address>0xe719</load_address>
         <run_address>0xe719</run_address>
         <size>0x1a8</size>
         <input_file_ref idref="fl-e8"/>
      </object_component>
      <object_component id="oc-216">
         <name>.debug_info</name>
         <load_address>0xe8c1</load_address>
         <run_address>0xe8c1</run_address>
         <size>0x1aa</size>
         <input_file_ref idref="fl-e8"/>
      </object_component>
      <object_component id="oc-1c2">
         <name>.debug_info</name>
         <load_address>0xea6b</load_address>
         <run_address>0xea6b</run_address>
         <size>0x1b4</size>
         <input_file_ref idref="fl-e8"/>
      </object_component>
      <object_component id="oc-1c8">
         <name>.debug_info</name>
         <load_address>0xec1f</load_address>
         <run_address>0xec1f</run_address>
         <size>0x1c4</size>
         <input_file_ref idref="fl-e8"/>
      </object_component>
      <object_component id="oc-1b6">
         <name>.debug_info</name>
         <load_address>0xede3</load_address>
         <run_address>0xede3</run_address>
         <size>0x1d5</size>
         <input_file_ref idref="fl-e8"/>
      </object_component>
      <object_component id="oc-17c">
         <name>.debug_info</name>
         <load_address>0xefb8</load_address>
         <run_address>0xefb8</run_address>
         <size>0x178</size>
         <input_file_ref idref="fl-ea"/>
      </object_component>
      <object_component id="oc-31e">
         <name>.debug_info</name>
         <load_address>0xf130</load_address>
         <run_address>0xf130</run_address>
         <size>0xd5</size>
      </object_component>
      <object_component id="oc-1ff">
         <name>.debug_line</name>
         <load_address>0x0</load_address>
         <run_address>0x0</run_address>
         <size>0x189</size>
         <input_file_ref idref="fl-2"/>
      </object_component>
      <object_component id="oc-1fd">
         <name>.debug_line</name>
         <load_address>0x189</load_address>
         <run_address>0x189</run_address>
         <size>0x2d</size>
         <input_file_ref idref="fl-2"/>
      </object_component>
      <object_component id="oc-a2">
         <name>.debug_line</name>
         <load_address>0x1b6</load_address>
         <run_address>0x1b6</run_address>
         <size>0x1e8</size>
         <input_file_ref idref="fl-2"/>
      </object_component>
      <object_component id="oc-152">
         <name>.debug_line</name>
         <load_address>0x39e</load_address>
         <run_address>0x39e</run_address>
         <size>0x34</size>
         <input_file_ref idref="fl-2"/>
      </object_component>
      <object_component id="oc-250">
         <name>.debug_line</name>
         <load_address>0x3d2</load_address>
         <run_address>0x3d2</run_address>
         <size>0x55</size>
         <input_file_ref idref="fl-2"/>
      </object_component>
      <object_component id="oc-80">
         <name>.debug_line</name>
         <load_address>0x427</load_address>
         <run_address>0x427</run_address>
         <size>0x20</size>
         <input_file_ref idref="fl-2"/>
      </object_component>
      <object_component id="oc-183">
         <name>.debug_line</name>
         <load_address>0x447</load_address>
         <run_address>0x447</run_address>
         <size>0x53</size>
         <input_file_ref idref="fl-2"/>
      </object_component>
      <object_component id="oc-10f">
         <name>.debug_line</name>
         <load_address>0x49a</load_address>
         <run_address>0x49a</run_address>
         <size>0x4c</size>
         <input_file_ref idref="fl-3"/>
      </object_component>
      <object_component id="oc-245">
         <name>.debug_line</name>
         <load_address>0x4e6</load_address>
         <run_address>0x4e6</run_address>
         <size>0x186</size>
         <input_file_ref idref="fl-5"/>
      </object_component>
      <object_component id="oc-118">
         <name>.debug_line</name>
         <load_address>0x66c</load_address>
         <run_address>0x66c</run_address>
         <size>0x1d7</size>
         <input_file_ref idref="fl-5"/>
      </object_component>
      <object_component id="oc-1eb">
         <name>.debug_line</name>
         <load_address>0x843</load_address>
         <run_address>0x843</run_address>
         <size>0x60</size>
         <input_file_ref idref="fl-5"/>
      </object_component>
      <object_component id="oc-1e6">
         <name>.debug_line</name>
         <load_address>0x8a3</load_address>
         <run_address>0x8a3</run_address>
         <size>0x60</size>
         <input_file_ref idref="fl-5"/>
      </object_component>
      <object_component id="oc-22">
         <name>.debug_line</name>
         <load_address>0x903</load_address>
         <run_address>0x903</run_address>
         <size>0x4d</size>
         <input_file_ref idref="fl-c0"/>
      </object_component>
      <object_component id="oc-7c">
         <name>.debug_line</name>
         <load_address>0x950</load_address>
         <run_address>0x950</run_address>
         <size>0xa5</size>
         <input_file_ref idref="fl-c1"/>
      </object_component>
      <object_component id="oc-10">
         <name>.debug_line</name>
         <load_address>0x9f5</load_address>
         <run_address>0x9f5</run_address>
         <size>0x55</size>
         <input_file_ref idref="fl-c1"/>
      </object_component>
      <object_component id="oc-33">
         <name>.debug_line</name>
         <load_address>0xa4a</load_address>
         <run_address>0xa4a</run_address>
         <size>0x3a</size>
         <input_file_ref idref="fl-c1"/>
      </object_component>
      <object_component id="oc-79">
         <name>.debug_line</name>
         <load_address>0xa84</load_address>
         <run_address>0xa84</run_address>
         <size>0xa5</size>
         <input_file_ref idref="fl-c1"/>
      </object_component>
      <object_component id="oc-84">
         <name>.debug_line</name>
         <load_address>0xb29</load_address>
         <run_address>0xb29</run_address>
         <size>0xa5</size>
         <input_file_ref idref="fl-c2"/>
      </object_component>
      <object_component id="oc-3a">
         <name>.debug_line</name>
         <load_address>0xbce</load_address>
         <run_address>0xbce</run_address>
         <size>0x98</size>
         <input_file_ref idref="fl-c2"/>
      </object_component>
      <object_component id="oc-19">
         <name>.debug_line</name>
         <load_address>0xc66</load_address>
         <run_address>0xc66</run_address>
         <size>0x4b</size>
         <input_file_ref idref="fl-c2"/>
      </object_component>
      <object_component id="oc-41">
         <name>.debug_line</name>
         <load_address>0xcb1</load_address>
         <run_address>0xcb1</run_address>
         <size>0x39</size>
         <input_file_ref idref="fl-c2"/>
      </object_component>
      <object_component id="oc-88">
         <name>.debug_line</name>
         <load_address>0xcea</load_address>
         <run_address>0xcea</run_address>
         <size>0xa5</size>
         <input_file_ref idref="fl-c2"/>
      </object_component>
      <object_component id="oc-168">
         <name>.debug_line</name>
         <load_address>0xd8f</load_address>
         <run_address>0xd8f</run_address>
         <size>0x128</size>
         <input_file_ref idref="fl-c4"/>
      </object_component>
      <object_component id="oc-15c">
         <name>.debug_line</name>
         <load_address>0xeb7</load_address>
         <run_address>0xeb7</run_address>
         <size>0x2a</size>
         <input_file_ref idref="fl-c4"/>
      </object_component>
      <object_component id="oc-6a">
         <name>.debug_line</name>
         <load_address>0xee1</load_address>
         <run_address>0xee1</run_address>
         <size>0x86</size>
         <input_file_ref idref="fl-c4"/>
      </object_component>
      <object_component id="oc-2b">
         <name>.debug_line</name>
         <load_address>0xf67</load_address>
         <run_address>0xf67</run_address>
         <size>0x88</size>
         <input_file_ref idref="fl-c5"/>
      </object_component>
      <object_component id="oc-2b4">
         <name>.debug_line</name>
         <load_address>0xfef</load_address>
         <run_address>0xfef</run_address>
         <size>0xa5</size>
         <input_file_ref idref="fl-c6"/>
      </object_component>
      <object_component id="oc-1d7">
         <name>.debug_line</name>
         <load_address>0x1094</load_address>
         <run_address>0x1094</run_address>
         <size>0x54</size>
         <input_file_ref idref="fl-c6"/>
      </object_component>
      <object_component id="oc-b1">
         <name>.debug_line</name>
         <load_address>0x10e8</load_address>
         <run_address>0x10e8</run_address>
         <size>0x135</size>
         <input_file_ref idref="fl-c7"/>
      </object_component>
      <object_component id="oc-72">
         <name>.debug_line</name>
         <load_address>0x121d</load_address>
         <run_address>0x121d</run_address>
         <size>0x2c</size>
         <input_file_ref idref="fl-c7"/>
      </object_component>
      <object_component id="oc-2b6">
         <name>.debug_line</name>
         <load_address>0x1249</load_address>
         <run_address>0x1249</run_address>
         <size>0x2c</size>
         <input_file_ref idref="fl-c7"/>
      </object_component>
      <object_component id="oc-1dd">
         <name>.debug_line</name>
         <load_address>0x1275</load_address>
         <run_address>0x1275</run_address>
         <size>0x314</size>
         <input_file_ref idref="fl-c7"/>
      </object_component>
      <object_component id="oc-b5">
         <name>.debug_line</name>
         <load_address>0x1589</load_address>
         <run_address>0x1589</run_address>
         <size>0xa5</size>
         <input_file_ref idref="fl-c7"/>
      </object_component>
      <object_component id="oc-ba">
         <name>.debug_line</name>
         <load_address>0x162e</load_address>
         <run_address>0x162e</run_address>
         <size>0x2c</size>
         <input_file_ref idref="fl-c7"/>
      </object_component>
      <object_component id="oc-44">
         <name>.debug_line</name>
         <load_address>0x165a</load_address>
         <run_address>0x165a</run_address>
         <size>0x79</size>
         <input_file_ref idref="fl-c8"/>
      </object_component>
      <object_component id="oc-54">
         <name>.debug_line</name>
         <load_address>0x16d3</load_address>
         <run_address>0x16d3</run_address>
         <size>0x3d</size>
         <input_file_ref idref="fl-c9"/>
      </object_component>
      <object_component id="oc-5a">
         <name>.debug_line</name>
         <load_address>0x1710</load_address>
         <run_address>0x1710</run_address>
         <size>0x40</size>
         <input_file_ref idref="fl-ca"/>
      </object_component>
      <object_component id="oc-af">
         <name>.debug_line</name>
         <load_address>0x1750</load_address>
         <run_address>0x1750</run_address>
         <size>0x33</size>
         <input_file_ref idref="fl-cb"/>
      </object_component>
      <object_component id="oc-2b2">
         <name>.debug_line</name>
         <load_address>0x1783</load_address>
         <run_address>0x1783</run_address>
         <size>0x20</size>
         <input_file_ref idref="fl-cc"/>
      </object_component>
      <object_component id="oc-1d2">
         <name>.debug_line</name>
         <load_address>0x17a3</load_address>
         <run_address>0x17a3</run_address>
         <size>0xc5</size>
         <input_file_ref idref="fl-cc"/>
      </object_component>
      <object_component id="oc-2b0">
         <name>.debug_line</name>
         <load_address>0x1868</load_address>
         <run_address>0x1868</run_address>
         <size>0xb4</size>
         <input_file_ref idref="fl-cd"/>
      </object_component>
      <object_component id="oc-1bc">
         <name>.debug_line</name>
         <load_address>0x191c</load_address>
         <run_address>0x191c</run_address>
         <size>0x9f</size>
         <input_file_ref idref="fl-cd"/>
      </object_component>
      <object_component id="oc-22e">
         <name>.debug_line</name>
         <load_address>0x19bb</load_address>
         <run_address>0x19bb</run_address>
         <size>0xa4</size>
         <input_file_ref idref="fl-cd"/>
      </object_component>
      <object_component id="oc-233">
         <name>.debug_line</name>
         <load_address>0x1a5f</load_address>
         <run_address>0x1a5f</run_address>
         <size>0xa5</size>
         <input_file_ref idref="fl-cd"/>
      </object_component>
      <object_component id="oc-238">
         <name>.debug_line</name>
         <load_address>0x1b04</load_address>
         <run_address>0x1b04</run_address>
         <size>0x2f</size>
         <input_file_ref idref="fl-cd"/>
      </object_component>
      <object_component id="oc-202">
         <name>.debug_line</name>
         <load_address>0x1b33</load_address>
         <run_address>0x1b33</run_address>
         <size>0x20</size>
         <input_file_ref idref="fl-ce"/>
      </object_component>
      <object_component id="oc-164">
         <name>.debug_line</name>
         <load_address>0x1b53</load_address>
         <run_address>0x1b53</run_address>
         <size>0x2b</size>
         <input_file_ref idref="fl-ce"/>
      </object_component>
      <object_component id="oc-162">
         <name>.debug_line</name>
         <load_address>0x1b7e</load_address>
         <run_address>0x1b7e</run_address>
         <size>0x68</size>
         <input_file_ref idref="fl-ce"/>
      </object_component>
      <object_component id="oc-2df">
         <name>.debug_line</name>
         <load_address>0x1be6</load_address>
         <run_address>0x1be6</run_address>
         <size>0x1bb</size>
         <input_file_ref idref="fl-cf"/>
      </object_component>
[...]
         <name>__TI_decompress_rle24</name>
      </handler>
      <handler>
         <index>0x1</index>
         <name>__TI_decompress_none</name>
      </handler>
   </handler_table>
   <symbol_table>
      <symbol id="sm-1">
         <name>__TI_CINIT_Base</name>
         <value>0x20007614</value>
      </symbol>
      <symbol id="sm-2">
         <name>__TI_CINIT_Limit</name>
         <value>0x20007624</value>
      </symbol>
      <symbol id="sm-3">
         <name>__TI_Handler_Table_Base</name>
         <value>0x2000760c</value>
      </symbol>
      <symbol id="sm-4">
         <name>__TI_Handler_Table_Limit</name>
         <value>0x20007614</value>
      </symbol>
      <symbol id="sm-5">
         <name>binit</name>
         <value>0xffffffff</value>
      </symbol>
      <symbol id="sm-6">
         <name>__binit__</name>
         <value>0xffffffff</value>
      </symbol>
      <symbol id="sm-7">
         <name>__STACK_SIZE</name>
         <value>0x1000</value>
      </symbol>
      <symbol id="sm-8">
         <name>__STACK_END</name>
         <value>0x20030000</value>
      </symbol>
      <symbol id="sm-9">
         <name>__SYSMEM_SIZE</name>
         <value>0x800</value>
      </symbol>
      <symbol id="sm-a">
         <name>__c_args__</name>
         <value>0xffffffff</value>
      </symbol>
      <symbol id="sm-b">
         <name>__TI_pprof_out_hndl</name>
         <value>0xffffffff</value>
      </symbol>
      <symbol id="sm-c">
         <name>__TI_prof_data_start</name>
         <value>0xffffffff</value>
      </symbol>
      <symbol id="sm-d">
         <name>__TI_prof_data_size</name>
         <value>0xffffffff</value>
      </symbol>
      <symbol id="sm-9f">
         <name>main</name>
         <value>0x200053bd</value>
         <object_component_ref idref="oc-9d"/>
      </symbol>
      <symbol id="sm-a9">
         <name>PinMuxConfig</name>
         <value>0x20006f49</value>
         <object_component_ref idref="oc-10e"/>
      </symbol>
      <symbol id="sm-ed">
         <name>GetCmd</name>
         <value>0x20005b0b</value>
         <object_component_ref idref="oc-114"/>
      </symbol>
      <symbol id="sm-ee">
         <name>Message</name>
         <value>0x20005aa7</value>
         <object_component_ref idref="oc-114"/>
      </symbol>
      <symbol id="sm-ef">
         <name>Report</name>
         <value>0x20005c49</value>
         <object_component_ref idref="oc-114"/>
      </symbol>
      <symbol id="sm-f0">
         <name>Error</name>
         <value>0x20005ad3</value>
         <object_component_ref idref="oc-114"/>
      </symbol>
      <symbol id="sm-f1">
         <name>InitTerm</name>
         <value>0x20005a89</value>
         <object_component_ref idref="oc-114"/>
      </symbol>
      <symbol id="sm-f2">
         <name>ClearTerm</name>
         <value>0x20005ac9</value>
         <object_component_ref idref="oc-114"/>
      </symbol>
      <symbol id="sm-f3">
         <name>TrimSpace</name>
         <value>0x20005bb1</value>
         <object_component_ref idref="oc-114"/>
      </symbol>
      <symbol id="sm-103">
         <name>_c_int00</name>
         <value>0x20006e51</value>
         <object_component_ref idref="oc-21"/>
      </symbol>
      <symbol id="sm-104">
         <name>__stack</name>
         <value>0x2002f000</value>
         <object_component_ref idref="oc-26"/>
      </symbol>
      <symbol id="sm-11b">
         <name>__TI_decompress_none</name>
         <value>0x200072e5</value>
         <object_component_ref idref="oc-f"/>
      </symbol>
      <symbol id="sm-143">
         <name>__TI_decompress_rle24</name>
         <value>0x2000730b</value>
         <object_component_ref idref="oc-15"/>
      </symbol>
      <symbol id="sm-165">
         <name>C$$EXIT</name>
         <value>0x20006cdd</value>
         <object_component_ref idref="oc-67"/>
      </symbol>
      <symbol id="sm-166">
         <name>abort</name>
         <value>0x20006ce1</value>
         <object_component_ref idref="oc-67"/>
      </symbol>
      <symbol id="sm-167">
         <name>exit</name>
         <value>0x20006ce9</value>
         <object_component_ref idref="oc-67"/>
      </symbol>
      <symbol id="sm-168">
         <name>__TI_dtors_ptr</name>
         <value>0x20017a08</value>
         <object_component_ref idref="oc-a5"/>
      </symbol>
      <symbol id="sm-169">
         <name>__TI_cleanup_ptr</name>
         <value>0x20017a04</value>
         <object_component_ref idref="oc-a5"/>
      </symbol>
      <symbol id="sm-16a">
         <name>__TI_enable_exit_profile_output</name>
         <value>0x20017a0c</value>
         <object_component_ref idref="oc-a5"/>
      </symbol>
      <symbol id="sm-185">
         <name>memcpy</name>
         <value>0x200065d9</value>
         <object_component_ref idref="oc-2a"/>
      </symbol>
      <symbol id="sm-186">
         <name>__aeabi_memcpy</name>
         <value>0x200065d9</value>
         <object_component_ref idref="oc-2a"/>
      </symbol>
      <symbol id="sm-187">
         <name>__aeabi_memcpy8</name>
         <value>0x200065d9</value>
         <object_component_ref idref="oc-2a"/>
      </symbol>
      <symbol id="sm-188">
         <name>__aeabi_memcpy4</name>
         <value>0x200065d9</value>
         <object_component_ref idref="oc-2a"/>
      </symbol>
      <symbol id="sm-198">
         <name>memmove</name>
         <value>0x20007131</value>
         <object_component_ref idref="oc-1d3"/>
      </symbol>
      <symbol id="sm-20c">
         <name>_sys_memory</name>
         <value>0x20017000</value>
         <object_component_ref idref="oc-27"/>
      </symbol>
      <symbol id="sm-20d">
         <name>free</name>
         <value>0x200057a3</value>
         <object_component_ref idref="oc-1d9"/>
      </symbol>
      <symbol id="sm-20e">
         <name>realloc</name>
         <value>0x20005865</value>
         <object_component_ref idref="oc-1d9"/>
      </symbol>
      <symbol id="sm-20f">
         <name>memalign</name>
         <value>0x20005971</value>
         <object_component_ref idref="oc-1d9"/>
      </symbol>
      <symbol id="sm-210">
         <name>calloc</name>
         <value>0x20005a55</value>
         <object_component_ref idref="oc-1d9"/>
      </symbol>
      <symbol id="sm-211">
         <name>malloc</name>
         <value>0x2000573b</value>
         <object_component_ref idref="oc-1d9"/>
      </symbol>
      <symbol id="sm-212">
         <name>minit</name>
         <value>0x200056ad</value>
         <object_component_ref idref="oc-1d9"/>
      </symbol>
      <symbol id="sm-221">
         <name>__aeabi_memset</name>
         <value>0x200069a3</value>
         <object_component_ref idref="oc-43"/>
      </symbol>
      <symbol id="sm-222">
         <name>memset</name>
         <value>0x200069a9</value>
         <object_component_ref idref="oc-43"/>
      </symbol>
      <symbol id="sm-223">
         <name>__aeabi_memset8</name>
         <value>0x200069a3</value>
         <object_component_ref idref="oc-43"/>
      </symbol>
      <symbol id="sm-224">
         <name>__aeabi_memset4</name>
         <value>0x200069a3</value>
         <object_component_ref idref="oc-43"/>
      </symbol>
      <symbol id="sm-225">
         <name>__aeabi_memclr8</name>
         <value>0x200069a1</value>
         <object_component_ref idref="oc-43"/>
      </symbol>
      <symbol id="sm-226">
         <name>__aeabi_memclr4</name>
         <value>0x200069a1</value>
         <object_component_ref idref="oc-43"/>
      </symbol>
      <symbol id="sm-227">
         <name>__aeabi_memclr</name>
         <value>0x200069a1</value>
         <object_component_ref idref="oc-43"/>
      </symbol>
      <symbol id="sm-231">
         <name>__mpu_init</name>
         <value>0x200060b3</value>
         <object_component_ref idref="oc-4f"/>
      </symbol>
      <symbol id="sm-23b">
         <name>_system_pre_init</name>
         <value>0x20007311</value>
         <object_component_ref idref="oc-55"/>
      </symbol>
      <symbol id="sm-243">
         <name>main_func_sp</name>
         <value>0x20017a28</value>
         <object_component_ref idref="oc-6d"/>
      </symbol>
      <symbol id="sm-251">
         <name>strlen</name>
         <value>0x200072d1</value>
         <object_component_ref idref="oc-1cd"/>
      </symbol>
      <symbol id="sm-277">
         <name>vsnprintf</name>
         <value>0x20006791</value>
         <object_component_ref idref="oc-1bb"/>
      </symbol>
      <symbol id="sm-290">
         <name>_nop</name>
         <value>0x200072cb</value>
         <object_component_ref idref="oc-15d"/>
      </symbol>
      <symbol id="sm-291">
         <name>_lock</name>
         <value>0x20017a1c</value>
         <object_component_ref idref="oc-a8"/>
      </symbol>
      <symbol id="sm-292">
         <name>_unlock</name>
         <value>0x20017a20</value>
         <object_component_ref idref="oc-a8"/>
      </symbol>
      <symbol id="sm-293">
         <name>_register_lock</name>
         <value>0x200072c3</value>
         <object_component_ref idref="oc-15d"/>
      </symbol>
      <symbol id="sm-294">
         <name>_register_unlock</name>
         <value>0x200072bd</value>
         <object_component_ref idref="oc-15d"/>
      </symbol>
      <symbol id="sm-39b">
         <name>__TI_printfi</name>
         <value>0x20004df7</value>
         <object_component_ref idref="oc-223"/>
      </symbol>
      <symbol id="sm-3af">
         <name>_args_main</name>
         <value>0x20007239</value>
         <object_component_ref idref="oc-61"/>
      </symbol>
      <symbol id="sm-3c5">
         <name>atoi</name>
         <value>0x20006d31</value>
         <object_component_ref idref="oc-29d"/>
      </symbol>
      <symbol id="sm-3ea">
         <name>__TI_auto_init</name>
         <value>0x20006a91</value>
         <object_component_ref idref="oc-5b"/>
      </symbol>
      <symbol id="sm-404">
         <name>copy_in</name>
         <value>0x20006d7d</value>
         <object_component_ref idref="oc-8f"/>
      </symbol>
      <symbol id="sm-40f">
         <name>_ctypes_</name>
         <value>0x20007314</value>
         <object_component_ref idref="oc-2d9"/>
      </symbol>
      <symbol id="sm-426">
         <name>__aeabi_dsub</name>
         <value>0x20005efd</value>
         <object_component_ref idref="oc-280"/>
      </symbol>
      <symbol id="sm-427">
         <name>__aeabi_dadd</name>
         <value>0x20005f07</value>
         <object_component_ref idref="oc-280"/>
      </symbol>
      <symbol id="sm-449">
         <name>__aeabi_cdcmpeq</name>
         <value>0x20006819</value>
         <object_component_ref idref="oc-25c"/>
      </symbol>
      <symbol id="sm-44a">
         <name>__aeabi_cdcmple</name>
         <value>0x20006819</value>
         <object_component_ref idref="oc-25c"/>
      </symbol>
      <symbol id="sm-44b">
         <name>__aeabi_cdrcmple</name>
         <value>0x2000689f</value>
         <object_component_ref idref="oc-26b"/>
      </symbol>
      <symbol id="sm-45f">
         <name>__aeabi_ddiv</name>
         <value>0x2000622d</value>
         <object_component_ref idref="oc-266"/>
      </symbol>
      <symbol id="sm-46a">
         <name>__aeabi_dmul</name>
         <value>0x20006363</value>
         <object_component_ref idref="oc-261"/>
      </symbol>
      <symbol id="sm-474">
         <name>__aeabi_d2iz</name>
         <value>0x20006dc9</value>
         <object_component_ref idref="oc-270"/>
      </symbol>
      <symbol id="sm-47e">
         <name>__aeabi_i2d</name>
         <value>0x20006fe9</value>
         <object_component_ref idref="oc-27b"/>
      </symbol>
      <symbol id="sm-48d">
         <name>ltoa</name>
         <value>0x20006c85</value>
         <object_component_ref idref="oc-275"/>
      </symbol>
      <symbol id="sm-49d">
         <name>memccpy</name>
         <value>0x200071d1</value>
         <object_component_ref idref="oc-297"/>
      </symbol>
      <symbol id="sm-4b6">
         <name>frexpl</name>
         <value>0x20006bd1</value>
         <object_component_ref idref="oc-285"/>
      </symbol>
      <symbol id="sm-4b7">
         <name>frexp</name>
         <value>0x20006bd1</value>
         <object_component_ref idref="oc-285"/>
      </symbol>
      <symbol id="sm-4d5">
         <name>scalbn</name>
         <value>0x20006461</value>
         <object_component_ref idref="oc-28b"/>
      </symbol>
      <symbol id="sm-4d6">
         <name>scalbnl</name>
         <value>0x20006461</value>
         <object_component_ref idref="oc-28b"/>
      </symbol>
      <symbol id="sm-4d7">
         <name>ldexpl</name>
         <value>0x20006461</value>
         <object_component_ref idref="oc-28b"/>
      </symbol>
      <symbol id="sm-4d8">
         <name>ldexp</name>
         <value>0x20006461</value>
         <object_component_ref idref="oc-28b"/>
      </symbol>
      <symbol id="sm-4e2">
         <name>_system_post_cinit</name>
         <value>0x2000645f</value>
         <object_component_ref idref="oc-95"/>
      </symbol>
      <symbol id="sm-4f2">
         <name>strchr</name>
         <value>0x2000727d</value>
         <object_component_ref idref="oc-291"/>
      </symbol>
      <symbol id="sm-50e">
         <name>__aeabi_uldivmod</name>
         <value>0x20005d09</value>
         <object_component_ref idref="oc-257"/>
      </symbol>
      <symbol id="sm-516">
         <name>errno</name>
         <value>0x20017a24</value>
         <object_component_ref idref="oc-2d0"/>
      </symbol>
      <symbol id="sm-520">
         <name>copysign</name>
         <value>0x200072fd</value>
         <object_component_ref idref="oc-2ca"/>
      </symbol>
      <symbol id="sm-521">
         <name>copysignl</name>
         <value>0x200072fd</value>
         <object_component_ref idref="oc-2ca"/>
      </symbol>
      <symbol id="sm-550">
         <name>IntVTableBaseSet</name>
         <value>0x200072a9</value>
         <object_component_ref idref="oc-f6"/>
      </symbol>
      <symbol id="sm-551">
         <name>IntEnable</name>
         <value>0x20006531</value>
         <object_component_ref idref="oc-102"/>
      </symbol>
      <symbol id="sm-552">
         <name>IntMasterEnable</name>
         <value>0x200072f3</value>
         <object_component_ref idref="oc-fc"/>
      </symbol>
      <symbol id="sm-592">
         <name>PinTypeUART</name>
         <value>0x20007207</value>
         <object_component_ref idref="oc-1a2"/>
      </symbol>
      <symbol id="sm-593">
         <name>PinDirModeSet</name>
         <value>0x20006f0d</value>
         <object_component_ref idref="oc-11a"/>
      </symbol>
      <symbol id="sm-594">
         <name>PinTypeSDHost</name>
         <value>0x200071ed</value>
         <object_component_ref idref="oc-1a8"/>
      </symbol>
      <symbol id="sm-595">
         <name>PinConfigSet</name>
         <value>0x20006709</value>
         <object_component_ref idref="oc-120"/>
      </symbol>
      <symbol id="sm-596">
         <name>PinModeSet</name>
         <value>0x20006e11</value>
         <object_component_ref idref="oc-20d"/>
      </symbol>
      <symbol id="sm-61c">
         <name>PRCMPeripheralReset</name>
         <value>0x20006c2d</value>
         <object_component_ref idref="oc-12c"/>
      </symbol>
      <symbol id="sm-61d">
         <name>PRCMPeripheralClkEnable</name>
         <value>0x20006ed1</value>
         <object_component_ref idref="oc-126"/>
      </symbol>
      <symbol id="sm-61e">
         <name>PRCMPeripheralClockGet</name>
         <value>0x20006675</value>
         <object_component_ref idref="oc-138"/>
      </symbol>
      <symbol id="sm-61f">
         <name>PRCMCC3200MCUInit</name>
         <value>0x200060b5</value>
         <object_component_ref idref="oc-108"/>
      </symbol>
      <symbol id="sm-620">
         <name>PRCMHIBRegWrite</name>
         <value>0x20007267</value>
         <object_component_ref idref="oc-195"/>
      </symbol>
      <symbol id="sm-621">
         <name>PRCMSysResetCauseGet</name>
         <value>0x20007019</value>
         <object_component_ref idref="oc-189"/>
      </symbol>
      <symbol id="sm-622">
         <name>PRCMPeripheralClkDisable</name>
         <value>0x20007071</value>
         <object_component_ref idref="oc-19b"/>
      </symbol>
      <symbol id="sm-623">
         <name>PRCMHIBRegRead</name>
         <value>0x20007251</value>
         <object_component_ref idref="oc-18f"/>
      </symbol>
      <symbol id="sm-684">
         <name>SDHostInit</name>
         <value>0x20006925</value>
         <object_component_ref idref="oc-132"/>
      </symbol>
      <symbol id="sm-685">
         <name>SDHostBlockSizeSet</name>
         <value>0x20007099</value>
         <object_component_ref idref="oc-144"/>
      </symbol>
      <symbol id="sm-686">
         <name>SDHostIntStatus</name>
         <value>0x20007045</value>
         <object_component_ref idref="oc-d7"/>
      </symbol>
      <symbol id="sm-687">
         <name>SDHostBlockCountSet</name>
         <value>0x200070c1</value>
         <object_component_ref idref="oc-ea"/>
      </symbol>
      <symbol id="sm-688">
         <name>SDHostSetExpClk</name>
         <value>0x20006b6b</value>
         <object_component_ref idref="oc-13e"/>
      </symbol>
      <symbol id="sm-689">
         <name>SDHostIntClear</name>
         <value>0x200070e9</value>
         <object_component_ref idref="oc-cb"/>
      </symbol>
      <symbol id="sm-68a">
         <name>SDHostCmdSend</name>
         <value>0x20006e91</value>
         <object_component_ref idref="oc-d1"/>
      </symbol>
      <symbol id="sm-68b">
         <name>SDHostRespGet</name>
         <value>0x20006f85</value>
         <object_component_ref idref="oc-e3"/>
      </symbol>
      <symbol id="sm-68c">
         <name>SDHostDataRead</name>
         <value>0x20007177</value>
         <object_component_ref idref="oc-f0"/>
      </symbol>
      <symbol id="sm-68d">
         <name>SDHostCmdReset</name>
         <value>0x20007155</value>
         <object_component_ref idref="oc-dd"/>
      </symbol>
      <symbol id="sm-6c9">
         <name>UARTConfigSetExpClk</name>
         <value>0x20006a1b</value>
         <object_component_ref idref="oc-1af"/>
      </symbol>
      <symbol id="sm-6ca">
         <name>UARTDisable</name>
         <value>0x20006fb9</value>
         <object_component_ref idref="oc-215"/>
      </symbol>
      <symbol id="sm-6cb">
         <name>UARTCharsAvail</name>
         <value>0x20007221</value>
         <object_component_ref idref="oc-1c1"/>
      </symbol>
      <symbol id="sm-6cc">
         <name>UARTCharGetNonBlocking</name>
         <value>0x200071b5</value>
         <object_component_ref idref="oc-1c7"/>
      </symbol>
      <symbol id="sm-6cd">
         <name>UARTCharPut</name>
         <value>0x20007197</value>
         <object_component_ref idref="oc-1b5"/>
      </symbol>
      <symbol id="sm-6ce">
         <name>UARTEnable</name>
         <value>0x2000710d</value>
         <object_component_ref idref="oc-21b"/>
      </symbol>
      <symbol id="sm-6d2">
         <name>UtilsDelay</name>
         <value>0x20007305</value>
         <object_component_ref idref="oc-e9"/>
      </symbol>
      <symbol id="sm-6dc">
         <name>CPUcpsie</name>
         <value>0x20007293</value>
         <object_component_ref idref="oc-179"/>
      </symbol>
      <symbol id="sm-6de">
         <name>__TI_static_base__</name>
         <value>0x200075d8</value>
      </symbol>
      <symbol id="sm-6e1">
         <name>g_pfnVectors</name>
         <value>0x0</value>
      </symbol>
      <symbol id="sm-6e2">
         <name>SHT$$INIT_ARRAY$$Limit</name>
         <value>0x0</value>
      </symbol>
      <symbol id="sm-6e3">
         <name>SHT$$INIT_ARRAY$$Base</name>
         <value>0x0</value>
      </symbol>
   </symbol_table>
   <title>Link errors: red sections failed placement</title>
</link_info>
