<?xml version="1.0"?>
<link_info>
   <banner>TI ARM Linker PC v15.12.1.LTS</banner>
   <copyright>Copyright (c) 1996-2015 Texas Instruments Incorporated</copyright>
   <link_time>0x57a822a3</link_time>
   <link_errors>0x0</link_errors>
   <output_file>sdhost_fatfs.out</output_file>
   <entry_point>
      <name>_c_int00</name>
      <address>0x2000a0dd</address>
   </entry_point>
   <input_file_list>
      <input_file id="fl-2">
         <path>.\</path>
         <kind>object</kind>
         <file>diskio.obj</file>
         <name>diskio.obj</name>
      </input_file>
      <input_file id="fl-3">
         <path>.\</path>
         <kind>object</kind>
         <file>main.obj</file>
         <name>main.obj</name>
      </input_file>
      <input_file id="fl-4">
         <path>.\</path>
         <kind>object</kind>
         <file>pinmux.obj</file>
         <name>pinmux.obj</name>
      </input_file>
      <input_file id="fl-5">
         <path>.\</path>
         <kind>object</kind>
         <file>startup_ccs.obj</file>
         <name>startup_ccs.obj</name>
      </input_file>
      <input_file id="fl-6">
         <path>.\</path>
         <kind>object</kind>
         <file>uart_if.obj</file>
         <name>uart_if.obj</name>
      </input_file>
      <input_file id="fl-c2">
         <path>C:\TI\ccsv6\tools\compiler\ti-cgt-arm_15.12.1.LTS\lib\</path>
         <kind>archive</kind>
         <file>rtsv7M4_T_le_eabi.lib</file>
         <name>boot.obj</name>
      </input_file>
      <input_file id="fl-c3">
         <path>C:\TI\ccsv6\tools\compiler\ti-cgt-arm_15.12.1.LTS\lib\</path>
         <kind>archive</kind>
         <file>rtsv7M4_T_le_eabi.lib</file>
         <name>copy_decompress_none.obj</name>
      </input_file>
      <input_file id="fl-c4">
         <path>C:\TI\ccsv6\tools\compiler\ti-cgt-arm_15.12.1.LTS\lib\</path>
         <kind>archive</kind>
         <file>rtsv7M4_T_le_eabi.lib</file>
         <name>copy_decompress_rle.obj</name>
      </input_file>
      <input_file id="fl-c5">
         <path>C:\TI\ccsv6\tools\compiler\ti-cgt-arm_15.12.1.LTS\lib\</path>
         <kind>archive</kind>
         <file>rtsv7M4_T_le_eabi.lib</file>
         <name>copy_zero_init.obj</name>
      </input_file>
      <input_file id="fl-c6">
         <path>C:\TI\ccsv6\tools\compiler\ti-cgt-arm_15.12.1.LTS\lib\</path>
         <kind>archive</kind>
         <file>rtsv7M4_T_le_eabi.lib</file>
         <name>exit.obj</name>
      </input_file>
      <input_file id="fl-c7">
         <path>C:\TI\ccsv6\tools\compiler\ti-cgt-arm_15.12.1.LTS\lib\</path>
         <kind>archive</kind>
         <file>rtsv7M4_T_le_eabi.lib</file>
         <name>memcpy_t2.obj</name>
      </input_file>
      <input_file id="fl-c8">
         <path>C:\TI\ccsv6\tools\compiler\ti-cgt-arm_15.12.1.LTS\lib\</path>
         <kind>archive</kind>
         <file>rtsv7M4_T_le_eabi.lib</file>
         <name>memmov.obj</name>
      </input_file>
      <input_file id="fl-c9">
         <path>C:\TI\ccsv6\tools\compiler\ti-cgt-arm_15.12.1.LTS\lib\</path>
         <kind>archive</kind>
         <file>rtsv7M4_T_le_eabi.lib</file>
         <name>memory.obj</name>
      </input_file>
      <input_file id="fl-ca">
         <path>C:\TI\ccsv6\tools\compiler\ti-cgt-arm_15.12.1.LTS\lib\</path>
         <kind>archive</kind>
         <file>rtsv7M4_T_le_eabi.lib</file>
         <name>memset_t2.obj</name>
      </input_file>
      <input_file id="fl-cb">
         <path>C:\TI\ccsv6\tools\compiler\ti-cgt-arm_15.12.1.LTS\lib\</path>
         <kind>archive</kind>
         <file>rtsv7M4_T_le_eabi.lib</file>
         <name>mpu_init.obj</name>
      </input_file>
      <input_file id="fl-cc">
         <path>C:\TI\ccsv6\tools\compiler\ti-cgt-arm_15.12.1.LTS\lib\</path>
         <kind>archive</kind>
         <file>rtsv7M4_T_le_eabi.lib</file>
         <name>pre_init.obj</name>
      </input_file>
      <input_file id="fl-cd">
         <path>C:\TI\ccsv6\tools\compiler\ti-cgt-arm_15.12.1.LTS\lib\</path>
         <kind>archive</kind>
         <file>rtsv7M4_T_le_eabi.lib</file>
         <name>stkdepth_vars.obj</name>
      </input_file>
      <input_file id="fl-ce">
         <path>C:\TI\ccsv6\tools\compiler\ti-cgt-arm_15.12.1.LTS\lib\</path>
         <kind>archive</kind>
         <file>rtsv7M4_T_le_eabi.lib</file>
         <name>strlen.obj</name>
      </input_file>
      <input_file id="fl-cf">
         <path>C:\TI\ccsv6\tools\compiler\ti-cgt-arm_15.12.1.LTS\lib\</path>
         <kind>archive</kind>
         <file>rtsv7M4_T_le_eabi.lib</file>
         <name>vsnprintf.obj</name>
      </input_file>
      <input_file id="fl-d0">
         <path>C:\TI\ccsv6\tools\compiler\ti-cgt-arm_15.12.1.LTS\lib\</path>
         <kind>archive</kind>
         <file>rtsv7M4_T_le_eabi.lib</file>
         <name>_lock.obj</name>
      </input_file>
      <input_file id="fl-d1">
         <path>C:\TI\ccsv6\tools\compiler\ti-cgt-arm_15.12.1.LTS\lib\</path>
         <kind>archive</kind>
         <file>rtsv7M4_T_le_eabi.lib</file>
         <name>_printfi.obj</name>
      </input_file>
      <input_file id="fl-d2">
         <path>C:\TI\ccsv6\tools\compiler\ti-cgt-arm_15.12.1.LTS\lib\</path>
         <kind>archive</kind>
         <file>rtsv7M4_T_le_eabi.lib</file>
         <name>args_main.obj</name>
      </input_file>
      <input_file id="fl-d3">
         <path>C:\TI\ccsv6\tools\compiler\ti-cgt-arm_15.12.1.LTS\lib\</path>
         <kind>archive</kind>
         <file>rtsv7M4_T_le_eabi.lib</file>
         <name>atoi.obj</name>
      </input_file>
      <input_file id="fl-d4">
         <path>C:\TI\ccsv6\tools\compiler\ti-cgt-arm_15.12.1.LTS\lib\</path>
         <kind>archive</kind>
         <file>rtsv7M4_T_le_eabi.lib</file>
         <name>autoinit.obj</name>
      </input_file>
      <input_file id="fl-d5">
         <path>C:\TI\ccsv6\tools\compiler\ti-cgt-arm_15.12.1.LTS\lib\</path>
         <kind>archive</kind>
         <file>rtsv7M4_T_le_eabi.lib</file>
         <name>cpy_tbl.obj</name>
      </input_file>
      <input_file id="fl-d6">
         <path>C:\TI\ccsv6\tools\compiler\ti-cgt-arm_15.12.1.LTS\lib\</path>
         <kind>archive</kind>
         <file>rtsv7M4_T_le_eabi.lib</file>
         <name>ctype.obj</name>
      </input_file>
      <input_file id="fl-d7">
         <path>C:\TI\ccsv6\tools\compiler\ti-cgt-arm_15.12.1.LTS\lib\</path>
         <kind>archive</kind>
         <file>rtsv7M4_T_le_eabi.lib</file>
         <name>fd_add_t2.obj</name>
      </input_file>
      <input_file id="fl-d8">
         <path>C:\TI\ccsv6\tools\compiler\ti-cgt-arm_15.12.1.LTS\lib\</path>
         <kind>archive</kind>
         <file>rtsv7M4_T_le_eabi.lib</file>
         <name>fd_cmp_t2.obj</name>
      </input_file>
      <input_file id="fl-d9">
         <path>C:\TI\ccsv6\tools\compiler\ti-cgt-arm_15.12.1.LTS\lib\</path>
         <kind>archive</kind>
         <file>rtsv7M4_T_le_eabi.lib</file>
         <name>fd_div_t2.obj</name>
      </input_file>
      <input_file id="fl-da">
         <path>C:\TI\ccsv6\tools\compiler\ti-cgt-arm_15.12.1.LTS\lib\</path>
         <kind>archive</kind>
         <file>rtsv7M4_T_le_eabi.lib</file>
         <name>fd_mul_t2.obj</name>
      </input_file>
      <input_file id="fl-db">
         <path>C:\TI\ccsv6\tools\compiler\ti-cgt-arm_15.12.1.LTS\lib\</path>
         <kind>archive</kind>
         <file>rtsv7M4_T_le_eabi.lib</file>
         <name>fd_toi_t2.obj</name>
      </input_file>
      <input_file id="fl-dc">
         <path>C:\TI\ccsv6\tools\compiler\ti-cgt-arm_15.12.1.LTS\lib\</path>
         <kind>archive</kind>
         <file>rtsv7M4_T_le_eabi.lib</file>
         <name>i_tofd_t2.obj</name>
      </input_file>
      <input_file id="fl-dd">
         <path>C:\TI\ccsv6\tools\compiler\ti-cgt-arm_15.12.1.LTS\lib\</path>
         <kind>archive</kind>
         <file>rtsv7M4_T_le_eabi.lib</file>
         <name>ltoa.obj</name>
      </input_file>
      <input_file id="fl-de">
         <path>C:\TI\ccsv6\tools\compiler\ti-cgt-arm_15.12.1.LTS\lib\</path>
         <kind>archive</kind>
         <file>rtsv7M4_T_le_eabi.lib</file>
         <name>memccpy.obj</name>
      </input_file>
      <input_file id="fl-df">
         <path>C:\TI\ccsv6\tools\compiler\ti-cgt-arm_15.12.1.LTS\lib\</path>
         <kind>archive</kind>
         <file>rtsv7M4_T_le_eabi.lib</file>
         <name>s_frexp.obj</name>
      </input_file>
      <input_file id="fl-e0">
         <path>C:\TI\ccsv6\tools\compiler\ti-cgt-arm_15.12.1.LTS\lib\</path>
         <kind>archive</kind>
         <file>rtsv7M4_T_le_eabi.lib</file>
         <name>s_scalbn.obj</name>
      </input_file>
      <input_file id="fl-e1">
         <path>C:\TI\ccsv6\tools\compiler\ti-cgt-arm_15.12.1.LTS\lib\</path>
         <kind>archive</kind>
         <file>rtsv7M4_T_le_eabi.lib</file>
         <name>startup.obj</name>
      </input_file>
      <input_file id="fl-e2">
         <path>C:\TI\ccsv6\tools\compiler\ti-cgt-arm_15.12.1.LTS\lib\</path>
         <kind>archive</kind>
         <file>rtsv7M4_T_le_eabi.lib</file>
         <name>strchr.obj</name>
      </input_file>
      <input_file id="fl-e3">
         <path>C:\TI\ccsv6\tools\compiler\ti-cgt-arm_15.12.1.LTS\lib\</path>
         <kind>archive</kind>
         <file>rtsv7M4_T_le_eabi.lib</file>
         <name>ull_div_t2.obj</name>
      </input_file>
      <input_file id="fl-e4">
         <path>C:\TI\ccsv6\tools\compiler\ti-cgt-arm_15.12.1.LTS\lib\</path>
         <kind>archive</kind>
         <file>rtsv7M4_T_le_eabi.lib</file>
         <name>errno.obj</name>
      </input_file>
      <input_file id="fl-e5">
         <path>C:\TI\ccsv6\tools\compiler\ti-cgt-arm_15.12.1.LTS\lib\</path>
         <kind>archive</kind>
         <file>rtsv7M4_T_le_eabi.lib</file>
         <name>s_copysign.obj</name>
      </input_file>
      <input_file id="fl-e6">
         <path>C:\ti\CC3200SDK_1.2.0\cc3200-sdk\third_party\fatfs\ccs\Release\</path>
         <kind>archive</kind>
         <file>fatfs.a</file>
         <name>ff.obj</name>
      </input_file>
      <input_file id="fl-e7">
         <path>C:\ti\CC3200SDK_1.2.0\cc3200-sdk\driverlib\ccs\Release\</path>
         <kind>archive</kind>
         <file>driverlib.a</file>
         <name>interrupt.obj</name>
      </input_file>
      <input_file id="fl-e8">
         <path>C:\ti\CC3200SDK_1.2.0\cc3200-sdk\driverlib\ccs\Release\</path>
         <kind>archive</kind>
         <file>driverlib.a</file>
         <name>pin.obj</name>
      </input_file>
      <input_file id="fl-e9">
         <path>C:\ti\CC3200SDK_1.2.0\cc3200-sdk\driverlib\ccs\Release\</path>
         <kind>archive</kind>
         <file>driverlib.a</file>
         <name>prcm.obj</name>
      </input_file>
      <input_file id="fl-ea">
         <path>C:\ti\CC3200SDK_1.2.0\cc3200-sdk\driverlib\ccs\Release\</path>
         <kind>archive</kind>
         <file>driverlib.a</file>
         <name>sdhost.obj</name>
      </input_file>
      <input_file id="fl-eb">
         <path>C:\ti\CC3200SDK_1.2.0\cc3200-sdk\driverlib\ccs\Release\</path>
         <kind>archive</kind>
         <file>driverlib.a</file>
         <name>uart.obj</name>
      </input_file>
      <input_file id="fl-ec">
         <path>C:\ti\CC3200SDK_1.2.0\cc3200-sdk\driverlib\ccs\Release\</path>
         <kind>archive</kind>
         <file>driverlib.a</file>
         <name>utils.obj</name>
      </input_file>
      <input_file id="fl-ed">
         <path>C:\ti\CC3200SDK_1.2.0\cc3200-sdk\driverlib\ccs\Release\</path>
         <kind>archive</kind>
         <file>driverlib.a</file>
         <name>cpu.obj</name>
      </input_file>
      <input_file id="fl-ee">
         <path>C:\ti\CC3200SDK_1.2.0\cc3200-sdk\driverlib\ccs\Release\</path>
         <kind>archive</kind>
         <file>driverlib.a</file>
         <name>flash.obj</name>
      </input_file>
   </input_file_list>
   <object_component_list>
      <object_component id="oc-f">
         <name>.intvecs</name>
         <load_address>0x20004000</load_address>
         <run_address>0x20004000</run_address>
         <size>0x400</size>
         <input_file_ref idref="fl-5"/>
      </object_component>
      <object_component id="oc-da">
         <name>.text</name>
         <load_address>0x20004400</load_address>
         <run_address>0x20004400</run_address>
         <size>0x2ad6</size>
         <input_file_ref idref="fl-e6"/>
      </object_component>
      <object_component id="oc-5b">
         <name>.text</name>
         <load_address>0x20006ed6</load_address>
         <run_address>0x20006ed6</run_address>
         <size>0x2</size>
         <input_file_ref idref="fl-cb"/>
      </object_component>
      <object_component id="oc-23d">
         <name>.text</name>
         <load_address>0x20006ed8</load_address>
         <run_address>0x20006ed8</run_address>
         <size>0x10fc</size>
         <input_file_ref idref="fl-d1"/>
      </object_component>
      <object_component id="oc-15e">
         <name>.text</name>
         <load_address>0x20007fd4</load_address>
         <run_address>0x20007fd4</run_address>
         <size>0x4c0</size>
         <input_file_ref idref="fl-2"/>
      </object_component>
      <object_component id="oc-ac">
         <name>.text</name>
         <load_address>0x20008494</load_address>
         <run_address>0x20008494</run_address>
         <size>0x4a4</size>
         <input_file_ref idref="fl-3"/>
      </object_component>
      <object_component id="oc-198">
         <name>.text</name>
         <load_address>0x20008938</load_address>
         <run_address>0x20008938</run_address>
         <size>0x3dc</size>
         <input_file_ref idref="fl-c9"/>
      </object_component>
      <object_component id="oc-e0">
         <name>.text</name>
         <load_address>0x20008d14</load_address>
         <run_address>0x20008d14</run_address>
         <size>0x280</size>
         <input_file_ref idref="fl-6"/>
      </object_component>
      <object_component id="oc-28e">
         <name>.text</name>
         <load_address>0x20008f94</load_address>
         <run_address>0x20008f94</run_address>
         <size>0x1f4</size>
         <input_file_ref idref="fl-e3"/>
      </object_component>
      <object_component id="oc-2b7">
         <name>.text</name>
         <load_address>0x20009188</load_address>
         <run_address>0x20009188</run_address>
         <size>0x1b6</size>
         <input_file_ref idref="fl-d7"/>
      </object_component>
      <object_component id="oc-a4">
         <name>.text</name>
         <load_address>0x2000933e</load_address>
         <run_address>0x2000933e</run_address>
         <size>0x2</size>
         <input_file_ref idref="fl-e1"/>
      </object_component>
      <object_component id="oc-f8">
         <name>.text:PRCMCC3200MCUInit</name>
         <load_address>0x20009340</load_address>
         <run_address>0x20009340</run_address>
         <size>0x178</size>
         <input_file_ref idref="fl-e9"/>
      </object_component>
      <object_component id="oc-29d">
         <name>.text</name>
         <load_address>0x200094b8</load_address>
         <run_address>0x200094b8</run_address>
         <size>0x136</size>
         <input_file_ref idref="fl-d9"/>
      </object_component>
      <object_component id="oc-298">
         <name>.text</name>
         <load_address>0x200095ee</load_address>
         <run_address>0x200095ee</run_address>
         <size>0xfc</size>
         <input_file_ref idref="fl-da"/>
      </object_component>
      <object_component id="oc-2c2">
         <name>.text</name>
         <load_address>0x200096ec</load_address>
         <run_address>0x200096ec</run_address>
         <size>0xd0</size>
         <input_file_ref idref="fl-e0"/>
      </object_component>
      <object_component id="oc-f2">
         <name>.text:IntEnable</name>
         <load_address>0x200097bc</load_address>
         <run_address>0x200097bc</run_address>
         <size>0xa8</size>
         <input_file_ref idref="fl-e7"/>
      </object_component>
      <object_component id="oc-36">
         <name>.text</name>
         <load_address>0x20009864</load_address>
         <run_address>0x20009864</run_address>
         <size>0x9c</size>
         <input_file_ref idref="fl-c7"/>
      </object_component>
      <object_component id="oc-122">
         <name>.text:PRCMPeripheralClockGet</name>
         <load_address>0x20009900</load_address>
         <run_address>0x20009900</run_address>
         <size>0x94</size>
         <input_file_ref idref="fl-e9"/>
      </object_component>
      <object_component id="oc-10a">
         <name>.text:PinConfigSet</name>
         <load_address>0x20009994</load_address>
         <run_address>0x20009994</run_address>
         <size>0x88</size>
         <input_file_ref idref="fl-e8"/>
      </object_component>
      <object_component id="oc-17a">
         <name>.text</name>
         <load_address>0x20009a1c</load_address>
         <run_address>0x20009a1c</run_address>
         <size>0x88</size>
         <input_file_ref idref="fl-cf"/>
      </object_component>
      <object_component id="oc-293">
         <name>.text:__aeabi_cdcmple</name>
         <load_address>0x20009aa4</load_address>
         <run_address>0x20009aa4</run_address>
         <size>0x86</size>
         <input_file_ref idref="fl-d8"/>
      </object_component>
      <object_component id="oc-2a2">
         <name>.text:__aeabi_cdrcmple</name>
         <load_address>0x20009b2a</load_address>
         <run_address>0x20009b2a</run_address>
         <size>0x86</size>
         <input_file_ref idref="fl-d8"/>
      </object_component>
      <object_component id="oc-11c">
         <name>.text:SDHostInit</name>
         <load_address>0x20009bb0</load_address>
         <run_address>0x20009bb0</run_address>
         <size>0x7c</size>
         <input_file_ref idref="fl-ea"/>
      </object_component>
      <object_component id="oc-4f">
         <name>.text</name>
         <load_address>0x20009c2c</load_address>
         <run_address>0x20009c2c</run_address>
         <size>0x7a</size>
         <input_file_ref idref="fl-ca"/>
      </object_component>
      <object_component id="oc-16e">
         <name>.text:UARTConfigSetExpClk</name>
         <load_address>0x20009ca6</load_address>
         <run_address>0x20009ca6</run_address>
         <size>0x76</size>
         <input_file_ref idref="fl-eb"/>
      </object_component>
      <object_component id="oc-67">
         <name>.text</name>
         <load_address>0x20009d1c</load_address>
         <run_address>0x20009d1c</run_address>
         <size>0x70</size>
         <input_file_ref idref="fl-d4"/>
      </object_component>
      <object_component id="oc-42">
         <name>.text</name>
         <load_address>0x20009d8c</load_address>
         <run_address>0x20009d8c</run_address>
         <size>0x6a</size>
         <input_file_ref idref="fl-c4"/>
      </object_component>
      <object_component id="oc-128">
         <name>.text:SDHostSetExpClk</name>
         <load_address>0x20009df6</load_address>
         <run_address>0x20009df6</run_address>
         <size>0x66</size>
         <input_file_ref idref="fl-ea"/>
      </object_component>
      <object_component id="oc-2bc">
         <name>.text</name>
         <load_address>0x20009e5c</load_address>
         <run_address>0x20009e5c</run_address>
         <size>0x5c</size>
         <input_file_ref idref="fl-df"/>
      </object_component>
      <object_component id="oc-116">
         <name>.text:PRCMPeripheralReset</name>
         <load_address>0x20009eb8</load_address>
         <run_address>0x20009eb8</run_address>
         <size>0x58</size>
         <input_file_ref idref="fl-e9"/>
      </object_component>
      <object_component id="oc-2ac">
         <name>.text</name>
         <load_address>0x20009f10</load_address>
         <run_address>0x20009f10</run_address>
         <size>0x56</size>
         <input_file_ref idref="fl-dd"/>
      </object_component>
      <object_component id="oc-73">
         <name>.text</name>
         <load_address>0x20009f68</load_address>
         <run_address>0x20009f68</run_address>
         <size>0x54</size>
         <input_file_ref idref="fl-c6"/>
      </object_component>
      <object_component id="oc-2d4">
         <name>.text</name>
         <load_address>0x20009fbc</load_address>
         <run_address>0x20009fbc</run_address>
         <size>0x4c</size>
         <input_file_ref idref="fl-d3"/>
      </object_component>
      <object_component id="oc-9e">
         <name>.text</name>
         <load_address>0x2000a008</load_address>
         <run_address>0x2000a008</run_address>
         <size>0x4c</size>
         <input_file_ref idref="fl-d5"/>
      </object_component>
      <object_component id="oc-2a7">
         <name>.text</name>
         <load_address>0x2000a054</load_address>
         <run_address>0x2000a054</run_address>
         <size>0x48</size>
         <input_file_ref idref="fl-db"/>
      </object_component>
      <object_component id="oc-265">
         <name>.text:PinModeSet</name>
         <load_address>0x2000a09c</load_address>
         <run_address>0x2000a09c</run_address>
         <size>0x40</size>
         <input_file_ref idref="fl-e8"/>
      </object_component>
      <object_component id="oc-24">
         <name>.text</name>
         <load_address>0x2000a0dc</load_address>
         <run_address>0x2000a0dc</run_address>
         <size>0x40</size>
         <input_file_ref idref="fl-c2"/>
      </object_component>
      <object_component id="oc-1f8">
         <name>.text:SDHostCmdSend</name>
         <load_address>0x2000a11c</load_address>
         <run_address>0x2000a11c</run_address>
         <size>0x3e</size>
         <input_file_ref idref="fl-ea"/>
      </object_component>
      <object_component id="oc-110">
         <name>.text:PRCMPeripheralClkEnable</name>
         <load_address>0x2000a15c</load_address>
         <run_address>0x2000a15c</run_address>
         <size>0x3c</size>
         <input_file_ref idref="fl-e9"/>
      </object_component>
      <object_component id="oc-104">
         <name>.text:PinDirModeSet</name>
         <load_address>0x2000a198</load_address>
         <run_address>0x2000a198</run_address>
         <size>0x3c</size>
         <input_file_ref idref="fl-e8"/>
      </object_component>
      <object_component id="oc-fe">
         <name>.text</name>
         <load_address>0x2000a1d4</load_address>
         <run_address>0x2000a1d4</run_address>
         <size>0x3c</size>
         <input_file_ref idref="fl-4"/>
      </object_component>
      <object_component id="oc-20a">
         <name>.text:SDHostRespGet</name>
         <load_address>0x2000a210</load_address>
         <run_address>0x2000a210</run_address>
         <size>0x34</size>
         <input_file_ref idref="fl-ea"/>
      </object_component>
      <object_component id="oc-22f">
         <name>.text:UARTDisable</name>
         <load_address>0x2000a244</load_address>
         <run_address>0x2000a244</run_address>
         <size>0x30</size>
         <input_file_ref idref="fl-eb"/>
      </object_component>
      <object_component id="oc-2b2">
         <name>.text</name>
         <load_address>0x2000a274</load_address>
         <run_address>0x2000a274</run_address>
         <size>0x2e</size>
         <input_file_ref idref="fl-dc"/>
      </object_component>
      <object_component id="oc-1b9">
         <name>.text:PRCMSysResetCauseGet</name>
         <load_address>0x2000a2a4</load_address>
         <run_address>0x2000a2a4</run_address>
         <size>0x2c</size>
         <input_file_ref idref="fl-e9"/>
      </object_component>
      <object_component id="oc-1fe">
         <name>.text:SDHostIntStatus</name>
         <load_address>0x2000a2d0</load_address>
         <run_address>0x2000a2d0</run_address>
         <size>0x2c</size>
         <input_file_ref idref="fl-ea"/>
      </object_component>
      <object_component id="oc-1cb">
         <name>.text:PRCMPeripheralClkDisable</name>
         <load_address>0x2000a2fc</load_address>
         <run_address>0x2000a2fc</run_address>
         <size>0x28</size>
         <input_file_ref idref="fl-e9"/>
      </object_component>
      <object_component id="oc-210">
         <name>.text:SDHostBlockSizeSet</name>
         <load_address>0x2000a324</load_address>
         <run_address>0x2000a324</run_address>
         <size>0x28</size>
         <input_file_ref idref="fl-ea"/>
      </object_component>
      <object_component id="oc-216">
         <name>.text:SDHostBlockCountSet</name>
         <load_address>0x2000a34c</load_address>
         <run_address>0x2000a34c</run_address>
         <size>0x26</size>
         <input_file_ref idref="fl-ea"/>
      </object_component>
      <object_component id="oc-1f2">
         <name>.text:SDHostIntClear</name>
         <load_address>0x2000a374</load_address>
         <run_address>0x2000a374</run_address>
         <size>0x24</size>
         <input_file_ref idref="fl-ea"/>
      </object_component>
      <object_component id="oc-235">
         <name>.text:UARTEnable</name>
         <load_address>0x2000a398</load_address>
         <run_address>0x2000a398</run_address>
         <size>0x24</size>
         <input_file_ref idref="fl-eb"/>
      </object_component>
      <object_component id="oc-192">
         <name>.text</name>
         <load_address>0x2000a3bc</load_address>
         <run_address>0x2000a3bc</run_address>
         <size>0x24</size>
         <input_file_ref idref="fl-c8"/>
      </object_component>
      <object_component id="oc-204">
         <name>.text:SDHostCmdReset</name>
         <load_address>0x2000a3e0</load_address>
         <run_address>0x2000a3e0</run_address>
         <size>0x22</size>
         <input_file_ref idref="fl-ea"/>
      </object_component>
      <object_component id="oc-21c">
         <name>.text:SDHostDataRead</name>
         <load_address>0x2000a402</load_address>
         <run_address>0x2000a402</run_address>
         <size>0x20</size>
         <input_file_ref idref="fl-ea"/>
      </object_component>
      <object_component id="oc-225">
         <name>.text:SDHostDataWrite</name>
         <load_address>0x2000a422</load_address>
         <run_address>0x2000a422</run_address>
         <size>0x1e</size>
         <input_file_ref idref="fl-ea"/>
      </object_component>
      <object_component id="oc-174">
         <name>.text:UARTCharPut</name>
         <load_address>0x2000a440</load_address>
         <run_address>0x2000a440</run_address>
         <size>0x1e</size>
         <input_file_ref idref="fl-eb"/>
      </object_component>
      <object_component id="oc-186">
         <name>.text:UARTCharGetNonBlocking</name>
         <load_address>0x2000a45e</load_address>
         <run_address>0x2000a45e</run_address>
         <size>0x1c</size>
         <input_file_ref idref="fl-eb"/>
      </object_component>
      <object_component id="oc-2ce">
         <name>.text</name>
         <load_address>0x2000a47a</load_address>
         <run_address>0x2000a47a</run_address>
         <size>0x1c</size>
         <input_file_ref idref="fl-de"/>
      </object_component>
      <object_component id="oc-1d8">
         <name>.text:PinTypeSDHost</name>
         <load_address>0x2000a496</load_address>
         <run_address>0x2000a496</run_address>
         <size>0x1a</size>
         <input_file_ref idref="fl-e8"/>
      </object_component>
      <object_component id="oc-1d2">
         <name>.text:PinTypeUART</name>
         <load_address>0x2000a4b0</load_address>
         <run_address>0x2000a4b0</run_address>
         <size>0x1a</size>
         <input_file_ref idref="fl-e8"/>
      </object_component>
      <object_component id="oc-180">
         <name>.text:UARTCharsAvail</name>
         <load_address>0x2000a4ca</load_address>
         <run_address>0x2000a4ca</run_address>
         <size>0x18</size>
         <input_file_ref idref="fl-eb"/>
      </object_component>
      <object_component id="oc-6d">
         <name>.text</name>
         <load_address>0x2000a4e4</load_address>
         <run_address>0x2000a4e4</run_address>
         <size>0x18</size>
         <input_file_ref idref="fl-d2"/>
      </object_component>
      <object_component id="oc-1bf">
         <name>.text:PRCMHIBRegRead</name>
         <load_address>0x2000a4fc</load_address>
         <run_address>0x2000a4fc</run_address>
         <size>0x16</size>
         <input_file_ref idref="fl-e9"/>
      </object_component>
      <object_component id="oc-1c5">
         <name>.text:PRCMHIBRegWrite</name>
         <load_address>0x2000a512</load_address>
         <run_address>0x2000a512</run_address>
         <size>0x16</size>
         <input_file_ref idref="fl-e9"/>
      </object_component>
      <object_component id="oc-2c8">
         <name>.text</name>
         <load_address>0x2000a528</load_address>
         <run_address>0x2000a528</run_address>
         <size>0x16</size>
         <input_file_ref idref="fl-e2"/>
      </object_component>
      <object_component id="oc-1ae">
         <name>.text:CPUcpsie</name>
         <load_address>0x2000a53e</load_address>
         <run_address>0x2000a53e</run_address>
         <size>0x14</size>
         <input_file_ref idref="fl-ed"/>
      </object_component>
      <object_component id="oc-e6">
         <name>.text:IntVTableBaseSet</name>
         <load_address>0x2000a554</load_address>
         <run_address>0x2000a554</run_address>
         <size>0x14</size>
         <input_file_ref idref="fl-e7"/>
      </object_component>
      <object_component id="oc-14b">
         <name>.text</name>
         <load_address>0x2000a568</load_address>
         <run_address>0x2000a568</run_address>
         <size>0x14</size>
         <input_file_ref idref="fl-d0"/>
      </object_component>
      <object_component id="oc-18c">
         <name>.text</name>
         <load_address>0x2000a57c</load_address>
         <run_address>0x2000a57c</run_address>
         <size>0x14</size>
         <input_file_ref idref="fl-ce"/>
      </object_component>
      <object_component id="oc-12">
         <name>.text:decompress:none</name>
         <load_address>0x2000a590</load_address>
         <run_address>0x2000a590</run_address>
         <size>0xe</size>
         <input_file_ref idref="fl-c3"/>
      </object_component>
      <object_component id="oc-2d">
         <name>.text</name>
         <load_address>0x2000a59e</load_address>
         <run_address>0x2000a59e</run_address>
         <size>0xe</size>
         <input_file_ref idref="fl-5"/>
      </object_component>
      <object_component id="oc-ec">
         <name>.text:IntMasterEnable</name>
         <load_address>0x2000a5ac</load_address>
         <run_address>0x2000a5ac</run_address>
         <size>0xa</size>
         <input_file_ref idref="fl-e7"/>
      </object_component>
      <object_component id="oc-306">
         <name>.text</name>
         <load_address>0x2000a5b6</load_address>
         <run_address>0x2000a5b6</run_address>
         <size>0x8</size>
         <input_file_ref idref="fl-e5"/>
      </object_component>
      <object_component id="oc-12e">
         <name>.text:UtilsDelay</name>
         <load_address>0x2000a5be</load_address>
         <run_address>0x2000a5be</run_address>
         <size>0x6</size>
         <input_file_ref idref="fl-ec"/>
      </object_component>
      <object_component id="oc-18">
         <name>.text:decompress:rle24</name>
         <load_address>0x2000a5c4</load_address>
         <run_address>0x2000a5c4</run_address>
         <size>0x6</size>
         <input_file_ref idref="fl-c4"/>
      </object_component>
      <object_component id="oc-61">
         <name>.text</name>
         <load_address>0x2000a5ca</load_address>
         <run_address>0x2000a5ca</run_address>
         <size>0x4</size>
         <input_file_ref idref="fl-cc"/>
      </object_component>
      <object_component id="oc-315">
         <name>.const:.string:_ctypes_</name>
         <load_address>0x2000a5d0</load_address>
         <run_address>0x2000a5d0</run_address>
         <size>0x101</size>
         <input_file_ref idref="fl-d6"/>
      </object_component>
      <object_component id="oc-1df">
         <name>.const:g_ulPinToPadMap</name>
         <load_address>0x2000a6d4</load_address>
         <run_address>0x2000a6d4</run_address>
         <size>0x100</size>
         <input_file_ref idref="fl-e8"/>
      </object_component>
      <object_component id="oc-1e4">
         <name>.const:PRCM_PeriphRegsList</name>
         <load_address>0x2000a7d4</load_address>
         <run_address>0x2000a7d4</run_address>
         <size>0xa8</size>
         <input_file_ref idref="fl-e9"/>
      </object_component>
      <object_component id="oc-1b5">
         <name>.const:g_pulEnRegs</name>
         <load_address>0x2000a87c</load_address>
         <run_address>0x2000a87c</run_address>
         <size>0x18</size>
         <input_file_ref idref="fl-e7"/>
      </object_component>
      <object_component id="oc-356">
         <name>.cinit..data.load</name>
         <load_address>0x2000a898</load_address>
         <run_address>0x2000a898</run_address>
         <size>0x27</size>
      </object_component>
      <object_component id="oc-357">
         <name>.cinit..bss.load</name>
         <load_address>0x2000a8c0</load_address>
         <run_address>0x2000a8c0</run_address>
         <size>0x9</size>
      </object_component>
      <object_component id="oc-354">
         <name>__TI_handler_table</name>
         <load_address>0x2000a8cc</load_address>
         <run_address>0x2000a8cc</run_address>
         <size>0x8</size>
      </object_component>
      <object_component id="oc-355">
         <name>__TI_cinit_table</name>
         <load_address>0x2000a8d4</load_address>
         <run_address>0x2000a8d4</run_address>
         <size>0x10</size>
      </object_component>
      <object_component id="oc-222">
         <name>.data:g_sDisk</name>
         <load_address>0x20017870</load_address>
         <run_address>0x20017870</run_address>
         <size>0x18</size>
         <input_file_ref idref="fl-2"/>
      </object_component>
      <object_component id="oc-b4">
         <name>.data:$O1$$</name>
         <load_address>0x20017888</load_address>
         <run_address>0x20017888</run_address>
         <size>0xc</size>
         <input_file_ref idref="fl-c6"/>
      </object_component>
      <object_component id="oc-255">
         <name>.data:$O1$$</name>
         <load_address>0x20017894</load_address>
         <run_address>0x20017894</run_address>
         <size>0xc</size>
         <input_file_ref idref="fl-c9"/>
      </object_component>
      <object_component id="oc-79">
         <name>.data</name>
         <load_address>0x200178ac</load_address>
         <run_address>0x200178ac</run_address>
         <size>0x4</size>
         <input_file_ref idref="fl-cd"/>
      </object_component>
      <object_component id="oc-b7">
         <name>.data:$O1$$</name>
         <load_address>0x200178a0</load_address>
         <run_address>0x200178a0</run_address>
         <size>0x8</size>
         <input_file_ref idref="fl-d0"/>
      </object_component>
      <object_component id="oc-30c">
         <name>.data</name>
         <load_address>0x200178a8</load_address>
         <run_address>0x200178a8</run_address>
         <size>0x4</size>
         <input_file_ref idref="fl-e4"/>
      </object_component>
      <object_component id="oc-19e">
         <name>.bss</name>
         <uninitialized>true</uninitialized>
         <run_address>0x20017864</run_address>
         <size>0x4</size>
         <input_file_ref idref="fl-6"/>
      </object_component>
      <object_component id="oc-12f">
         <name>.common:pBuffer</name>
         <uninitialized>true</uninitialized>
         <run_address>0x20017800</run_address>
         <size>0x64</size>
      </object_component>
      <object_component id="oc-164">
         <name>.common:FatFs</name>
         <uninitialized>true</uninitialized>
         <run_address>0x20017868</run_address>
         <size>0x4</size>
      </object_component>
      <object_component id="oc-167">
         <name>.common:Fsid</name>
         <uninitialized>true</uninitialized>
         <run_address>0x2001786c</run_address>
         <size>0x2</size>
      </object_component>
      <object_component id="oc-2a">
         <name>.sysmem</name>
         <uninitialized>true</uninitialized>
         <run_address>0x20017000</run_address>
         <size>0x8</size>
         <input_file_ref idref="fl-c9"/>
      </object_component>
      <object_component id="oc-359">
         <name>.sysmem</name>
         <uninitialized>true</uninitialized>
         <run_address>0x20017000</run_address>
         <size>0x0</size>
      </object_component>
      <object_component id="oc-29">
         <name>.stack</name>
         <uninitialized>true</uninitialized>
         <run_address>0x2002f000</run_address>
         <size>0x0</size>
         <input_file_ref idref="fl-c2"/>
      </object_component>
      <object_component id="oc-358">
         <name>.stack</name>
         <uninitialized>true</uninitialized>
         <run_address>0x2002f000</run_address>
         <size>0x0</size>
      </object_component>
      <object_component id="oc-22c">
         <name>.debug_info</name>
         <load_address>0x0</load_address>
         <run_address>0x0</run_address>
         <size>0x321</size>
         <input_file_ref idref="fl-2"/>
      </object_component>
      <object_component id="oc-223">
         <name>.debug_info</name>
         <load_address>0x321</load_address>
         <run_address>0x321</run_address>
         <size>0x108</size>
         <input_file_ref idref="fl-2"/>
      </object_component>
      <object_component id="oc-15f">
         <name>.debug_info</name>
         <load_address>0x429</load_address>
         <run_address>0x429</run_address>
         <size>0xc02</size>
         <input_file_ref idref="fl-2"/>
      </object_component>
      <object_component id="oc-169">
         <name>.debug_info</name>
         <load_address>0x102b</load_address>
         <run_address>0x102b</run_address>
         <size>0x70</size>
         <input_file_ref idref="fl-2"/>
      </object_component>
      <object_component id="oc-284">
         <name>.debug_info</name>
         <load_address>0x109b</load_address>
         <run_address>0x109b</run_address>
         <size>0xc2</size>
         <input_file_ref idref="fl-2"/>
      </object_component>
      <object_component id="oc-84">
         <name>.debug_info</name>
         <load_address>0x115d</load_address>
         <run_address>0x115d</run_address>
         <size>0x84</size>
         <input_file_ref idref="fl-2"/>
      </object_component>
      <object_component id="oc-13d">
         <name>.debug_info</name>
         <load_address>0x11e1</load_address>
         <run_address>0x11e1</run_address>
         <size>0x87</size>
         <input_file_ref idref="fl-2"/>
      </object_component>
      <object_component id="oc-138">
         <name>.debug_info</name>
         <load_address>0x1268</load_address>
         <run_address>0x1268</run_address>
         <size>0x2c</size>
         <input_file_ref idref="fl-2"/>
      </object_component>
      <object_component id="oc-130">
         <name>.debug_info</name>
         <load_address>0x1294</load_address>
         <run_address>0x1294</run_address>
         <size>0x5e6</size>
         <input_file_ref idref="fl-3"/>
      </object_component>
      <object_component id="oc-ad">
         <name>.debug_info</name>
         <load_address>0x187a</load_address>
         <run_address>0x187a</run_address>
         <size>0x603</size>
         <input_file_ref idref="fl-3"/>
      </object_component>
      <object_component id="oc-133">
         <name>.debug_info</name>
         <load_address>0x1e7d</load_address>
         <run_address>0x1e7d</run_address>
         <size>0x4b1</size>
         <input_file_ref idref="fl-3"/>
      </object_component>
      <object_component id="oc-274">
         <name>.debug_info</name>
         <load_address>0x232e</load_address>
         <run_address>0x232e</run_address>
         <size>0x62</size>
         <input_file_ref idref="fl-3"/>
      </object_component>
      <object_component id="oc-1a3">
         <name>.debug_info</name>
         <load_address>0x2390</load_address>
         <run_address>0x2390</run_address>
         <size>0x4e</size>
         <input_file_ref idref="fl-3"/>
      </object_component>
      <object_component id="oc-ff">
         <name>.debug_info</name>
         <load_address>0x23de</load_address>
         <run_address>0x23de</run_address>
         <size>0x1dd</size>
         <input_file_ref idref="fl-4"/>
      </object_component>
      <object_component id="oc-35">
         <name>.debug_info</name>
         <load_address>0x25bb</load_address>
         <run_address>0x25bb</run_address>
         <size>0x15a</size>
         <input_file_ref idref="fl-5"/>
      </object_component>
      <object_component id="oc-10">
         <name>.debug_info</name>
         <load_address>0x2715</load_address>
         <run_address>0x2715</run_address>
         <size>0x145</size>
         <input_file_ref idref="fl-5"/>
      </object_component>
      <object_component id="oc-2f">
         <name>.debug_info</name>
         <load_address>0x285a</load_address>
         <run_address>0x285a</run_address>
         <size>0x466</size>
         <input_file_ref idref="fl-5"/>
      </object_component>
      <object_component id="oc-1a2">
         <name>.debug_info</name>
         <load_address>0x2cc0</load_address>
         <run_address>0x2cc0</run_address>
         <size>0x3bc</size>
         <input_file_ref idref="fl-6"/>
      </object_component>
      <object_component id="oc-19f">
         <name>.debug_info</name>
         <load_address>0x307c</load_address>
         <run_address>0x307c</run_address>
         <size>0x13c</size>
         <input_file_ref idref="fl-6"/>
      </object_component>
      <object_component id="oc-e1">
         <name>.debug_info</name>
         <load_address>0x31b8</load_address>
         <run_address>0x31b8</run_address>
         <size>0x919</size>
         <input_file_ref idref="fl-6"/>
      </object_component>
      <object_component id="oc-1a8">
         <name>.debug_info</name>
         <load_address>0x3ad1</load_address>
         <run_address>0x3ad1</run_address>
         <size>0x110</size>
         <input_file_ref idref="fl-6"/>
      </object_component>
      <object_component id="oc-25">
         <name>.debug_info</name>
         <load_address>0x3be1</load_address>
         <run_address>0x3be1</run_address>
         <size>0x17c</size>
         <input_file_ref idref="fl-c2"/>
      </object_component>
      <object_component id="oc-41">
         <name>.debug_info</name>
         <load_address>0x3d5d</load_address>
         <run_address>0x3d5d</run_address>
         <size>0x15c</size>
         <input_file_ref idref="fl-c3"/>
      </object_component>
      <object_component id="oc-15">
         <name>.debug_info</name>
         <load_address>0x3eb9</load_address>
         <run_address>0x3eb9</run_address>
         <size>0x1fb</size>
         <input_file_ref idref="fl-c3"/>
      </object_component>
      <object_component id="oc-3c">
         <name>.debug_info</name>
         <load_address>0x40b4</load_address>
         <run_address>0x40b4</run_address>
         <size>0x46</size>
         <input_file_ref idref="fl-c3"/>
      </object_component>
      <object_component id="oc-8a">
         <name>.debug_info</name>
         <load_address>0x40fa</load_address>
         <run_address>0x40fa</run_address>
         <size>0x2c</size>
         <input_file_ref idref="fl-c3"/>
      </object_component>
      <object_component id="oc-49">
         <name>.debug_info</name>
         <load_address>0x4126</load_address>
         <run_address>0x4126</run_address>
         <size>0x150</size>
         <input_file_ref idref="fl-c4"/>
      </object_component>
      <object_component id="oc-46">
         <name>.debug_info</name>
         <load_address>0x4276</load_address>
         <run_address>0x4276</run_address>
         <size>0x263</size>
         <input_file_ref idref="fl-c4"/>
      </object_component>
      <object_component id="oc-1c">
         <name>.debug_info</name>
         <load_address>0x44d9</load_address>
         <run_address>0x44d9</run_address>
         <size>0x1cd</size>
         <input_file_ref idref="fl-c4"/>
      </object_component>
      <object_component id="oc-4a">
         <name>.debug_info</name>
         <load_address>0x46a6</load_address>
         <run_address>0x46a6</run_address>
         <size>0x39</size>
         <input_file_ref idref="fl-c4"/>
      </object_component>
      <object_component id="oc-94">
         <name>.debug_info</name>
         <load_address>0x46df</load_address>
         <run_address>0x46df</run_address>
         <size>0x2c</size>
         <input_file_ref idref="fl-c4"/>
      </object_component>
      <object_component id="oc-bb">
         <name>.debug_info</name>
         <load_address>0x470b</load_address>
         <run_address>0x470b</run_address>
         <size>0x250</size>
         <input_file_ref idref="fl-c6"/>
      </object_component>
      <object_component id="oc-b5">
         <name>.debug_info</name>
         <load_address>0x495b</load_address>
         <run_address>0x495b</run_address>
         <size>0x1a1</size>
         <input_file_ref idref="fl-c6"/>
      </object_component>
      <object_component id="oc-76">
         <name>.debug_info</name>
         <load_address>0x4afc</load_address>
         <run_address>0x4afc</run_address>
         <size>0x230</size>
         <input_file_ref idref="fl-c6"/>
      </object_component>
      <object_component id="oc-38">
         <name>.debug_info</name>
         <load_address>0x4d2c</load_address>
         <run_address>0x4d2c</run_address>
         <size>0x12d</size>
         <input_file_ref idref="fl-c7"/>
      </object_component>
      <object_component id="oc-254">
         <name>.debug_info</name>
         <load_address>0x4e59</load_address>
         <run_address>0x4e59</run_address>
         <size>0x148</size>
         <input_file_ref idref="fl-c8"/>
      </object_component>
      <object_component id="oc-196">
         <name>.debug_info</name>
         <load_address>0x4fa1</load_address>
         <run_address>0x4fa1</run_address>
         <size>0x1c7</size>
         <input_file_ref idref="fl-c8"/>
      </object_component>
      <object_component id="oc-7f">
         <name>.debug_info</name>
         <load_address>0x5168</load_address>
         <run_address>0x5168</run_address>
         <size>0x23e</size>
         <input_file_ref idref="fl-c9"/>
      </object_component>
      <object_component id="oc-2b">
         <name>.debug_info</name>
         <load_address>0x53a6</load_address>
         <run_address>0x53a6</run_address>
         <size>0x11d</size>
         <input_file_ref idref="fl-c9"/>
      </object_component>
      <object_component id="oc-256">
         <name>.debug_info</name>
         <load_address>0x54c3</load_address>
         <run_address>0x54c3</run_address>
         <size>0x168</size>
         <input_file_ref idref="fl-c9"/>
      </object_component>
      <object_component id="oc-19a">
         <name>.debug_info</name>
         <load_address>0x562b</load_address>
         <run_address>0x562b</run_address>
         <size>0x8a7</size>
         <input_file_ref idref="fl-c9"/>
      </object_component>
      <object_component id="oc-c1">
         <name>.debug_info</name>
         <load_address>0x5ed2</load_address>
         <run_address>0x5ed2</run_address>
         <size>0x2c</size>
         <input_file_ref idref="fl-c9"/>
      </object_component>
      <object_component id="oc-c6">
         <name>.debug_info</name>
         <load_address>0x5efe</load_address>
         <run_address>0x5efe</run_address>
         <size>0x62</size>
         <input_file_ref idref="fl-c9"/>
      </object_component>
      <object_component id="oc-50">
         <name>.debug_info</name>
         <load_address>0x5f60</load_address>
         <run_address>0x5f60</run_address>
         <size>0x15b</size>
         <input_file_ref idref="fl-ca"/>
      </object_component>
      <object_component id="oc-5f">
         <name>.debug_info</name>
         <load_address>0x60bb</load_address>
         <run_address>0x60bb</run_address>
         <size>0x154</size>
         <input_file_ref idref="fl-cb"/>
      </object_component>
      <object_component id="oc-63">
         <name>.debug_info</name>
         <load_address>0x620f</load_address>
         <run_address>0x620f</run_address>
         <size>0x164</size>
         <input_file_ref idref="fl-cc"/>
      </object_component>
      <object_component id="oc-7a">
         <name>.debug_info</name>
         <load_address>0x6373</load_address>
         <run_address>0x6373</run_address>
         <size>0x125</size>
         <input_file_ref idref="fl-cd"/>
      </object_component>
      <object_component id="oc-252">
         <name>.debug_info</name>
         <load_address>0x6498</load_address>
         <run_address>0x6498</run_address>
         <size>0x106</size>
         <input_file_ref idref="fl-ce"/>
      </object_component>
      <object_component id="oc-18e">
         <name>.debug_info</name>
         <load_address>0x659e</load_address>
         <run_address>0x659e</run_address>
         <size>0x27c</size>
         <input_file_ref idref="fl-ce"/>
      </object_component>
      <object_component id="oc-244">
         <name>.debug_info</name>
         <load_address>0x681a</load_address>
         <run_address>0x681a</run_address>
         <size>0x1e4</size>
         <input_file_ref idref="fl-cf"/>
      </object_component>
      <object_component id="oc-17c">
         <name>.debug_info</name>
         <load_address>0x69fe</load_address>
         <run_address>0x69fe</run_address>
         <size>0x378</size>
         <input_file_ref idref="fl-cf"/>
      </object_component>
      <object_component id="oc-245">
         <name>.debug_info</name>
         <load_address>0x6d76</load_address>
         <run_address>0x6d76</run_address>
         <size>0x2c</size>
         <input_file_ref idref="fl-cf"/>
      </object_component>
      <object_component id="oc-24a">
         <name>.debug_info</name>
         <load_address>0x6da2</load_address>
         <run_address>0x6da2</run_address>
         <size>0x69</size>
         <input_file_ref idref="fl-cf"/>
      </object_component>
      <object_component id="oc-153">
         <name>.debug_info</name>
         <load_address>0x6e0b</load_address>
         <run_address>0x6e0b</run_address>
         <size>0x140</size>
         <input_file_ref idref="fl-d0"/>
      </object_component>
      <object_component id="oc-b8">
         <name>.debug_info</name>
         <load_address>0x6f4b</load_address>
         <run_address>0x6f4b</run_address>
         <size>0x12f</size>
         <input_file_ref idref="fl-d0"/>
      </object_component>
      <object_component id="oc-14d">
         <name>.debug_info</name>
         <load_address>0x707a</load_address>
         <run_address>0x707a</run_address>
         <size>0x23b</size>
         <input_file_ref idref="fl-d0"/>
      </object_component>
      <object_component id="oc-2db">
         <name>.debug_info</name>
         <load_address>0x72b5</load_address>
         <run_address>0x72b5</run_address>
         <size>0x3a7</size>
         <input_file_ref idref="fl-d1"/>
      </object_component>
      <object_component id="oc-23f">
         <name>.debug_info</name>
         <load_address>0x765c</load_address>
         <run_address>0x765c</run_address>
         <size>0x180a</size>
         <input_file_ref idref="fl-d1"/>
      </object_component>
      <object_component id="oc-2dc">
         <name>.debug_info</name>
         <load_address>0x8e66</load_address>
         <run_address>0x8e66</run_address>
         <size>0x86</size>
         <input_file_ref idref="fl-d1"/>
      </object_component>
      <object_component id="oc-31c">
         <name>.debug_info</name>
         <load_address>0x8eec</load_address>
         <run_address>0x8eec</run_address>
         <size>0x46</size>
         <input_file_ref idref="fl-d1"/>
      </object_component>
      <object_component id="oc-2e1">
         <name>.debug_info</name>
         <load_address>0x8f32</load_address>
         <run_address>0x8f32</run_address>
         <size>0x39</size>
         <input_file_ref idref="fl-d1"/>
      </object_component>
      <object_component id="oc-b3">
         <name>.debug_info</name>
         <load_address>0x8f6b</load_address>
         <run_address>0x8f6b</run_address>
         <size>0x182</size>
         <input_file_ref idref="fl-d2"/>
      </object_component>
      <object_component id="oc-71">
         <name>.debug_info</name>
         <load_address>0x90ed</load_address>
         <run_address>0x90ed</run_address>
         <size>0x183</size>
         <input_file_ref idref="fl-d2"/>
      </object_component>
      <object_component id="oc-144">
         <name>.debug_info</name>
         <load_address>0x9270</load_address>
         <run_address>0x9270</run_address>
         <size>0x5e</size>
         <input_file_ref idref="fl-d2"/>
      </object_component>
      <object_component id="oc-319">
         <name>.debug_info</name>
         <load_address>0x92ce</load_address>
         <run_address>0x92ce</run_address>
         <size>0x130</size>
         <input_file_ref idref="fl-d3"/>
      </object_component>
      <object_component id="oc-2d6">
         <name>.debug_info</name>
         <load_address>0x93fe</load_address>
         <run_address>0x93fe</run_address>
         <size>0x18d</size>
         <input_file_ref idref="fl-d3"/>
      </object_component>
      <object_component id="oc-ab">
         <name>.debug_info</name>
         <load_address>0x958b</load_address>
         <run_address>0x958b</run_address>
         <size>0x305</size>
         <input_file_ref idref="fl-d4"/>
      </object_component>
      <object_component id="oc-6b">
         <name>.debug_info</name>
         <load_address>0x9890</load_address>
         <run_address>0x9890</run_address>
         <size>0x1ac</size>
         <input_file_ref idref="fl-d4"/>
      </object_component>
      <object_component id="oc-d0">
         <name>.debug_info</name>
         <load_address>0x9a3c</load_address>
         <run_address>0x9a3c</run_address>
         <size>0x39</size>
         <input_file_ref idref="fl-d4"/>
      </object_component>
      <object_component id="oc-d5">
         <name>.debug_info</name>
         <load_address>0x9a75</load_address>
         <run_address>0x9a75</run_address>
         <size>0xcd</size>
         <input_file_ref idref="fl-d4"/>
      </object_component>
      <object_component id="oc-cc">
         <name>.debug_info</name>
         <load_address>0x9b42</load_address>
         <run_address>0x9b42</run_address>
         <size>0x1fc</size>
         <input_file_ref idref="fl-d5"/>
      </object_component>
      <object_component id="oc-a1">
         <name>.debug_info</name>
         <load_address>0x9d3e</load_address>
         <run_address>0x9d3e</run_address>
         <size>0x19f</size>
         <input_file_ref idref="fl-d5"/>
      </object_component>
      <object_component id="oc-159">
         <name>.debug_info</name>
         <load_address>0x9edd</load_address>
         <run_address>0x9edd</run_address>
         <size>0x2c</size>
         <input_file_ref idref="fl-d5"/>
      </object_component>
      <object_component id="oc-330">
         <name>.debug_info</name>
         <load_address>0x9f09</load_address>
         <run_address>0x9f09</run_address>
         <size>0x10a</size>
         <input_file_ref idref="fl-d6"/>
      </object_component>
      <object_component id="oc-316">
         <name>.debug_info</name>
         <load_address>0xa013</load_address>
         <run_address>0xa013</run_address>
         <size>0x116</size>
         <input_file_ref idref="fl-d6"/>
      </object_component>
      <object_component id="oc-2b8">
         <name>.debug_info</name>
         <load_address>0xa129</load_address>
         <run_address>0xa129</run_address>
         <size>0x160</size>
         <input_file_ref idref="fl-d7"/>
      </object_component>
      <object_component id="oc-296">
         <name>.debug_info</name>
         <load_address>0xa289</load_address>
         <run_address>0xa289</run_address>
         <size>0x13c</size>
         <input_file_ref idref="fl-d8"/>
      </object_component>
      <object_component id="oc-2a5">
         <name>.debug_info</name>
         <load_address>0xa3c5</load_address>
         <run_address>0xa3c5</run_address>
         <size>0x13e</size>
         <input_file_ref idref="fl-d8"/>
      </object_component>
      <object_component id="oc-2a0">
         <name>.debug_info</name>
         <load_address>0xa503</load_address>
         <run_address>0xa503</run_address>
         <size>0x14e</size>
         <input_file_ref idref="fl-d9"/>
      </object_component>
      <object_component id="oc-299">
         <name>.debug_info</name>
         <load_address>0xa651</load_address>
         <run_address>0xa651</run_address>
         <size>0x14e</size>
         <input_file_ref idref="fl-da"/>
      </object_component>
      <object_component id="oc-2a8">
         <name>.debug_info</name>
         <load_address>0xa79f</load_address>
         <run_address>0xa79f</run_address>
         <size>0x142</size>
         <input_file_ref idref="fl-db"/>
      </object_component>
      <object_component id="oc-2b3">
         <name>.debug_info</name>
         <load_address>0xa8e1</load_address>
         <run_address>0xa8e1</run_address>
         <size>0x140</size>
         <input_file_ref idref="fl-dc"/>
      </object_component>
      <object_component id="oc-2fc">
         <name>.debug_info</name>
         <load_address>0xaa21</load_address>
         <run_address>0xaa21</run_address>
         <size>0x168</size>
         <input_file_ref idref="fl-dd"/>
      </object_component>
      <object_component id="oc-2b0">
         <name>.debug_info</name>
         <load_address>0xab89</load_address>
         <run_address>0xab89</run_address>
         <size>0x1de</size>
         <input_file_ref idref="fl-dd"/>
      </object_component>
      <object_component id="oc-314">
         <name>.debug_info</name>
         <load_address>0xad67</load_address>
         <run_address>0xad67</run_address>
         <size>0x10d</size>
         <input_file_ref idref="fl-de"/>
      </object_component>
      <object_component id="oc-2cf">
         <name>.debug_info</name>
         <load_address>0xae74</load_address>
         <run_address>0xae74</run_address>
         <size>0x1c7</size>
         <input_file_ref idref="fl-de"/>
      </object_component>
      <object_component id="oc-300">
         <name>.debug_info</name>
         <load_address>0xb03b</load_address>
         <run_address>0xb03b</run_address>
         <size>0x15b</size>
         <input_file_ref idref="fl-df"/>
      </object_component>
      <object_component id="oc-2be">
         <name>.debug_info</name>
         <load_address>0xb196</load_address>
         <run_address>0xb196</run_address>
         <size>0x1a5</size>
         <input_file_ref idref="fl-df"/>
      </object_component>
      <object_component id="oc-301">
         <name>.debug_info</name>
         <load_address>0xb33b</load_address>
         <run_address>0xb33b</run_address>
         <size>0x2c</size>
         <input_file_ref idref="fl-df"/>
      </object_component>
      <object_component id="oc-310">
         <name>.debug_info</name>
         <load_address>0xb367</load_address>
         <run_address>0xb367</run_address>
         <size>0x198</size>
         <input_file_ref idref="fl-e0"/>
      </object_component>
      <object_component id="oc-2c3">
         <name>.debug_info</name>
         <load_address>0xb4ff</load_address>
         <run_address>0xb4ff</run_address>
         <size>0x202</size>
         <input_file_ref idref="fl-e0"/>
      </object_component>
      <object_component id="oc-a5">
         <name>.debug_info</name>
         <load_address>0xb701</load_address>
         <run_address>0xb701</run_address>
         <size>0x161</size>
         <input_file_ref idref="fl-e1"/>
      </object_component>
      <object_component id="oc-312">
         <name>.debug_info</name>
         <load_address>0xb862</load_address>
         <run_address>0xb862</run_address>
         <size>0x111</size>
         <input_file_ref idref="fl-e2"/>
      </object_component>
      <object_component id="oc-2ca">
         <name>.debug_info</name>
         <load_address>0xb973</load_address>
         <run_address>0xb973</run_address>
         <size>0x296</size>
         <input_file_ref idref="fl-e2"/>
      </object_component>
      <object_component id="oc-28f">
         <name>.debug_info</name>
         <load_address>0xbc09</load_address>
         <run_address>0xbc09</run_address>
         <size>0x199</size>
         <input_file_ref idref="fl-e3"/>
      </object_component>
      <object_component id="oc-30d">
         <name>.debug_info</name>
         <load_address>0xbda2</load_address>
         <run_address>0xbda2</run_address>
         <size>0x10f</size>
         <input_file_ref idref="fl-e4"/>
      </object_component>
      <object_component id="oc-307">
         <name>.debug_info</name>
         <load_address>0xbeb1</load_address>
         <run_address>0xbeb1</run_address>
         <size>0x170</size>
         <input_file_ref idref="fl-e5"/>
      </object_component>
      <object_component id="oc-165">
         <name>.debug_info</name>
         <load_address>0xc021</load_address>
         <run_address>0xc021</run_address>
         <size>0x35a</size>
         <input_file_ref idref="fl-e6"/>
      </object_component>
      <object_component id="oc-de">
         <name>.debug_info</name>
         <load_address>0xc37b</load_address>
         <run_address>0xc37b</run_address>
         <size>0x4d21</size>
         <input_file_ref idref="fl-e6"/>
      </object_component>
      <object_component id="oc-260">
         <name>.debug_info</name>
         <load_address>0x1109c</load_address>
         <run_address>0x1109c</run_address>
         <size>0x1a7</size>
         <input_file_ref idref="fl-e7"/>
      </object_component>
      <object_component id="oc-1b6">
         <name>.debug_info</name>
         <load_address>0x11243</load_address>
         <run_address>0x11243</run_address>
         <size>0x106</size>
         <input_file_ref idref="fl-e7"/>
      </object_component>
      <object_component id="oc-f0">
         <name>.debug_info</name>
         <load_address>0x11349</load_address>
         <run_address>0x11349</run_address>
         <size>0x1a6</size>
         <input_file_ref idref="fl-e7"/>
      </object_component>
      <object_component id="oc-ea">
         <name>.debug_info</name>
         <load_address>0x114ef</load_address>
         <run_address>0x114ef</run_address>
         <size>0x1d8</size>
         <input_file_ref idref="fl-e7"/>
      </object_component>
      <object_component id="oc-f6">
         <name>.debug_info</name>
         <load_address>0x116c7</load_address>
         <run_address>0x116c7</run_address>
         <size>0x1c9</size>
         <input_file_ref idref="fl-e7"/>
      </object_component>
      <object_component id="oc-26f">
         <name>.debug_info</name>
         <load_address>0x11890</load_address>
         <run_address>0x11890</run_address>
         <size>0xf4</size>
         <input_file_ref idref="fl-e8"/>
      </object_component>
      <object_component id="oc-1e0">
         <name>.debug_info</name>
         <load_address>0x11984</load_address>
         <run_address>0x11984</run_address>
         <size>0x108</size>
         <input_file_ref idref="fl-e8"/>
      </object_component>
      <object_component id="oc-266">
         <name>.debug_info</name>
         <load_address>0x11a8c</load_address>
         <run_address>0x11a8c</run_address>
         <size>0x1e9</size>
         <input_file_ref idref="fl-e8"/>
      </object_component>
      <object_component id="oc-105">
         <name>.debug_info</name>
         <load_address>0x11c75</load_address>
         <run_address>0x11c75</run_address>
         <size>0x1e7</size>
         <input_file_ref idref="fl-e8"/>
      </object_component>
      <object_component id="oc-10b">
         <name>.debug_info</name>
         <load_address>0x11e5c</load_address>
         <run_address>0x11e5c</run_address>
         <size>0x237</size>
         <input_file_ref idref="fl-e8"/>
      </object_component>
      <object_component id="oc-1d3">
         <name>.debug_info</name>
         <load_address>0x12093</load_address>
         <run_address>0x12093</run_address>
         <size>0x1fe</size>
         <input_file_ref idref="fl-e8"/>
      </object_component>
      <object_component id="oc-1d9">
         <name>.debug_info</name>
         <load_address>0x12291</load_address>
         <run_address>0x12291</run_address>
         <size>0x202</size>
         <input_file_ref idref="fl-e8"/>
      </object_component>
      <object_component id="oc-1e9">
         <name>.debug_info</name>
         <load_address>0x12493</load_address>
         <run_address>0x12493</run_address>
         <size>0x204</size>
         <input_file_ref idref="fl-e9"/>
      </object_component>
      <object_component id="oc-1e5">
         <name>.debug_info</name>
         <load_address>0x12697</load_address>
         <run_address>0x12697</run_address>
         <size>0x111</size>
         <input_file_ref idref="fl-e9"/>
      </object_component>
      <object_component id="oc-1bc">
         <name>.debug_info</name>
         <load_address>0x127a8</load_address>
         <run_address>0x127a8</run_address>
         <size>0x1d0</size>
         <input_file_ref idref="fl-e9"/>
      </object_component>
      <object_component id="oc-113">
         <name>.debug_info</name>
         <load_address>0x12978</load_address>
         <run_address>0x12978</run_address>
         <size>0x215</size>
         <input_file_ref idref="fl-e9"/>
      </object_component>
      <object_component id="oc-1ce">
         <name>.debug_info</name>
         <load_address>0x12b8d</load_address>
         <run_address>0x12b8d</run_address>
         <size>0x217</size>
         <input_file_ref idref="fl-e9"/>
      </object_component>
      <object_component id="oc-125">
         <name>.debug_info</name>
         <load_address>0x12da4</load_address>
         <run_address>0x12da4</run_address>
         <size>0x240</size>
         <input_file_ref idref="fl-e9"/>
      </object_component>
      <object_component id="oc-119">
         <name>.debug_info</name>
         <load_address>0x12fe4</load_address>
         <run_address>0x12fe4</run_address>
         <size>0x1ea</size>
         <input_file_ref idref="fl-e9"/>
      </object_component>
      <object_component id="oc-fb">
         <name>.debug_info</name>
         <load_address>0x131ce</load_address>
         <run_address>0x131ce</run_address>
         <size>0x2ad</size>
         <input_file_ref idref="fl-e9"/>
      </object_component>
      <object_component id="oc-1c2">
         <name>.debug_info</name>
         <load_address>0x1347b</load_address>
         <run_address>0x1347b</run_address>
         <size>0x1e9</size>
         <input_file_ref idref="fl-e9"/>
      </object_component>
      <object_component id="oc-1c8">
         <name>.debug_info</name>
         <load_address>0x13664</load_address>
         <run_address>0x13664</run_address>
         <size>0x1fe</size>
         <input_file_ref idref="fl-e9"/>
      </object_component>
      <object_component id="oc-27e">
         <name>.debug_info</name>
         <load_address>0x13862</load_address>
         <run_address>0x13862</run_address>
         <size>0x18e</size>
         <input_file_ref idref="fl-ea"/>
      </object_component>
      <object_component id="oc-11d">
         <name>.debug_info</name>
         <load_address>0x139f0</load_address>
         <run_address>0x139f0</run_address>
         <size>0x1ab</size>
         <input_file_ref idref="fl-ea"/>
      </object_component>
      <object_component id="oc-205">
         <name>.debug_info</name>
         <load_address>0x13b9b</load_address>
         <run_address>0x13b9b</run_address>
         <size>0x1b3</size>
         <input_file_ref idref="fl-ea"/>
      </object_component>
      <object_component id="oc-1f9">
         <name>.debug_info</name>
         <load_address>0x13d4e</load_address>
         <run_address>0x13d4e</run_address>
         <size>0x203</size>
         <input_file_ref idref="fl-ea"/>
      </object_component>
      <object_component id="oc-226">
         <name>.debug_info</name>
         <load_address>0x13f51</load_address>
         <run_address>0x13f51</run_address>
         <size>0x1e3</size>
         <input_file_ref idref="fl-ea"/>
      </object_component>
      <object_component id="oc-21d">
         <name>.debug_info</name>
         <load_address>0x14134</load_address>
         <run_address>0x14134</run_address>
         <size>0x1e5</size>
         <input_file_ref idref="fl-ea"/>
      </object_component>
      <object_component id="oc-1ff">
         <name>.debug_info</name>
         <load_address>0x14319</load_address>
         <run_address>0x14319</run_address>
         <size>0x1dc</size>
         <input_file_ref idref="fl-ea"/>
      </object_component>
      <object_component id="oc-1f3">
         <name>.debug_info</name>
         <load_address>0x144f5</load_address>
         <run_address>0x144f5</run_address>
         <size>0x1f1</size>
         <input_file_ref idref="fl-ea"/>
      </object_component>
      <object_component id="oc-129">
         <name>.debug_info</name>
         <load_address>0x146e6</load_address>
         <run_address>0x146e6</run_address>
         <size>0x242</size>
         <input_file_ref idref="fl-ea"/>
      </object_component>
      <object_component id="oc-20b">
         <name>.debug_info</name>
         <load_address>0x14928</load_address>
         <run_address>0x14928</run_address>
         <size>0x1eb</size>
         <input_file_ref idref="fl-ea"/>
      </object_component>
      <object_component id="oc-211">
         <name>.debug_info</name>
         <load_address>0x14b13</load_address>
         <run_address>0x14b13</run_address>
         <size>0x1f5</size>
         <input_file_ref idref="fl-ea"/>
      </object_component>
      <object_component id="oc-217">
         <name>.debug_info</name>
         <load_address>0x14d08</load_address>
         <run_address>0x14d08</run_address>
         <size>0x215</size>
         <input_file_ref idref="fl-ea"/>
      </object_component>
      <object_component id="oc-170">
         <name>.debug_info</name>
         <load_address>0x14f1d</load_address>
         <run_address>0x14f1d</run_address>
         <size>0x286</size>
         <input_file_ref idref="fl-eb"/>
      </object_component>
      <object_component id="oc-238">
         <name>.debug_info</name>
         <load_address>0x151a3</load_address>
         <run_address>0x151a3</run_address>
         <size>0x1a8</size>
         <input_file_ref idref="fl-eb"/>
      </object_component>
      <object_component id="oc-232">
         <name>.debug_info</name>
         <load_address>0x1534b</load_address>
         <run_address>0x1534b</run_address>
         <size>0x1aa</size>
         <input_file_ref idref="fl-eb"/>
      </object_component>
      <object_component id="oc-183">
         <name>.debug_info</name>
         <load_address>0x154f5</load_address>
         <run_address>0x154f5</run_address>
         <size>0x1b4</size>
         <input_file_ref idref="fl-eb"/>
      </object_component>
      <object_component id="oc-189">
         <name>.debug_info</name>
         <load_address>0x156a9</load_address>
         <run_address>0x156a9</run_address>
         <size>0x1c4</size>
         <input_file_ref idref="fl-eb"/>
      </object_component>
      <object_component id="oc-177">
         <name>.debug_info</name>
         <load_address>0x1586d</load_address>
         <run_address>0x1586d</run_address>
         <size>0x1d5</size>
         <input_file_ref idref="fl-eb"/>
      </object_component>
      <object_component id="oc-1b0">
         <name>.debug_info</name>
         <load_address>0x15a42</load_address>
         <run_address>0x15a42</run_address>
         <size>0x178</size>
         <input_file_ref idref="fl-ed"/>
      </object_component>
      <object_component id="oc-35a">
         <name>.debug_info</name>
         <load_address>0x15bba</load_address>
         <run_address>0x15bba</run_address>
         <size>0xdb</size>
      </object_component>
      <object_component id="oc-28b">
         <name>.debug_line</name>
         <load_address>0x0</load_address>
         <run_address>0x0</run_address>
         <size>0x8d</size>
         <input_file_ref idref="fl-2"/>
      </object_component>
      <object_component id="oc-283">
         <name>.debug_line</name>
         <load_address>0x8d</load_address>
         <run_address>0x8d</run_address>
         <size>0x2f</size>
         <input_file_ref idref="fl-2"/>
      </object_component>
      <object_component id="oc-162">
         <name>.debug_line</name>
         <load_address>0xbc</load_address>
         <run_address>0xbc</run_address>
         <size>0x250</size>
         <input_file_ref idref="fl-2"/>
      </object_component>
      <object_component id="oc-16c">
         <name>.debug_line</name>
         <load_address>0x30c</load_address>
         <run_address>0x30c</run_address>
         <size>0x63</size>
         <input_file_ref idref="fl-2"/>
      </object_component>
      <object_component id="oc-287">
         <name>.debug_line</name>
         <load_address>0x36f</load_address>
         <run_address>0x36f</run_address>
         <size>0x2f</size>
         <input_file_ref idref="fl-2"/>
      </object_component>
      <object_component id="oc-87">
         <name>.debug_line</name>
         <load_address>0x39e</load_address>
         <run_address>0x39e</run_address>
         <size>0x20</size>
         <input_file_ref idref="fl-2"/>
      </object_component>
      <object_component id="oc-140">
         <name>.debug_line</name>
         <load_address>0x3be</load_address>
         <run_address>0x3be</run_address>
         <size>0x64</size>
         <input_file_ref idref="fl-2"/>
      </object_component>
      <object_component id="oc-13b">
         <name>.debug_line</name>
         <load_address>0x422</load_address>
         <run_address>0x422</run_address>
         <size>0x53</size>
         <input_file_ref idref="fl-2"/>
      </object_component>
      <object_component id="oc-1ee">
         <name>.debug_line</name>
         <load_address>0x475</load_address>
         <run_address>0x475</run_address>
         <size>0x1c8</size>
         <input_file_ref idref="fl-3"/>
      </object_component>
      <object_component id="oc-b1">
         <name>.debug_line</name>
         <load_address>0x63d</load_address>
         <run_address>0x63d</run_address>
         <size>0xe4</size>
         <input_file_ref idref="fl-3"/>
      </object_component>
      <object_component id="oc-136">
         <name>.debug_line</name>
         <load_address>0x721</load_address>
         <run_address>0x721</run_address>
         <size>0x5f</size>
         <input_file_ref idref="fl-3"/>
      </object_component>
      <object_component id="oc-277">
         <name>.debug_line</name>
         <load_address>0x780</load_address>
         <run_address>0x780</run_address>
         <size>0x55</size>
         <input_file_ref idref="fl-3"/>
      </object_component>
      <object_component id="oc-1a6">
         <name>.debug_line</name>
         <load_address>0x7d5</load_address>
         <run_address>0x7d5</run_address>
         <size>0x66</size>
         <input_file_ref idref="fl-3"/>
      </object_component>
      <object_component id="oc-103">
         <name>.debug_line</name>
         <load_address>0x83b</load_address>
         <run_address>0x83b</run_address>
         <size>0x4c</size>
         <input_file_ref idref="fl-4"/>
      </object_component>
      <object_component id="oc-83">
         <name>.debug_line</name>
         <load_address>0x887</load_address>
         <run_address>0x887</run_address>
         <size>0x61</size>
         <input_file_ref idref="fl-5"/>
      </object_component>
      <object_component id="oc-34">
         <name>.debug_line</name>
         <load_address>0x8e8</load_address>
         <run_address>0x8e8</run_address>
         <size>0x61</size>
         <input_file_ref idref="fl-5"/>
      </object_component>
      <object_component id="oc-32">
         <name>.debug_line</name>
         <load_address>0x949</load_address>
         <run_address>0x949</run_address>
         <size>0xd9</size>
         <input_file_ref idref="fl-5"/>
      </object_component>
      <object_component id="oc-25c">
         <name>.debug_line</name>
         <load_address>0xa22</load_address>
         <run_address>0xa22</run_address>
         <size>0x15b</size>
         <input_file_ref idref="fl-6"/>
      </object_component>
      <object_component id="oc-25a">
         <name>.debug_line</name>
         <load_address>0xb7d</load_address>
         <run_address>0xb7d</run_address>
         <size>0x5d</size>
         <input_file_ref idref="fl-6"/>
      </object_component>
      <object_component id="oc-e4">
         <name>.debug_line</name>
         <load_address>0xbda</load_address>
         <run_address>0xbda</run_address>
         <size>0x1d7</size>
         <input_file_ref idref="fl-6"/>
      </object_component>
      <object_component id="oc-1ab">
         <name>.debug_line</name>
         <load_address>0xdb1</load_address>
         <run_address>0xdb1</run_address>
         <size>0x66</size>
         <input_file_ref idref="fl-6"/>
      </object_component>
      <object_component id="oc-28">
         <name>.debug_line</name>
         <load_address>0xe17</load_address>
         <run_address>0xe17</run_address>
         <size>0x4d</size>
         <input_file_ref idref="fl-c2"/>
      </object_component>
      <object_component id="oc-90">
         <name>.debug_line</name>
         <load_address>0xe64</load_address>
         <run_address>0xe64</run_address>
         <size>0xa5</size>
         <input_file_ref idref="fl-c3"/>
      </object_component>
      <object_component id="oc-17">
         <name>.debug_line</name>
         <load_address>0xf09</load_address>
         <run_address>0xf09</run_address>
         <size>0x55</size>
         <input_file_ref idref="fl-c3"/>
      </object_component>
      <object_component id="oc-3f">
         <name>.debug_line</name>
         <load_address>0xf5e</load_address>
         <run_address>0xf5e</run_address>
         <size>0x3a</size>
         <input_file_ref idref="fl-c3"/>
      </object_component>
      <object_component id="oc-8d">
         <name>.debug_line</name>
         <load_address>0xf98</load_address>
         <run_address>0xf98</run_address>
         <size>0xa5</size>
         <input_file_ref idref="fl-c3"/>
      </object_component>
      <object_component id="oc-93">
         <name>.debug_line</name>
         <load_address>0x103d</load_address>
         <run_address>0x103d</run_address>
         <size>0xa5</size>
         <input_file_ref idref="fl-c4"/>
      </object_component>
      <object_component id="oc-45">
         <name>.debug_line</name>
         <load_address>0x10e2</load_address>
         <run_address>0x10e2</run_address>
         <size>0x98</size>
         <input_file_ref idref="fl-c4"/>
      </object_component>
      <object_component id="oc-1b">
         <name>.debug_line</name>
[...]
         <object_component_ref idref="oc-29"/>
      </symbol>
      <symbol id="sm-1a7">
         <name>__TI_decompress_none</name>
         <value>0x2000a591</value>
         <object_component_ref idref="oc-12"/>
      </symbol>
      <symbol id="sm-1cf">
         <name>__TI_decompress_rle24</name>
         <value>0x2000a5c5</value>
         <object_component_ref idref="oc-18"/>
      </symbol>
      <symbol id="sm-1f1">
         <name>C$$EXIT</name>
         <value>0x20009f69</value>
         <object_component_ref idref="oc-73"/>
      </symbol>
      <symbol id="sm-1f2">
         <name>abort</name>
         <value>0x20009f6d</value>
         <object_component_ref idref="oc-73"/>
      </symbol>
      <symbol id="sm-1f3">
         <name>exit</name>
         <value>0x20009f75</value>
         <object_component_ref idref="oc-73"/>
      </symbol>
      <symbol id="sm-1f4">
         <name>__TI_dtors_ptr</name>
         <value>0x2001788c</value>
         <object_component_ref idref="oc-b4"/>
      </symbol>
      <symbol id="sm-1f5">
         <name>__TI_cleanup_ptr</name>
         <value>0x20017888</value>
         <object_component_ref idref="oc-b4"/>
      </symbol>
      <symbol id="sm-1f6">
         <name>__TI_enable_exit_profile_output</name>
         <value>0x20017890</value>
         <object_component_ref idref="oc-b4"/>
      </symbol>
      <symbol id="sm-211">
         <name>memcpy</name>
         <value>0x20009865</value>
         <object_component_ref idref="oc-36"/>
      </symbol>
      <symbol id="sm-212">
         <name>__aeabi_memcpy</name>
         <value>0x20009865</value>
         <object_component_ref idref="oc-36"/>
      </symbol>
      <symbol id="sm-213">
         <name>__aeabi_memcpy8</name>
         <value>0x20009865</value>
         <object_component_ref idref="oc-36"/>
      </symbol>
      <symbol id="sm-214">
         <name>__aeabi_memcpy4</name>
         <value>0x20009865</value>
         <object_component_ref idref="oc-36"/>
      </symbol>
      <symbol id="sm-224">
         <name>memmove</name>
         <value>0x2000a3bd</value>
         <object_component_ref idref="oc-192"/>
      </symbol>
      <symbol id="sm-298">
         <name>_sys_memory</name>
         <value>0x20017000</value>
         <object_component_ref idref="oc-2a"/>
      </symbol>
      <symbol id="sm-299">
         <name>free</name>
         <value>0x20008a2f</value>
         <object_component_ref idref="oc-198"/>
      </symbol>
      <symbol id="sm-29a">
         <name>realloc</name>
         <value>0x20008af1</value>
         <object_component_ref idref="oc-198"/>
      </symbol>
      <symbol id="sm-29b">
         <name>memalign</name>
         <value>0x20008bfd</value>
         <object_component_ref idref="oc-198"/>
      </symbol>
      <symbol id="sm-29c">
         <name>calloc</name>
         <value>0x20008ce1</value>
         <object_component_ref idref="oc-198"/>
      </symbol>
      <symbol id="sm-29d">
         <name>malloc</name>
         <value>0x200089c7</value>
         <object_component_ref idref="oc-198"/>
      </symbol>
      <symbol id="sm-29e">
         <name>minit</name>
         <value>0x20008939</value>
         <object_component_ref idref="oc-198"/>
      </symbol>
      <symbol id="sm-2ad">
         <name>__aeabi_memset</name>
         <value>0x20009c2f</value>
         <object_component_ref idref="oc-4f"/>
      </symbol>
      <symbol id="sm-2ae">
         <name>memset</name>
         <value>0x20009c35</value>
         <object_component_ref idref="oc-4f"/>
      </symbol>
      <symbol id="sm-2af">
         <name>__aeabi_memset8</name>
         <value>0x20009c2f</value>
         <object_component_ref idref="oc-4f"/>
      </symbol>
      <symbol id="sm-2b0">
         <name>__aeabi_memset4</name>
         <value>0x20009c2f</value>
         <object_component_ref idref="oc-4f"/>
      </symbol>
      <symbol id="sm-2b1">
         <name>__aeabi_memclr8</name>
         <value>0x20009c2d</value>
         <object_component_ref idref="oc-4f"/>
      </symbol>
      <symbol id="sm-2b2">
         <name>__aeabi_memclr4</name>
         <value>0x20009c2d</value>
         <object_component_ref idref="oc-4f"/>
      </symbol>
      <symbol id="sm-2b3">
         <name>__aeabi_memclr</name>
         <value>0x20009c2d</value>
         <object_component_ref idref="oc-4f"/>
      </symbol>
      <symbol id="sm-2bd">
         <name>__mpu_init</name>
         <value>0x20006ed7</value>
         <object_component_ref idref="oc-5b"/>
      </symbol>
      <symbol id="sm-2c7">
         <name>_system_pre_init</name>
         <value>0x2000a5cb</value>
         <object_component_ref idref="oc-61"/>
      </symbol>
      <symbol id="sm-2cf">
         <name>main_func_sp</name>
         <value>0x200178ac</value>
         <object_component_ref idref="oc-79"/>
      </symbol>
      <symbol id="sm-2dd">
         <name>strlen</name>
         <value>0x2000a57d</value>
         <object_component_ref idref="oc-18c"/>
      </symbol>
      <symbol id="sm-2fe">
         <name>vsnprintf</name>
         <value>0x20009a1d</value>
         <object_component_ref idref="oc-17a"/>
      </symbol>
      <symbol id="sm-317">
         <name>_nop</name>
         <value>0x2000a577</value>
         <object_component_ref idref="oc-14b"/>
      </symbol>
      <symbol id="sm-318">
         <name>_lock</name>
         <value>0x200178a0</value>
         <object_component_ref idref="oc-b7"/>
      </symbol>
      <symbol id="sm-319">
         <name>_unlock</name>
         <value>0x200178a4</value>
         <object_component_ref idref="oc-b7"/>
      </symbol>
      <symbol id="sm-31a">
         <name>_register_lock</name>
         <value>0x2000a56f</value>
         <object_component_ref idref="oc-14b"/>
      </symbol>
      <symbol id="sm-31b">
         <name>_register_unlock</name>
         <value>0x2000a569</value>
         <object_component_ref idref="oc-14b"/>
      </symbol>
      <symbol id="sm-422">
         <name>__TI_printfi</name>
         <value>0x20007ccf</value>
         <object_component_ref idref="oc-23d"/>
      </symbol>
      <symbol id="sm-436">
         <name>_args_main</name>
         <value>0x2000a4e5</value>
         <object_component_ref idref="oc-6d"/>
      </symbol>
      <symbol id="sm-44c">
         <name>atoi</name>
         <value>0x20009fbd</value>
         <object_component_ref idref="oc-2d4"/>
      </symbol>
      <symbol id="sm-471">
         <name>__TI_auto_init</name>
         <value>0x20009d1d</value>
         <object_component_ref idref="oc-67"/>
      </symbol>
      <symbol id="sm-48b">
         <name>copy_in</name>
         <value>0x2000a009</value>
         <object_component_ref idref="oc-9e"/>
      </symbol>
      <symbol id="sm-496">
         <name>_ctypes_</name>
         <value>0x2000a5d0</value>
         <object_component_ref idref="oc-315"/>
      </symbol>
      <symbol id="sm-4ad">
         <name>__aeabi_dsub</name>
         <value>0x20009189</value>
         <object_component_ref idref="oc-2b7"/>
      </symbol>
      <symbol id="sm-4ae">
         <name>__aeabi_dadd</name>
         <value>0x20009193</value>
         <object_component_ref idref="oc-2b7"/>
      </symbol>
      <symbol id="sm-4d0">
         <name>__aeabi_cdcmpeq</name>
         <value>0x20009aa5</value>
         <object_component_ref idref="oc-293"/>
      </symbol>
      <symbol id="sm-4d1">
         <name>__aeabi_cdcmple</name>
         <value>0x20009aa5</value>
         <object_component_ref idref="oc-293"/>
      </symbol>
      <symbol id="sm-4d2">
         <name>__aeabi_cdrcmple</name>
         <value>0x20009b2b</value>
         <object_component_ref idref="oc-2a2"/>
      </symbol>
      <symbol id="sm-4e6">
         <name>__aeabi_ddiv</name>
         <value>0x200094b9</value>
         <object_component_ref idref="oc-29d"/>
      </symbol>
      <symbol id="sm-4f1">
         <name>__aeabi_dmul</name>
         <value>0x200095ef</value>
         <object_component_ref idref="oc-298"/>
      </symbol>
      <symbol id="sm-4fb">
         <name>__aeabi_d2iz</name>
         <value>0x2000a055</value>
         <object_component_ref idref="oc-2a7"/>
      </symbol>
      <symbol id="sm-505">
         <name>__aeabi_i2d</name>
         <value>0x2000a275</value>
         <object_component_ref idref="oc-2b2"/>
      </symbol>
      <symbol id="sm-514">
         <name>ltoa</name>
         <value>0x20009f11</value>
         <object_component_ref idref="oc-2ac"/>
      </symbol>
      <symbol id="sm-524">
         <name>memccpy</name>
         <value>0x2000a47b</value>
         <object_component_ref idref="oc-2ce"/>
      </symbol>
      <symbol id="sm-53d">
         <name>frexpl</name>
         <value>0x20009e5d</value>
         <object_component_ref idref="oc-2bc"/>
      </symbol>
      <symbol id="sm-53e">
         <name>frexp</name>
         <value>0x20009e5d</value>
         <object_component_ref idref="oc-2bc"/>
      </symbol>
      <symbol id="sm-55c">
         <name>scalbn</name>
         <value>0x200096ed</value>
         <object_component_ref idref="oc-2c2"/>
      </symbol>
      <symbol id="sm-55d">
         <name>scalbnl</name>
         <value>0x200096ed</value>
         <object_component_ref idref="oc-2c2"/>
      </symbol>
      <symbol id="sm-55e">
         <name>ldexpl</name>
         <value>0x200096ed</value>
         <object_component_ref idref="oc-2c2"/>
      </symbol>
      <symbol id="sm-55f">
         <name>ldexp</name>
         <value>0x200096ed</value>
         <object_component_ref idref="oc-2c2"/>
      </symbol>
      <symbol id="sm-569">
         <name>_system_post_cinit</name>
         <value>0x2000933f</value>
         <object_component_ref idref="oc-a4"/>
      </symbol>
      <symbol id="sm-579">
         <name>strchr</name>
         <value>0x2000a529</value>
         <object_component_ref idref="oc-2c8"/>
      </symbol>
      <symbol id="sm-595">
         <name>__aeabi_uldivmod</name>
         <value>0x20008f95</value>
         <object_component_ref idref="oc-28e"/>
      </symbol>
      <symbol id="sm-59d">
         <name>errno</name>
         <value>0x200178a8</value>
         <object_component_ref idref="oc-30c"/>
      </symbol>
      <symbol id="sm-5a7">
         <name>copysign</name>
         <value>0x2000a5b7</value>
         <object_component_ref idref="oc-306"/>
      </symbol>
      <symbol id="sm-5a8">
         <name>copysignl</name>
         <value>0x2000a5b7</value>
         <object_component_ref idref="oc-306"/>
      </symbol>
      <symbol id="sm-780">
         <name>f_getfree</name>
         <value>0x20006703</value>
         <object_component_ref idref="oc-da"/>
      </symbol>
      <symbol id="sm-781">
         <name>f_read</name>
         <value>0x20005d31</value>
         <object_component_ref idref="oc-da"/>
      </symbol>
      <symbol id="sm-782">
         <name>f_unlink</name>
         <value>0x20006989</value>
         <object_component_ref idref="oc-da"/>
      </symbol>
      <symbol id="sm-783">
         <name>f_closedir</name>
         <value>0x20006603</value>
         <object_component_ref idref="oc-da"/>
      </symbol>
      <symbol id="sm-784">
         <name>f_mkdir</name>
         <value>0x20006a8d</value>
         <object_component_ref idref="oc-da"/>
      </symbol>
      <symbol id="sm-785">
         <name>f_chmod</name>
         <value>0x20006c73</value>
         <object_component_ref idref="oc-da"/>
      </symbol>
      <symbol id="sm-786">
         <name>f_utime</name>
         <value>0x20006e53</value>
         <object_component_ref idref="oc-da"/>
      </symbol>
      <symbol id="sm-787">
         <name>f_sync</name>
         <value>0x200061fd</value>
         <object_component_ref idref="oc-da"/>
      </symbol>
      <symbol id="sm-788">
         <name>clust2sect</name>
         <value>0x200046b9</value>
         <object_component_ref idref="oc-da"/>
      </symbol>
      <symbol id="sm-789">
         <name>put_fat</name>
         <value>0x20004823</value>
         <object_component_ref idref="oc-da"/>
      </symbol>
      <symbol id="sm-78a">
         <name>f_write</name>
         <value>0x20005f6b</value>
         <object_component_ref idref="oc-da"/>
      </symbol>
      <symbol id="sm-78b">
         <name>f_opendir</name>
         <value>0x2000655b</value>
         <object_component_ref idref="oc-da"/>
      </symbol>
      <symbol id="sm-78c">
         <name>f_truncate</name>
         <value>0x20006861</value>
         <object_component_ref idref="oc-da"/>
      </symbol>
      <symbol id="sm-78d">
         <name>f_close</name>
         <value>0x200062f9</value>
         <object_component_ref idref="oc-da"/>
      </symbol>
      <symbol id="sm-78e">
         <name>f_rename</name>
         <value>0x20006d03</value>
         <object_component_ref idref="oc-da"/>
      </symbol>
      <symbol id="sm-78f">
         <name>f_open</name>
         <value>0x20005b15</value>
         <object_component_ref idref="oc-da"/>
      </symbol>
      <symbol id="sm-790">
         <name>f_lseek</name>
         <value>0x20006329</value>
         <object_component_ref idref="oc-da"/>
      </symbol>
      <symbol id="sm-791">
         <name>f_stat</name>
         <value>0x200066af</value>
         <object_component_ref idref="oc-da"/>
      </symbol>
      <symbol id="sm-792">
         <name>f_mount</name>
         <value>0x20005a97</value>
         <object_component_ref idref="oc-da"/>
      </symbol>
      <symbol id="sm-793">
         <name>f_readdir</name>
         <value>0x20006623</value>
         <object_component_ref idref="oc-da"/>
      </symbol>
      <symbol id="sm-794">
         <name>get_fat</name>
         <value>0x200046e9</value>
         <object_component_ref idref="oc-da"/>
      </symbol>
      <symbol id="sm-7c3">
         <name>IntVTableBaseSet</name>
         <value>0x2000a555</value>
         <object_component_ref idref="oc-e6"/>
      </symbol>
      <symbol id="sm-7c4">
         <name>IntEnable</name>
         <value>0x200097bd</value>
         <object_component_ref idref="oc-f2"/>
      </symbol>
      <symbol id="sm-7c5">
         <name>IntMasterEnable</name>
         <value>0x2000a5ad</value>
         <object_component_ref idref="oc-ec"/>
      </symbol>
      <symbol id="sm-805">
         <name>PinTypeUART</name>
         <value>0x2000a4b1</value>
         <object_component_ref idref="oc-1d2"/>
      </symbol>
      <symbol id="sm-806">
         <name>PinDirModeSet</name>
         <value>0x2000a199</value>
         <object_component_ref idref="oc-104"/>
      </symbol>
      <symbol id="sm-807">
         <name>PinTypeSDHost</name>
         <value>0x2000a497</value>
         <object_component_ref idref="oc-1d8"/>
      </symbol>
      <symbol id="sm-808">
         <name>PinConfigSet</name>
         <value>0x20009995</value>
         <object_component_ref idref="oc-10a"/>
      </symbol>
      <symbol id="sm-809">
         <name>PinModeSet</name>
         <value>0x2000a09d</value>
         <object_component_ref idref="oc-265"/>
      </symbol>
      <symbol id="sm-88f">
         <name>PRCMPeripheralReset</name>
         <value>0x20009eb9</value>
         <object_component_ref idref="oc-116"/>
      </symbol>
      <symbol id="sm-890">
         <name>PRCMPeripheralClkEnable</name>
         <value>0x2000a15d</value>
         <object_component_ref idref="oc-110"/>
      </symbol>
      <symbol id="sm-891">
         <name>PRCMPeripheralClockGet</name>
         <value>0x20009901</value>
         <object_component_ref idref="oc-122"/>
      </symbol>
      <symbol id="sm-892">
         <name>PRCMCC3200MCUInit</name>
         <value>0x20009341</value>
         <object_component_ref idref="oc-f8"/>
      </symbol>
      <symbol id="sm-893">
         <name>PRCMHIBRegWrite</name>
         <value>0x2000a513</value>
         <object_component_ref idref="oc-1c5"/>
      </symbol>
      <symbol id="sm-894">
         <name>PRCMSysResetCauseGet</name>
         <value>0x2000a2a5</value>
         <object_component_ref idref="oc-1b9"/>
      </symbol>
      <symbol id="sm-895">
         <name>PRCMPeripheralClkDisable</name>
         <value>0x2000a2fd</value>
         <object_component_ref idref="oc-1cb"/>
      </symbol>
      <symbol id="sm-896">
         <name>PRCMHIBRegRead</name>
         <value>0x2000a4fd</value>
         <object_component_ref idref="oc-1bf"/>
      </symbol>
      <symbol id="sm-900">
         <name>SDHostDataWrite</name>
         <value>0x2000a423</value>
         <object_component_ref idref="oc-225"/>
      </symbol>
      <symbol id="sm-901">
         <name>SDHostInit</name>
         <value>0x20009bb1</value>
         <object_component_ref idref="oc-11c"/>
      </symbol>
      <symbol id="sm-902">
         <name>SDHostBlockSizeSet</name>
         <value>0x2000a325</value>
         <object_component_ref idref="oc-210"/>
      </symbol>
      <symbol id="sm-903">
         <name>SDHostIntStatus</name>
         <value>0x2000a2d1</value>
         <object_component_ref idref="oc-1fe"/>
      </symbol>
      <symbol id="sm-904">
         <name>SDHostBlockCountSet</name>
         <value>0x2000a34d</value>
         <object_component_ref idref="oc-216"/>
      </symbol>
      <symbol id="sm-905">
         <name>SDHostSetExpClk</name>
         <value>0x20009df7</value>
         <object_component_ref idref="oc-128"/>
      </symbol>
      <symbol id="sm-906">
         <name>SDHostIntClear</name>
         <value>0x2000a375</value>
         <object_component_ref idref="oc-1f2"/>
      </symbol>
      <symbol id="sm-907">
         <name>SDHostCmdSend</name>
         <value>0x2000a11d</value>
         <object_component_ref idref="oc-1f8"/>
      </symbol>
      <symbol id="sm-908">
         <name>SDHostRespGet</name>
         <value>0x2000a211</value>
         <object_component_ref idref="oc-20a"/>
      </symbol>
      <symbol id="sm-909">
         <name>SDHostDataRead</name>
         <value>0x2000a403</value>
         <object_component_ref idref="oc-21c"/>
      </symbol>
      <symbol id="sm-90a">
         <name>SDHostCmdReset</name>
         <value>0x2000a3e1</value>
         <object_component_ref idref="oc-204"/>
      </symbol>
      <symbol id="sm-946">
         <name>UARTConfigSetExpClk</name>
         <value>0x20009ca7</value>
         <object_component_ref idref="oc-16e"/>
      </symbol>
      <symbol id="sm-947">
         <name>UARTDisable</name>
         <value>0x2000a245</value>
         <object_component_ref idref="oc-22f"/>
      </symbol>
      <symbol id="sm-948">
         <name>UARTCharsAvail</name>
         <value>0x2000a4cb</value>
         <object_component_ref idref="oc-180"/>
      </symbol>
      <symbol id="sm-949">
         <name>UARTCharGetNonBlocking</name>
         <value>0x2000a45f</value>
         <object_component_ref idref="oc-186"/>
      </symbol>
      <symbol id="sm-94a">
         <name>UARTCharPut</name>
         <value>0x2000a441</value>
         <object_component_ref idref="oc-174"/>
      </symbol>
      <symbol id="sm-94b">
         <name>UARTEnable</name>
         <value>0x2000a399</value>
         <object_component_ref idref="oc-235"/>
      </symbol>
      <symbol id="sm-94f">
         <name>UtilsDelay</name>
         <value>0x2000a5bf</value>
         <object_component_ref idref="oc-12e"/>
      </symbol>
      <symbol id="sm-959">
         <name>CPUcpsie</name>
         <value>0x2000a53f</value>
         <object_component_ref idref="oc-1ae"/>
      </symbol>
      <symbol id="sm-95b">
         <name>__TI_static_base__</name>
         <value>0x2000a898</value>
      </symbol>
      <symbol id="sm-95e">
         <name>SHT$$INIT_ARRAY$$Limit</name>
         <value>0x0</value>
      </symbol>
      <symbol id="sm-95f">
         <name>SHT$$INIT_ARRAY$$Base</name>
         <value>0x0</value>
      </symbol>
   </symbol_table>
   <title>Link successful</title>
</link_info>
